mode: set
github.com/bogdan-velscu/FORGE/cmd/forge/agent.go:24.54,32.17 6 0
github.com/bogdan-velscu/FORGE/cmd/forge/agent.go:32.17,34.4 1 0
github.com/bogdan-velscu/FORGE/cmd/forge/agent.go:36.3,37.63 2 0
github.com/bogdan-velscu/FORGE/cmd/forge/agent.go:37.63,39.4 1 0
github.com/bogdan-velscu/FORGE/cmd/forge/agent.go:41.3,41.24 1 0
github.com/bogdan-velscu/FORGE/cmd/forge/agent.go:41.24,43.4 1 0
github.com/bogdan-velscu/FORGE/cmd/forge/agent.go:44.3,44.13 1 0
github.com/bogdan-velscu/FORGE/cmd/forge/agent.go:54.54,63.17 7 0
github.com/bogdan-velscu/FORGE/cmd/forge/agent.go:63.17,65.4 1 0
github.com/bogdan-velscu/FORGE/cmd/forge/agent.go:67.3,68.45 2 0
github.com/bogdan-velscu/FORGE/cmd/forge/agent.go:78.54,87.17 7 0
github.com/bogdan-velscu/FORGE/cmd/forge/agent.go:87.17,89.4 1 0
github.com/bogdan-velscu/FORGE/cmd/forge/agent.go:91.3,92.61 2 0
github.com/bogdan-velscu/FORGE/cmd/forge/agent.go:92.61,94.4 1 0
github.com/bogdan-velscu/FORGE/cmd/forge/agent.go:96.3,96.24 1 0
github.com/bogdan-velscu/FORGE/cmd/forge/agent.go:96.24,98.4 1 0
github.com/bogdan-velscu/FORGE/cmd/forge/agent.go:99.3,99.13 1 0
github.com/bogdan-velscu/FORGE/cmd/forge/agent.go:103.13,108.2 3 1
github.com/bogdan-velscu/FORGE/cmd/forge/approval.go:50.54,56.17 5 0
github.com/bogdan-velscu/FORGE/cmd/forge/approval.go:56.17,58.4 1 0
github.com/bogdan-velscu/FORGE/cmd/forge/approval.go:61.3,61.18 1 0
github.com/bogdan-velscu/FORGE/cmd/forge/approval.go:61.18,63.32 2 0
github.com/bogdan-velscu/FORGE/cmd/forge/approval.go:63.32,64.30 1 0
github.com/bogdan-velscu/FORGE/cmd/forge/approval.go:64.30,66.6 1 0
github.com/bogdan-velscu/FORGE/cmd/forge/approval.go:68.4,68.24 1 0
github.com/bogdan-velscu/FORGE/cmd/forge/approval.go:72.3,72.19 1 0
github.com/bogdan-velscu/FORGE/cmd/forge/approval.go:72.19,74.32 2 0
github.com/bogdan-velscu/FORGE/cmd/forge/approval.go:74.32,75.27 1 0
github.com/bogdan-velscu/FORGE/cmd/forge/approval.go:75.27,77.6 1 0
github.com/bogdan-velscu/FORGE/cmd/forge/approval.go:79.4,79.24 1 0
github.com/bogdan-velscu/FORGE/cmd/forge/approval.go:82.3,83.62 2 0
github.com/bogdan-velscu/FORGE/cmd/forge/approval.go:83.62,85.4 1 0
github.com/bogdan-velscu/FORGE/cmd/forge/approval.go:87.3,87.24 1 0
github.com/bogdan-velscu/FORGE/cmd/forge/approval.go:87.24,89.4 1 0
github.com/bogdan-velscu/FORGE/cmd/forge/approval.go:90.3,90.13 1 0
github.com/bogdan-velscu/FORGE/cmd/forge/approval.go:100.54,105.17 4 0
github.com/bogdan-velscu/FORGE/cmd/forge/approval.go:105.17,107.4 1 0
github.com/bogdan-velscu/FORGE/cmd/forge/approval.go:109.3,110.28 2 0
github.com/bogdan-velscu/FORGE/cmd/forge/approval.go:110.28,111.37 1 0
github.com/bogdan-velscu/FORGE/cmd/forge/approval.go:111.37,113.10 2 0
github.com/bogdan-velscu/FORGE/cmd/forge/approval.go:117.3,117.22 1 0
github.com/bogdan-velscu/FORGE/cmd/forge/approval.go:117.22,119.4 1 0
github.com/bogdan-velscu/FORGE/cmd/forge/approval.go:121.3,122.44 2 0
github.com/bogdan-velscu/FORGE/cmd/forge/approval.go:132.54,139.26 6 0
github.com/bogdan-velscu/FORGE/cmd/forge/approval.go:139.26,141.4 1 0
github.com/bogdan-velscu/FORGE/cmd/forge/approval.go:143.3,144.13 2 0
github.com/bogdan-velscu/FORGE/cmd/forge/approval.go:144.13,146.4 1 0
github.com/bogdan-velscu/FORGE/cmd/forge/approval.go:149.3,150.17 2 0
github.com/bogdan-velscu/FORGE/cmd/forge/approval.go:150.17,152.4 1 0
github.com/bogdan-velscu/FORGE/cmd/forge/approval.go:154.3,155.28 2 0
github.com/bogdan-velscu/FORGE/cmd/forge/approval.go:155.28,156.37 1 0
github.com/bogdan-velscu/FORGE/cmd/forge/approval.go:156.37,157.41 1 0
github.com/bogdan-velscu/FORGE/cmd/forge/approval.go:157.41,159.6 1 0
github.com/bogdan-velscu/FORGE/cmd/forge/approval.go:160.5,167.10 8 0
github.com/bogdan-velscu/FORGE/cmd/forge/approval.go:171.3,171.13 1 0
github.com/bogdan-velscu/FORGE/cmd/forge/approval.go:171.13,194.4 7 0
github.com/bogdan-velscu/FORGE/cmd/forge/approval.go:197.3,197.50 1 0
github.com/bogdan-velscu/FORGE/cmd/forge/approval.go:197.50,199.4 1 0
github.com/bogdan-velscu/FORGE/cmd/forge/approval.go:201.3,202.23 2 0
github.com/bogdan-velscu/FORGE/cmd/forge/approval.go:202.23,203.32 1 0
github.com/bogdan-velscu/FORGE/cmd/forge/approval.go:203.32,204.27 1 0
github.com/bogdan-velscu/FORGE/cmd/forge/approval.go:204.27,206.6 1 0
github.com/bogdan-velscu/FORGE/cmd/forge/approval.go:210.3,210.28 1 0
github.com/bogdan-velscu/FORGE/cmd/forge/approval.go:210.28,212.4 1 0
github.com/bogdan-velscu/FORGE/cmd/forge/approval.go:212.9,214.20 2 0
github.com/bogdan-velscu/FORGE/cmd/forge/approval.go:214.20,216.5 1 0
github.com/bogdan-velscu/FORGE/cmd/forge/approval.go:218.3,218.13 1 0
github.com/bogdan-velscu/FORGE/cmd/forge/approval.go:223.51,228.57 2 0
github.com/bogdan-velscu/FORGE/cmd/forge/approval.go:228.57,231.3 1 0
github.com/bogdan-velscu/FORGE/cmd/forge/approval.go:234.2,235.16 2 0
github.com/bogdan-velscu/FORGE/cmd/forge/approval.go:235.16,237.3 1 0
github.com/bogdan-velscu/FORGE/cmd/forge/approval.go:239.2,240.32 2 0
github.com/bogdan-velscu/FORGE/cmd/forge/approval.go:240.32,241.53 1 0
github.com/bogdan-velscu/FORGE/cmd/forge/approval.go:241.53,242.12 1 0
github.com/bogdan-velscu/FORGE/cmd/forge/approval.go:245.3,246.17 2 0
github.com/bogdan-velscu/FORGE/cmd/forge/approval.go:246.17,247.12 1 0
github.com/bogdan-velscu/FORGE/cmd/forge/approval.go:252.3,252.11 1 0
github.com/bogdan-velscu/FORGE/cmd/forge/approval.go:255.2,255.25 1 0
github.com/bogdan-velscu/FORGE/cmd/forge/approval.go:255.25,257.3 1 0
github.com/bogdan-velscu/FORGE/cmd/forge/approval.go:259.2,259.23 1 0
github.com/bogdan-velscu/FORGE/cmd/forge/approval.go:263.57,268.2 2 0
github.com/bogdan-velscu/FORGE/cmd/forge/approval.go:271.45,323.2 1 0
github.com/bogdan-velscu/FORGE/cmd/forge/approval.go:325.13,339.2 8 1
github.com/bogdan-velscu/FORGE/cmd/forge/config.go:28.54,32.21 2 0
github.com/bogdan-velscu/FORGE/cmd/forge/config.go:32.21,35.19 3 0
github.com/bogdan-velscu/FORGE/cmd/forge/config.go:35.19,39.5 2 0
github.com/bogdan-velscu/FORGE/cmd/forge/config.go:41.4,42.24 2 0
github.com/bogdan-velscu/FORGE/cmd/forge/config.go:42.24,44.5 1 0
github.com/bogdan-velscu/FORGE/cmd/forge/config.go:45.4,46.14 2 0
github.com/bogdan-velscu/FORGE/cmd/forge/config.go:50.3,55.17 5 0
github.com/bogdan-velscu/FORGE/cmd/forge/config.go:55.17,63.27 2 0
github.com/bogdan-velscu/FORGE/cmd/forge/config.go:63.27,65.5 1 0
github.com/bogdan-velscu/FORGE/cmd/forge/config.go:66.4,66.27 1 0
github.com/bogdan-velscu/FORGE/cmd/forge/config.go:66.27,68.5 1 0
github.com/bogdan-velscu/FORGE/cmd/forge/config.go:69.4,69.27 1 0
github.com/bogdan-velscu/FORGE/cmd/forge/config.go:69.27,71.5 1 0
github.com/bogdan-velscu/FORGE/cmd/forge/config.go:72.4,72.27 1 0
github.com/bogdan-velscu/FORGE/cmd/forge/config.go:72.27,74.5 1 0
github.com/bogdan-velscu/FORGE/cmd/forge/config.go:77.3,78.40 2 0
github.com/bogdan-velscu/FORGE/cmd/forge/config.go:88.54,98.23 6 0
github.com/bogdan-velscu/FORGE/cmd/forge/config.go:98.23,101.23 2 0
github.com/bogdan-velscu/FORGE/cmd/forge/config.go:101.23,103.5 1 0
github.com/bogdan-velscu/FORGE/cmd/forge/config.go:104.4,104.65 1 0
github.com/bogdan-velscu/FORGE/cmd/forge/config.go:108.3,109.54 2 0
github.com/bogdan-velscu/FORGE/cmd/forge/config.go:109.54,111.4 1 0
github.com/bogdan-velscu/FORGE/cmd/forge/config.go:114.3,114.57 1 0
github.com/bogdan-velscu/FORGE/cmd/forge/config.go:114.57,116.4 1 0
github.com/bogdan-velscu/FORGE/cmd/forge/config.go:118.3,119.44 2 0
github.com/bogdan-velscu/FORGE/cmd/forge/config.go:119.44,121.4 1 0
github.com/bogdan-velscu/FORGE/cmd/forge/config.go:122.3,122.13 1 0
github.com/bogdan-velscu/FORGE/cmd/forge/config.go:131.54,148.26 3 0
github.com/bogdan-velscu/FORGE/cmd/forge/config.go:148.26,150.4 1 0
github.com/bogdan-velscu/FORGE/cmd/forge/config.go:152.3,153.40 2 0
github.com/bogdan-velscu/FORGE/cmd/forge/config.go:157.13,162.2 3 1
github.com/bogdan-velscu/FORGE/cmd/forge/context.go:25.54,35.17 8 0
github.com/bogdan-velscu/FORGE/cmd/forge/context.go:35.17,37.4 1 0
github.com/bogdan-velscu/FORGE/cmd/forge/context.go:39.3,40.67 2 0
github.com/bogdan-velscu/FORGE/cmd/forge/context.go:40.67,42.4 1 0
github.com/bogdan-velscu/FORGE/cmd/forge/context.go:44.3,44.24 1 0
github.com/bogdan-velscu/FORGE/cmd/forge/context.go:44.24,46.4 1 0
github.com/bogdan-velscu/FORGE/cmd/forge/context.go:47.3,47.13 1 0
github.com/bogdan-velscu/FORGE/cmd/forge/context.go:57.54,66.17 7 0
github.com/bogdan-velscu/FORGE/cmd/forge/context.go:66.17,68.4 1 0
github.com/bogdan-velscu/FORGE/cmd/forge/context.go:70.3,71.42 2 0
github.com/bogdan-velscu/FORGE/cmd/forge/context.go:80.54,89.32 8 0
github.com/bogdan-velscu/FORGE/cmd/forge/context.go:89.32,91.4 1 0
github.com/bogdan-velscu/FORGE/cmd/forge/context.go:93.3,93.17 1 0
github.com/bogdan-velscu/FORGE/cmd/forge/context.go:93.17,95.18 2 0
github.com/bogdan-velscu/FORGE/cmd/forge/context.go:95.18,97.5 1 0
github.com/bogdan-velscu/FORGE/cmd/forge/context.go:98.4,98.26 1 0
github.com/bogdan-velscu/FORGE/cmd/forge/context.go:101.3,101.20 1 0
github.com/bogdan-velscu/FORGE/cmd/forge/context.go:101.20,103.4 1 0
github.com/bogdan-velscu/FORGE/cmd/forge/context.go:105.3,118.17 6 0
github.com/bogdan-velscu/FORGE/cmd/forge/context.go:118.17,120.4 1 0
github.com/bogdan-velscu/FORGE/cmd/forge/context.go:122.3,123.23 2 0
github.com/bogdan-velscu/FORGE/cmd/forge/context.go:123.23,125.4 1 0
github.com/bogdan-velscu/FORGE/cmd/forge/context.go:126.3,127.13 2 0
github.com/bogdan-velscu/FORGE/cmd/forge/context.go:136.54,141.33 4 0
github.com/bogdan-velscu/FORGE/cmd/forge/context.go:141.33,143.4 1 0
github.com/bogdan-velscu/FORGE/cmd/forge/context.go:145.3,146.17 2 0
github.com/bogdan-velscu/FORGE/cmd/forge/context.go:146.17,148.4 1 0
github.com/bogdan-velscu/FORGE/cmd/forge/context.go:150.3,167.17 7 0
github.com/bogdan-velscu/FORGE/cmd/forge/context.go:167.17,169.4 1 0
github.com/bogdan-velscu/FORGE/cmd/forge/context.go:171.3,172.23 2 0
github.com/bogdan-velscu/FORGE/cmd/forge/context.go:172.23,174.4 1 0
github.com/bogdan-velscu/FORGE/cmd/forge/context.go:175.3,176.13 2 0
github.com/bogdan-velscu/FORGE/cmd/forge/context.go:180.13,202.2 14 1
github.com/bogdan-velscu/FORGE/cmd/forge/control_plane.go:23.13,28.2 4 1
github.com/bogdan-velscu/FORGE/cmd/forge/control_plane.go:34.54,38.17 3 0
github.com/bogdan-velscu/FORGE/cmd/forge/control_plane.go:38.17,40.4 1 0
github.com/bogdan-velscu/FORGE/cmd/forge/control_plane.go:42.3,46.30 3 0
github.com/bogdan-velscu/FORGE/cmd/forge/control_plane.go:46.30,48.4 1 0
github.com/bogdan-velscu/FORGE/cmd/forge/control_plane.go:51.3,52.31 2 0
github.com/bogdan-velscu/FORGE/cmd/forge/control_plane.go:52.31,54.23 2 0
github.com/bogdan-velscu/FORGE/cmd/forge/control_plane.go:54.23,56.5 1 0
github.com/bogdan-velscu/FORGE/cmd/forge/control_plane.go:57.4,57.23 1 0
github.com/bogdan-velscu/FORGE/cmd/forge/control_plane.go:57.23,59.5 1 0
github.com/bogdan-velscu/FORGE/cmd/forge/control_plane.go:62.3,70.28 2 0
github.com/bogdan-velscu/FORGE/cmd/forge/control_plane.go:70.28,71.49 1 0
github.com/bogdan-velscu/FORGE/cmd/forge/control_plane.go:71.49,73.5 1 0
github.com/bogdan-velscu/FORGE/cmd/forge/control_plane.go:77.3,77.17 1 0
github.com/bogdan-velscu/FORGE/cmd/forge/control_plane.go:77.17,79.4 1 0
github.com/bogdan-velscu/FORGE/cmd/forge/control_plane.go:82.3,82.13 1 0
github.com/bogdan-velscu/FORGE/cmd/forge/control_plane.go:82.13,84.4 1 0
github.com/bogdan-velscu/FORGE/cmd/forge/control_plane.go:87.3,87.47 1 0
github.com/bogdan-velscu/FORGE/cmd/forge/control_plane.go:95.54,96.31 1 0
github.com/bogdan-velscu/FORGE/cmd/forge/control_plane.go:96.31,99.4 2 0
github.com/bogdan-velscu/FORGE/cmd/forge/control_plane.go:101.3,106.17 4 0
github.com/bogdan-velscu/FORGE/cmd/forge/control_plane.go:106.17,108.77 2 0
github.com/bogdan-velscu/FORGE/cmd/forge/control_plane.go:108.77,109.62 1 0
github.com/bogdan-velscu/FORGE/cmd/forge/control_plane.go:109.62,112.6 1 0
github.com/bogdan-velscu/FORGE/cmd/forge/control_plane.go:117.3,120.13 3 0
github.com/bogdan-velscu/FORGE/cmd/forge/control_plane.go:128.47,129.30 1 0
github.com/bogdan-velscu/FORGE/cmd/forge/control_plane.go:129.30,131.18 2 0
github.com/bogdan-velscu/FORGE/cmd/forge/control_plane.go:131.18,134.5 2 0
github.com/bogdan-velscu/FORGE/cmd/forge/control_plane.go:135.9,137.4 1 0
github.com/bogdan-velscu/FORGE/cmd/forge/control_plane.go:145.54,151.53 4 0
github.com/bogdan-velscu/FORGE/cmd/forge/control_plane.go:151.53,153.4 1 0
github.com/bogdan-velscu/FORGE/cmd/forge/control_plane.go:155.3,156.13 2 0
github.com/bogdan-velscu/FORGE/cmd/forge/control_plane.go:156.13,158.4 1 0
github.com/bogdan-velscu/FORGE/cmd/forge/control_plane.go:159.3,159.15 1 0
github.com/bogdan-velscu/FORGE/cmd/forge/control_plane.go:159.15,161.4 1 0
github.com/bogdan-velscu/FORGE/cmd/forge/control_plane.go:162.3,167.23 5 0
github.com/bogdan-velscu/FORGE/cmd/forge/control_plane.go:171.13,177.2 4 1
github.com/bogdan-velscu/FORGE/cmd/forge/control_plane.go:179.35,182.16 3 0
github.com/bogdan-velscu/FORGE/cmd/forge/control_plane.go:182.16,184.3 1 0
github.com/bogdan-velscu/FORGE/cmd/forge/control_plane.go:186.2,187.76 2 0
github.com/bogdan-velscu/FORGE/cmd/forge/control_plane.go:187.76,189.3 1 0
github.com/bogdan-velscu/FORGE/cmd/forge/control_plane.go:192.2,192.36 1 0
github.com/bogdan-velscu/FORGE/cmd/forge/control_plane.go:195.26,197.21 2 0
github.com/bogdan-velscu/FORGE/cmd/forge/control_plane.go:197.21,199.3 1 0
github.com/bogdan-velscu/FORGE/cmd/forge/control_plane.go:200.2,200.21 1 0
github.com/bogdan-velscu/FORGE/cmd/forge/control_plane.go:200.21,202.3 1 0
github.com/bogdan-velscu/FORGE/cmd/forge/control_plane.go:203.2,203.64 1 0
github.com/bogdan-velscu/FORGE/cmd/forge/control_plane.go:206.26,208.21 2 0
github.com/bogdan-velscu/FORGE/cmd/forge/control_plane.go:208.21,210.3 1 0
github.com/bogdan-velscu/FORGE/cmd/forge/control_plane.go:211.2,211.21 1 0
github.com/bogdan-velscu/FORGE/cmd/forge/control_plane.go:211.21,213.3 1 0
github.com/bogdan-velscu/FORGE/cmd/forge/control_plane.go:214.2,214.72 1 0
github.com/bogdan-velscu/FORGE/cmd/forge/control_plane.go:217.49,227.2 5 0
github.com/bogdan-velscu/FORGE/cmd/forge/control_plane.go:229.50,237.12 5 0
github.com/bogdan-velscu/FORGE/cmd/forge/control_plane.go:237.12,241.3 3 0
github.com/bogdan-velscu/FORGE/cmd/forge/control_plane.go:243.2,243.29 1 0
github.com/bogdan-velscu/FORGE/cmd/forge/control_plane.go:246.42,248.65 2 0
github.com/bogdan-velscu/FORGE/cmd/forge/control_plane.go:248.65,250.3 1 0
github.com/bogdan-velscu/FORGE/cmd/forge/control_plane.go:252.2,253.16 2 0
github.com/bogdan-velscu/FORGE/cmd/forge/control_plane.go:253.16,255.3 1 0
github.com/bogdan-velscu/FORGE/cmd/forge/control_plane.go:256.2,260.16 3 0
github.com/bogdan-velscu/FORGE/cmd/forge/control_plane.go:260.16,262.3 1 0
github.com/bogdan-velscu/FORGE/cmd/forge/control_plane.go:264.2,271.36 5 0
github.com/bogdan-velscu/FORGE/cmd/forge/control_plane.go:271.36,273.3 1 0
github.com/bogdan-velscu/FORGE/cmd/forge/control_plane.go:276.2,277.96 2 0
github.com/bogdan-velscu/FORGE/cmd/forge/control_plane.go:277.96,280.3 2 0
github.com/bogdan-velscu/FORGE/cmd/forge/control_plane.go:282.2,286.12 3 0
github.com/bogdan-velscu/FORGE/cmd/forge/control_plane.go:286.12,289.3 2 0
github.com/bogdan-velscu/FORGE/cmd/forge/control_plane.go:292.2,293.12 2 0
github.com/bogdan-velscu/FORGE/cmd/forge/daemon.go:29.54,39.17 7 0
github.com/bogdan-velscu/FORGE/cmd/forge/daemon.go:39.17,43.4 3 0
github.com/bogdan-velscu/FORGE/cmd/forge/daemon.go:45.3,45.17 1 0
github.com/bogdan-velscu/FORGE/cmd/forge/daemon.go:45.17,53.24 5 0
github.com/bogdan-velscu/FORGE/cmd/forge/daemon.go:53.24,55.5 1 0
github.com/bogdan-velscu/FORGE/cmd/forge/daemon.go:57.4,60.24 4 0
github.com/bogdan-velscu/FORGE/cmd/forge/daemon.go:64.3,65.23 2 0
github.com/bogdan-velscu/FORGE/cmd/forge/daemon.go:65.23,67.4 1 0
github.com/bogdan-velscu/FORGE/cmd/forge/daemon.go:69.3,70.41 2 0
github.com/bogdan-velscu/FORGE/cmd/forge/daemon.go:70.41,72.4 1 0
github.com/bogdan-velscu/FORGE/cmd/forge/daemon.go:75.3,81.17 6 0
github.com/bogdan-velscu/FORGE/cmd/forge/daemon.go:81.17,84.4 2 0
github.com/bogdan-velscu/FORGE/cmd/forge/daemon.go:86.3,86.44 1 0
github.com/bogdan-velscu/FORGE/cmd/forge/daemon.go:86.44,88.4 1 0
github.com/bogdan-velscu/FORGE/cmd/forge/daemon.go:89.3,89.13 1 0
github.com/bogdan-velscu/FORGE/cmd/forge/daemon.go:98.54,104.23 4 0
github.com/bogdan-velscu/FORGE/cmd/forge/daemon.go:105.26,106.37 1 0
github.com/bogdan-velscu/FORGE/cmd/forge/daemon.go:107.18,108.38 1 0
github.com/bogdan-velscu/FORGE/cmd/forge/daemon.go:111.3,112.32 2 0
github.com/bogdan-velscu/FORGE/cmd/forge/daemon.go:112.32,114.4 1 0
github.com/bogdan-velscu/FORGE/cmd/forge/daemon.go:114.9,115.13 1 0
github.com/bogdan-velscu/FORGE/cmd/forge/daemon.go:115.13,117.5 1 0
github.com/bogdan-velscu/FORGE/cmd/forge/daemon.go:117.10,119.5 1 0
github.com/bogdan-velscu/FORGE/cmd/forge/daemon.go:122.3,122.39 1 0
github.com/bogdan-velscu/FORGE/cmd/forge/daemon.go:122.39,129.19 5 0
github.com/bogdan-velscu/FORGE/cmd/forge/daemon.go:129.19,132.46 2 0
github.com/bogdan-velscu/FORGE/cmd/forge/daemon.go:132.46,134.6 1 0
github.com/bogdan-velscu/FORGE/cmd/forge/daemon.go:135.5,135.15 1 0
github.com/bogdan-velscu/FORGE/cmd/forge/daemon.go:137.4,137.55 1 0
github.com/bogdan-velscu/FORGE/cmd/forge/daemon.go:140.3,141.44 2 0
github.com/bogdan-velscu/FORGE/cmd/forge/daemon.go:141.44,143.4 1 0
github.com/bogdan-velscu/FORGE/cmd/forge/daemon.go:144.3,144.13 1 0
github.com/bogdan-velscu/FORGE/cmd/forge/daemon.go:153.54,163.17 7 0
github.com/bogdan-velscu/FORGE/cmd/forge/daemon.go:163.17,164.24 1 0
github.com/bogdan-velscu/FORGE/cmd/forge/daemon.go:164.24,170.5 1 0
github.com/bogdan-velscu/FORGE/cmd/forge/daemon.go:171.4,171.25 1 0
github.com/bogdan-velscu/FORGE/cmd/forge/daemon.go:171.25,173.5 1 0
github.com/bogdan-velscu/FORGE/cmd/forge/daemon.go:174.4,176.14 3 0
github.com/bogdan-velscu/FORGE/cmd/forge/daemon.go:179.3,179.23 1 0
github.com/bogdan-velscu/FORGE/cmd/forge/daemon.go:179.23,181.4 1 0
github.com/bogdan-velscu/FORGE/cmd/forge/daemon.go:183.3,183.24 1 0
github.com/bogdan-velscu/FORGE/cmd/forge/daemon.go:183.24,185.4 1 0
github.com/bogdan-velscu/FORGE/cmd/forge/daemon.go:187.3,190.26 4 0
github.com/bogdan-velscu/FORGE/cmd/forge/daemon.go:190.26,192.4 1 0
github.com/bogdan-velscu/FORGE/cmd/forge/daemon.go:193.3,194.13 2 0
github.com/bogdan-velscu/FORGE/cmd/forge/daemon.go:199.32,201.56 1 0
github.com/bogdan-velscu/FORGE/cmd/forge/daemon.go:201.56,202.42 1 0
github.com/bogdan-velscu/FORGE/cmd/forge/daemon.go:202.42,204.4 1 0
github.com/bogdan-velscu/FORGE/cmd/forge/daemon.go:208.2,218.31 2 0
github.com/bogdan-velscu/FORGE/cmd/forge/daemon.go:218.31,219.32 1 0
github.com/bogdan-velscu/FORGE/cmd/forge/daemon.go:219.32,221.4 1 0
github.com/bogdan-velscu/FORGE/cmd/forge/daemon.go:225.2,226.21 2 0
github.com/bogdan-velscu/FORGE/cmd/forge/daemon.go:226.21,229.32 2 0
github.com/bogdan-velscu/FORGE/cmd/forge/daemon.go:229.32,230.67 1 0
github.com/bogdan-velscu/FORGE/cmd/forge/daemon.go:230.67,232.10 2 0
github.com/bogdan-velscu/FORGE/cmd/forge/daemon.go:234.4,235.21 2 0
github.com/bogdan-velscu/FORGE/cmd/forge/daemon.go:235.21,236.10 1 0
github.com/bogdan-velscu/FORGE/cmd/forge/daemon.go:238.4,238.16 1 0
github.com/bogdan-velscu/FORGE/cmd/forge/daemon.go:242.2,242.39 1 0
github.com/bogdan-velscu/FORGE/cmd/forge/daemon.go:242.39,244.22 2 0
github.com/bogdan-velscu/FORGE/cmd/forge/daemon.go:244.22,246.4 1 0
github.com/bogdan-velscu/FORGE/cmd/forge/daemon.go:248.3,248.30 1 0
github.com/bogdan-velscu/FORGE/cmd/forge/daemon.go:248.30,250.43 1 0
github.com/bogdan-velscu/FORGE/cmd/forge/daemon.go:250.43,253.5 2 0
github.com/bogdan-velscu/FORGE/cmd/forge/daemon.go:256.4,256.62 1 0
github.com/bogdan-velscu/FORGE/cmd/forge/daemon.go:256.62,258.48 2 0
github.com/bogdan-velscu/FORGE/cmd/forge/daemon.go:258.48,260.6 1 0
github.com/bogdan-velscu/FORGE/cmd/forge/daemon.go:266.2,266.31 1 0
github.com/bogdan-velscu/FORGE/cmd/forge/daemon.go:266.31,267.61 1 0
github.com/bogdan-velscu/FORGE/cmd/forge/daemon.go:267.61,269.4 1 0
github.com/bogdan-velscu/FORGE/cmd/forge/daemon.go:270.8,271.57 1 0
github.com/bogdan-velscu/FORGE/cmd/forge/daemon.go:271.57,273.4 1 0
github.com/bogdan-velscu/FORGE/cmd/forge/daemon.go:276.2,276.11 1 0
github.com/bogdan-velscu/FORGE/cmd/forge/daemon.go:279.13,290.2 5 1
github.com/bogdan-velscu/FORGE/cmd/forge/domain.go:44.54,49.17 4 0
github.com/bogdan-velscu/FORGE/cmd/forge/domain.go:49.17,51.4 1 0
github.com/bogdan-velscu/FORGE/cmd/forge/domain.go:54.3,54.17 1 0
github.com/bogdan-velscu/FORGE/cmd/forge/domain.go:54.17,56.30 2 0
github.com/bogdan-velscu/FORGE/cmd/forge/domain.go:56.30,57.17 1 0
github.com/bogdan-velscu/FORGE/cmd/forge/domain.go:57.17,59.6 1 0
github.com/bogdan-velscu/FORGE/cmd/forge/domain.go:61.4,61.22 1 0
github.com/bogdan-velscu/FORGE/cmd/forge/domain.go:64.3,65.58 2 0
github.com/bogdan-velscu/FORGE/cmd/forge/domain.go:65.58,67.4 1 0
github.com/bogdan-velscu/FORGE/cmd/forge/domain.go:69.3,69.24 1 0
github.com/bogdan-velscu/FORGE/cmd/forge/domain.go:69.24,71.4 1 0
github.com/bogdan-velscu/FORGE/cmd/forge/domain.go:72.3,72.13 1 0
github.com/bogdan-velscu/FORGE/cmd/forge/domain.go:82.54,87.17 4 0
github.com/bogdan-velscu/FORGE/cmd/forge/domain.go:87.17,89.4 1 0
github.com/bogdan-velscu/FORGE/cmd/forge/domain.go:91.3,92.29 2 0
github.com/bogdan-velscu/FORGE/cmd/forge/domain.go:92.29,93.26 1 0
github.com/bogdan-velscu/FORGE/cmd/forge/domain.go:93.26,95.10 2 0
github.com/bogdan-velscu/FORGE/cmd/forge/domain.go:99.3,99.20 1 0
github.com/bogdan-velscu/FORGE/cmd/forge/domain.go:99.20,101.4 1 0
github.com/bogdan-velscu/FORGE/cmd/forge/domain.go:103.3,104.46 2 0
github.com/bogdan-velscu/FORGE/cmd/forge/domain.go:113.54,118.16 4 0
github.com/bogdan-velscu/FORGE/cmd/forge/domain.go:118.16,120.4 1 0
github.com/bogdan-velscu/FORGE/cmd/forge/domain.go:121.3,121.17 1 0
github.com/bogdan-velscu/FORGE/cmd/forge/domain.go:121.17,123.4 1 0
github.com/bogdan-velscu/FORGE/cmd/forge/domain.go:126.3,133.23 3 0
github.com/bogdan-velscu/FORGE/cmd/forge/domain.go:133.23,135.4 1 0
github.com/bogdan-velscu/FORGE/cmd/forge/domain.go:136.3,138.13 3 0
github.com/bogdan-velscu/FORGE/cmd/forge/domain.go:148.47,161.32 5 0
github.com/bogdan-velscu/FORGE/cmd/forge/domain.go:161.32,163.17 2 0
github.com/bogdan-velscu/FORGE/cmd/forge/domain.go:163.17,164.9 1 0
github.com/bogdan-velscu/FORGE/cmd/forge/domain.go:166.3,166.16 1 0
github.com/bogdan-velscu/FORGE/cmd/forge/domain.go:169.2,169.17 1 0
github.com/bogdan-velscu/FORGE/cmd/forge/domain.go:169.17,171.3 1 0
github.com/bogdan-velscu/FORGE/cmd/forge/domain.go:173.2,174.56 2 0
github.com/bogdan-velscu/FORGE/cmd/forge/domain.go:174.56,176.3 1 0
github.com/bogdan-velscu/FORGE/cmd/forge/domain.go:179.2,180.44 2 0
github.com/bogdan-velscu/FORGE/cmd/forge/domain.go:180.44,183.3 2 0
github.com/bogdan-velscu/FORGE/cmd/forge/domain.go:185.2,185.21 1 0
github.com/bogdan-velscu/FORGE/cmd/forge/domain.go:188.13,200.2 6 1
github.com/bogdan-velscu/FORGE/cmd/forge/lane.go:24.54,32.17 6 0
github.com/bogdan-velscu/FORGE/cmd/forge/lane.go:32.17,34.4 1 0
github.com/bogdan-velscu/FORGE/cmd/forge/lane.go:36.3,37.61 2 0
github.com/bogdan-velscu/FORGE/cmd/forge/lane.go:37.61,39.4 1 0
github.com/bogdan-velscu/FORGE/cmd/forge/lane.go:41.3,41.24 1 0
github.com/bogdan-velscu/FORGE/cmd/forge/lane.go:41.24,43.4 1 0
github.com/bogdan-velscu/FORGE/cmd/forge/lane.go:44.3,44.13 1 0
github.com/bogdan-velscu/FORGE/cmd/forge/lane.go:54.54,63.17 7 0
github.com/bogdan-velscu/FORGE/cmd/forge/lane.go:63.17,65.4 1 0
github.com/bogdan-velscu/FORGE/cmd/forge/lane.go:67.3,68.36 2 0
github.com/bogdan-velscu/FORGE/cmd/forge/lane.go:76.54,78.3 1 0
github.com/bogdan-velscu/FORGE/cmd/forge/lane.go:86.54,101.62 9 0
github.com/bogdan-velscu/FORGE/cmd/forge/lane.go:101.62,103.4 1 0
github.com/bogdan-velscu/FORGE/cmd/forge/lane.go:105.3,107.13 3 0
github.com/bogdan-velscu/FORGE/cmd/forge/lane.go:111.13,121.2 6 1
github.com/bogdan-velscu/FORGE/cmd/forge/main.go:44.13,45.42 1 0
github.com/bogdan-velscu/FORGE/cmd/forge/main.go:45.42,48.3 2 0
github.com/bogdan-velscu/FORGE/cmd/forge/main.go:51.13,81.2 22 1
github.com/bogdan-velscu/FORGE/cmd/forge/main.go:83.19,85.19 1 1
github.com/bogdan-velscu/FORGE/cmd/forge/main.go:85.19,87.22 2 1
github.com/bogdan-velscu/FORGE/cmd/forge/main.go:87.22,90.4 1 0
github.com/bogdan-velscu/FORGE/cmd/forge/main.go:91.3,91.22 1 1
github.com/bogdan-velscu/FORGE/cmd/forge/main.go:91.22,93.4 1 1
github.com/bogdan-velscu/FORGE/cmd/forge/main.go:96.2,96.19 1 1
github.com/bogdan-velscu/FORGE/cmd/forge/main.go:96.19,98.3 1 1
github.com/bogdan-velscu/FORGE/cmd/forge/main.go:98.8,103.3 4 0
github.com/bogdan-velscu/FORGE/cmd/forge/main.go:105.2,119.45 11 1
github.com/bogdan-velscu/FORGE/cmd/forge/main.go:119.45,120.56 1 0
github.com/bogdan-velscu/FORGE/cmd/forge/main.go:120.56,122.4 1 0
github.com/bogdan-velscu/FORGE/cmd/forge/main.go:126.2,127.45 2 1
github.com/bogdan-velscu/FORGE/cmd/forge/main.go:127.45,129.3 1 0
github.com/bogdan-velscu/FORGE/cmd/forge/main.go:133.29,135.16 2 1
github.com/bogdan-velscu/FORGE/cmd/forge/main.go:135.16,137.3 1 0
github.com/bogdan-velscu/FORGE/cmd/forge/main.go:139.2,139.6 1 1
github.com/bogdan-velscu/FORGE/cmd/forge/main.go:139.6,141.65 2 1
github.com/bogdan-velscu/FORGE/cmd/forge/main.go:141.65,143.4 1 0
github.com/bogdan-velscu/FORGE/cmd/forge/main.go:145.3,146.20 2 1
github.com/bogdan-velscu/FORGE/cmd/forge/main.go:146.20,147.9 1 1
github.com/bogdan-velscu/FORGE/cmd/forge/main.go:149.3,149.15 1 1
github.com/bogdan-velscu/FORGE/cmd/forge/main.go:152.2,152.11 1 1
github.com/bogdan-velscu/FORGE/cmd/forge/main.go:191.47,194.3 1 0
github.com/bogdan-velscu/FORGE/cmd/forge/main.go:202.54,205.3 1 0
github.com/bogdan-velscu/FORGE/cmd/forge/main.go:213.47,219.23 4 0
github.com/bogdan-velscu/FORGE/cmd/forge/main.go:219.23,221.4 1 0
github.com/bogdan-velscu/FORGE/cmd/forge/main.go:221.9,223.4 1 0
github.com/bogdan-velscu/FORGE/cmd/forge/patrol.go:59.54,64.17 4 0
github.com/bogdan-velscu/FORGE/cmd/forge/patrol.go:64.17,66.4 1 0
github.com/bogdan-velscu/FORGE/cmd/forge/patrol.go:69.3,69.23 1 0
github.com/bogdan-velscu/FORGE/cmd/forge/patrol.go:69.23,71.30 2 0
github.com/bogdan-velscu/FORGE/cmd/forge/patrol.go:71.30,72.46 1 0
github.com/bogdan-velscu/FORGE/cmd/forge/patrol.go:72.46,74.6 1 0
github.com/bogdan-velscu/FORGE/cmd/forge/patrol.go:76.4,76.22 1 0
github.com/bogdan-velscu/FORGE/cmd/forge/patrol.go:80.3,81.29 2 0
github.com/bogdan-velscu/FORGE/cmd/forge/patrol.go:81.29,95.4 1 0
github.com/bogdan-velscu/FORGE/cmd/forge/patrol.go:97.3,98.46 2 0
github.com/bogdan-velscu/FORGE/cmd/forge/patrol.go:108.54,113.17 4 0
github.com/bogdan-velscu/FORGE/cmd/forge/patrol.go:113.17,115.4 1 0
github.com/bogdan-velscu/FORGE/cmd/forge/patrol.go:118.3,119.26 2 0
github.com/bogdan-velscu/FORGE/cmd/forge/patrol.go:119.26,120.33 1 0
github.com/bogdan-velscu/FORGE/cmd/forge/patrol.go:120.33,122.10 2 0
github.com/bogdan-velscu/FORGE/cmd/forge/patrol.go:126.3,126.19 1 0
github.com/bogdan-velscu/FORGE/cmd/forge/patrol.go:126.19,128.4 1 0
github.com/bogdan-velscu/FORGE/cmd/forge/patrol.go:131.3,146.50 3 0
github.com/bogdan-velscu/FORGE/cmd/forge/patrol.go:156.54,163.17 5 0
github.com/bogdan-velscu/FORGE/cmd/forge/patrol.go:163.17,165.4 1 0
github.com/bogdan-velscu/FORGE/cmd/forge/patrol.go:167.3,168.26 2 0
github.com/bogdan-velscu/FORGE/cmd/forge/patrol.go:168.26,169.33 1 0
github.com/bogdan-velscu/FORGE/cmd/forge/patrol.go:169.33,171.10 2 0
github.com/bogdan-velscu/FORGE/cmd/forge/patrol.go:175.3,175.19 1 0
github.com/bogdan-velscu/FORGE/cmd/forge/patrol.go:175.19,177.4 1 0
github.com/bogdan-velscu/FORGE/cmd/forge/patrol.go:180.3,182.23 2 0
github.com/bogdan-velscu/FORGE/cmd/forge/patrol.go:182.23,185.4 2 0
github.com/bogdan-velscu/FORGE/cmd/forge/patrol.go:185.9,187.29 2 0
github.com/bogdan-velscu/FORGE/cmd/forge/patrol.go:187.29,189.5 1 0
github.com/bogdan-velscu/FORGE/cmd/forge/patrol.go:192.3,192.13 1 0
github.com/bogdan-velscu/FORGE/cmd/forge/patrol.go:204.38,207.21 2 0
github.com/bogdan-velscu/FORGE/cmd/forge/patrol.go:207.21,209.3 1 0
github.com/bogdan-velscu/FORGE/cmd/forge/patrol.go:211.2,211.21 1 0
github.com/bogdan-velscu/FORGE/cmd/forge/patrol.go:211.21,213.55 2 0
github.com/bogdan-velscu/FORGE/cmd/forge/patrol.go:213.55,215.57 2 0
github.com/bogdan-velscu/FORGE/cmd/forge/patrol.go:215.57,217.5 1 0
github.com/bogdan-velscu/FORGE/cmd/forge/patrol.go:222.2,222.30 1 0
github.com/bogdan-velscu/FORGE/cmd/forge/patrol.go:226.32,289.2 2 0
github.com/bogdan-velscu/FORGE/cmd/forge/patrol.go:292.64,294.16 1 0
github.com/bogdan-velscu/FORGE/cmd/forge/patrol.go:294.16,296.3 1 0
github.com/bogdan-velscu/FORGE/cmd/forge/patrol.go:298.2,310.32 4 0
github.com/bogdan-velscu/FORGE/cmd/forge/patrol.go:310.32,315.3 1 0
github.com/bogdan-velscu/FORGE/cmd/forge/patrol.go:317.2,317.52 1 0
github.com/bogdan-velscu/FORGE/cmd/forge/patrol.go:317.52,324.3 2 0
github.com/bogdan-velscu/FORGE/cmd/forge/patrol.go:327.2,327.13 1 0
github.com/bogdan-velscu/FORGE/cmd/forge/patrol.go:330.13,340.2 5 1
github.com/bogdan-velscu/FORGE/cmd/forge/pattern.go:59.54,65.17 5 0
github.com/bogdan-velscu/FORGE/cmd/forge/pattern.go:65.17,67.4 1 0
github.com/bogdan-velscu/FORGE/cmd/forge/pattern.go:70.3,70.21 1 0
github.com/bogdan-velscu/FORGE/cmd/forge/pattern.go:70.21,72.31 2 0
github.com/bogdan-velscu/FORGE/cmd/forge/pattern.go:72.31,73.48 1 0
github.com/bogdan-velscu/FORGE/cmd/forge/pattern.go:73.48,75.6 1 0
github.com/bogdan-velscu/FORGE/cmd/forge/pattern.go:77.4,77.23 1 0
github.com/bogdan-velscu/FORGE/cmd/forge/pattern.go:81.3,81.16 1 0
github.com/bogdan-velscu/FORGE/cmd/forge/pattern.go:81.16,83.31 2 0
github.com/bogdan-velscu/FORGE/cmd/forge/pattern.go:83.31,84.30 1 0
github.com/bogdan-velscu/FORGE/cmd/forge/pattern.go:84.30,85.35 1 0
github.com/bogdan-velscu/FORGE/cmd/forge/pattern.go:85.35,87.12 2 0
github.com/bogdan-velscu/FORGE/cmd/forge/pattern.go:91.4,91.23 1 0
github.com/bogdan-velscu/FORGE/cmd/forge/pattern.go:94.3,96.17 2 0
github.com/bogdan-velscu/FORGE/cmd/forge/pattern.go:97.15,98.40 1 0
github.com/bogdan-velscu/FORGE/cmd/forge/pattern.go:99.14,102.31 3 0
github.com/bogdan-velscu/FORGE/cmd/forge/pattern.go:102.31,110.5 1 0
github.com/bogdan-velscu/FORGE/cmd/forge/pattern.go:111.4,111.44 1 0
github.com/bogdan-velscu/FORGE/cmd/forge/pattern.go:112.16,113.14 1 0
github.com/bogdan-velscu/FORGE/cmd/forge/pattern.go:114.11,117.31 3 0
github.com/bogdan-velscu/FORGE/cmd/forge/pattern.go:117.31,125.5 1 0
github.com/bogdan-velscu/FORGE/cmd/forge/pattern.go:126.4,127.61 2 0
github.com/bogdan-velscu/FORGE/cmd/forge/pattern.go:129.3,129.13 1 0
github.com/bogdan-velscu/FORGE/cmd/forge/pattern.go:139.54,145.17 5 0
github.com/bogdan-velscu/FORGE/cmd/forge/pattern.go:145.17,147.4 1 0
github.com/bogdan-velscu/FORGE/cmd/forge/pattern.go:149.3,152.13 2 0
github.com/bogdan-velscu/FORGE/cmd/forge/pattern.go:152.13,155.4 2 0
github.com/bogdan-velscu/FORGE/cmd/forge/pattern.go:157.3,157.17 1 0
github.com/bogdan-velscu/FORGE/cmd/forge/pattern.go:158.15,159.39 1 0
github.com/bogdan-velscu/FORGE/cmd/forge/pattern.go:160.23,161.14 1 0
github.com/bogdan-velscu/FORGE/cmd/forge/pattern.go:162.11,175.28 13 0
github.com/bogdan-velscu/FORGE/cmd/forge/pattern.go:177.3,177.13 1 0
github.com/bogdan-velscu/FORGE/cmd/forge/pattern.go:183.30,185.21 2 0
github.com/bogdan-velscu/FORGE/cmd/forge/pattern.go:185.21,187.3 1 0
github.com/bogdan-velscu/FORGE/cmd/forge/pattern.go:188.2,188.21 1 0
github.com/bogdan-velscu/FORGE/cmd/forge/pattern.go:188.21,190.3 1 0
github.com/bogdan-velscu/FORGE/cmd/forge/pattern.go:191.2,191.26 1 0
github.com/bogdan-velscu/FORGE/cmd/forge/pattern.go:194.40,202.56 4 0
github.com/bogdan-velscu/FORGE/cmd/forge/pattern.go:202.56,203.57 1 0
github.com/bogdan-velscu/FORGE/cmd/forge/pattern.go:203.57,205.4 1 0
github.com/bogdan-velscu/FORGE/cmd/forge/pattern.go:209.2,209.34 1 0
github.com/bogdan-velscu/FORGE/cmd/forge/pattern.go:212.47,214.16 2 0
github.com/bogdan-velscu/FORGE/cmd/forge/pattern.go:214.16,216.3 1 0
github.com/bogdan-velscu/FORGE/cmd/forge/pattern.go:218.2,218.29 1 0
github.com/bogdan-velscu/FORGE/cmd/forge/pattern.go:218.29,219.67 1 0
github.com/bogdan-velscu/FORGE/cmd/forge/pattern.go:219.67,221.4 1 0
github.com/bogdan-velscu/FORGE/cmd/forge/pattern.go:224.2,224.53 1 0
github.com/bogdan-velscu/FORGE/cmd/forge/pattern.go:227.37,368.2 1 0
github.com/bogdan-velscu/FORGE/cmd/forge/pattern.go:371.50,372.22 1 0
github.com/bogdan-velscu/FORGE/cmd/forge/pattern.go:372.22,374.3 1 0
github.com/bogdan-velscu/FORGE/cmd/forge/pattern.go:375.2,375.29 1 0
github.com/bogdan-velscu/FORGE/cmd/forge/pattern.go:378.13,391.2 6 1
github.com/bogdan-velscu/FORGE/cmd/forge/project.go:24.54,33.17 7 0
github.com/bogdan-velscu/FORGE/cmd/forge/project.go:33.17,35.4 1 0
github.com/bogdan-velscu/FORGE/cmd/forge/project.go:37.3,38.67 2 0
github.com/bogdan-velscu/FORGE/cmd/forge/project.go:38.67,40.4 1 0
github.com/bogdan-velscu/FORGE/cmd/forge/project.go:42.3,42.24 1 0
github.com/bogdan-velscu/FORGE/cmd/forge/project.go:42.24,44.4 1 0
github.com/bogdan-velscu/FORGE/cmd/forge/project.go:45.3,45.13 1 0
github.com/bogdan-velscu/FORGE/cmd/forge/project.go:55.54,64.17 7 0
github.com/bogdan-velscu/FORGE/cmd/forge/project.go:64.17,66.4 1 0
github.com/bogdan-velscu/FORGE/cmd/forge/project.go:68.3,69.42 2 0
github.com/bogdan-velscu/FORGE/cmd/forge/project.go:78.54,86.33 7 0
github.com/bogdan-velscu/FORGE/cmd/forge/project.go:86.33,88.4 1 0
github.com/bogdan-velscu/FORGE/cmd/forge/project.go:89.3,89.16 1 0
github.com/bogdan-velscu/FORGE/cmd/forge/project.go:89.16,91.4 1 0
github.com/bogdan-velscu/FORGE/cmd/forge/project.go:93.3,106.17 6 0
github.com/bogdan-velscu/FORGE/cmd/forge/project.go:106.17,108.4 1 0
github.com/bogdan-velscu/FORGE/cmd/forge/project.go:110.3,111.23 2 0
github.com/bogdan-velscu/FORGE/cmd/forge/project.go:111.23,113.4 1 0
github.com/bogdan-velscu/FORGE/cmd/forge/project.go:114.3,115.13 2 0
github.com/bogdan-velscu/FORGE/cmd/forge/project.go:119.13,134.2 9 1
github.com/bogdan-velscu/FORGE/cmd/forge/queue.go:52.54,61.19 6 0
github.com/bogdan-velscu/FORGE/cmd/forge/queue.go:61.19,63.4 1 0
github.com/bogdan-velscu/FORGE/cmd/forge/queue.go:64.3,64.21 1 0
github.com/bogdan-velscu/FORGE/cmd/forge/queue.go:64.21,66.4 1 0
github.com/bogdan-velscu/FORGE/cmd/forge/queue.go:67.3,67.17 1 0
github.com/bogdan-velscu/FORGE/cmd/forge/queue.go:67.17,69.4 1 0
github.com/bogdan-velscu/FORGE/cmd/forge/queue.go:71.3,72.59 2 0
github.com/bogdan-velscu/FORGE/cmd/forge/queue.go:72.59,74.4 1 0
github.com/bogdan-velscu/FORGE/cmd/forge/queue.go:76.3,76.24 1 0
github.com/bogdan-velscu/FORGE/cmd/forge/queue.go:76.24,78.4 1 0
github.com/bogdan-velscu/FORGE/cmd/forge/queue.go:79.3,79.13 1 0
github.com/bogdan-velscu/FORGE/cmd/forge/queue.go:88.54,96.3 5 0
github.com/bogdan-velscu/FORGE/cmd/forge/queue.go:105.54,111.24 5 0
github.com/bogdan-velscu/FORGE/cmd/forge/queue.go:111.24,112.29 1 0
github.com/bogdan-velscu/FORGE/cmd/forge/queue.go:112.29,114.10 2 0
github.com/bogdan-velscu/FORGE/cmd/forge/queue.go:118.3,118.18 1 0
github.com/bogdan-velscu/FORGE/cmd/forge/queue.go:118.18,120.4 1 0
github.com/bogdan-velscu/FORGE/cmd/forge/queue.go:122.3,123.47 2 0
github.com/bogdan-velscu/FORGE/cmd/forge/queue.go:132.54,136.21 3 0
github.com/bogdan-velscu/FORGE/cmd/forge/queue.go:136.21,138.4 1 0
github.com/bogdan-velscu/FORGE/cmd/forge/queue.go:140.3,141.17 2 0
github.com/bogdan-velscu/FORGE/cmd/forge/queue.go:141.17,143.4 1 0
github.com/bogdan-velscu/FORGE/cmd/forge/queue.go:146.3,149.23 3 0
github.com/bogdan-velscu/FORGE/cmd/forge/queue.go:149.23,151.4 1 0
github.com/bogdan-velscu/FORGE/cmd/forge/queue.go:152.3,154.13 3 0
github.com/bogdan-velscu/FORGE/cmd/forge/queue.go:163.54,167.16 3 0
github.com/bogdan-velscu/FORGE/cmd/forge/queue.go:167.16,169.4 1 0
github.com/bogdan-velscu/FORGE/cmd/forge/queue.go:171.3,172.17 2 0
github.com/bogdan-velscu/FORGE/cmd/forge/queue.go:172.17,174.4 1 0
github.com/bogdan-velscu/FORGE/cmd/forge/queue.go:176.3,177.23 2 0
github.com/bogdan-velscu/FORGE/cmd/forge/queue.go:177.23,179.4 1 0
github.com/bogdan-velscu/FORGE/cmd/forge/queue.go:180.3,181.13 2 0
github.com/bogdan-velscu/FORGE/cmd/forge/queue.go:198.43,212.2 1 0
github.com/bogdan-velscu/FORGE/cmd/forge/queue.go:215.70,217.29 2 0
github.com/bogdan-velscu/FORGE/cmd/forge/queue.go:217.29,218.22 1 0
github.com/bogdan-velscu/FORGE/cmd/forge/queue.go:219.17,220.18 1 0
github.com/bogdan-velscu/FORGE/cmd/forge/queue.go:221.21,222.22 1 0
github.com/bogdan-velscu/FORGE/cmd/forge/queue.go:223.18,224.19 1 0
github.com/bogdan-velscu/FORGE/cmd/forge/queue.go:225.18,226.19 1 0
github.com/bogdan-velscu/FORGE/cmd/forge/queue.go:227.20,228.21 1 0
github.com/bogdan-velscu/FORGE/cmd/forge/queue.go:229.17,230.18 1 0
github.com/bogdan-velscu/FORGE/cmd/forge/queue.go:231.19,232.20 1 0
github.com/bogdan-velscu/FORGE/cmd/forge/queue.go:235.2,235.14 1 0
github.com/bogdan-velscu/FORGE/cmd/forge/queue.go:239.85,241.29 2 0
github.com/bogdan-velscu/FORGE/cmd/forge/queue.go:241.29,242.45 1 0
github.com/bogdan-velscu/FORGE/cmd/forge/queue.go:242.45,244.4 1 0
github.com/bogdan-velscu/FORGE/cmd/forge/queue.go:246.2,246.17 1 0
github.com/bogdan-velscu/FORGE/cmd/forge/queue.go:250.89,252.29 2 0
github.com/bogdan-velscu/FORGE/cmd/forge/queue.go:252.29,253.49 1 0
github.com/bogdan-velscu/FORGE/cmd/forge/queue.go:253.49,255.4 1 0
github.com/bogdan-velscu/FORGE/cmd/forge/queue.go:257.2,257.17 1 0
github.com/bogdan-velscu/FORGE/cmd/forge/queue.go:261.81,263.29 2 0
github.com/bogdan-velscu/FORGE/cmd/forge/queue.go:263.29,264.41 1 0
github.com/bogdan-velscu/FORGE/cmd/forge/queue.go:264.41,266.4 1 0
github.com/bogdan-velscu/FORGE/cmd/forge/queue.go:268.2,268.17 1 0
github.com/bogdan-velscu/FORGE/cmd/forge/queue.go:288.51,290.16 2 0
github.com/bogdan-velscu/FORGE/cmd/forge/queue.go:290.16,292.3 1 0
github.com/bogdan-velscu/FORGE/cmd/forge/queue.go:294.2,295.60 2 0
github.com/bogdan-velscu/FORGE/cmd/forge/queue.go:295.60,297.3 1 0
github.com/bogdan-velscu/FORGE/cmd/forge/queue.go:299.2,299.35 1 0
github.com/bogdan-velscu/FORGE/cmd/forge/queue.go:303.75,305.29 2 0
github.com/bogdan-velscu/FORGE/cmd/forge/queue.go:305.29,315.3 1 0
github.com/bogdan-velscu/FORGE/cmd/forge/queue.go:316.2,316.14 1 0
github.com/bogdan-velscu/FORGE/cmd/forge/queue.go:320.66,324.16 3 0
github.com/bogdan-velscu/FORGE/cmd/forge/queue.go:324.16,326.3 1 0
github.com/bogdan-velscu/FORGE/cmd/forge/queue.go:328.2,328.32 1 0
github.com/bogdan-velscu/FORGE/cmd/forge/queue.go:328.32,329.63 1 0
github.com/bogdan-velscu/FORGE/cmd/forge/queue.go:329.63,330.12 1 0
github.com/bogdan-velscu/FORGE/cmd/forge/queue.go:333.3,335.17 3 0
github.com/bogdan-velscu/FORGE/cmd/forge/queue.go:335.17,336.12 1 0
github.com/bogdan-velscu/FORGE/cmd/forge/queue.go:340.3,342.30 3 0
github.com/bogdan-velscu/FORGE/cmd/forge/queue.go:342.30,343.37 1 0
github.com/bogdan-velscu/FORGE/cmd/forge/queue.go:343.37,345.10 2 0
github.com/bogdan-velscu/FORGE/cmd/forge/queue.go:350.3,351.19 2 0
github.com/bogdan-velscu/FORGE/cmd/forge/queue.go:351.19,353.4 1 0
github.com/bogdan-velscu/FORGE/cmd/forge/queue.go:355.3,361.5 1 0
github.com/bogdan-velscu/FORGE/cmd/forge/queue.go:364.2,364.19 1 0
github.com/bogdan-velscu/FORGE/cmd/forge/queue.go:367.13,385.2 10 1
github.com/bogdan-velscu/FORGE/cmd/forge/task.go:57.54,67.17 8 0
github.com/bogdan-velscu/FORGE/cmd/forge/task.go:67.17,69.4 1 0
github.com/bogdan-velscu/FORGE/cmd/forge/task.go:71.3,72.61 2 0
github.com/bogdan-velscu/FORGE/cmd/forge/task.go:72.61,74.4 1 0
github.com/bogdan-velscu/FORGE/cmd/forge/task.go:76.3,76.24 1 0
github.com/bogdan-velscu/FORGE/cmd/forge/task.go:76.24,78.4 1 0
github.com/bogdan-velscu/FORGE/cmd/forge/task.go:79.3,79.13 1 0
github.com/bogdan-velscu/FORGE/cmd/forge/task.go:89.54,98.17 7 0
github.com/bogdan-velscu/FORGE/cmd/forge/task.go:98.17,100.4 1 0
github.com/bogdan-velscu/FORGE/cmd/forge/task.go:102.3,103.36 2 0
github.com/bogdan-velscu/FORGE/cmd/forge/task.go:112.54,118.18 5 0
github.com/bogdan-velscu/FORGE/cmd/forge/task.go:118.18,120.4 1 0
github.com/bogdan-velscu/FORGE/cmd/forge/task.go:122.3,133.17 6 0
github.com/bogdan-velscu/FORGE/cmd/forge/task.go:133.17,135.4 1 0
github.com/bogdan-velscu/FORGE/cmd/forge/task.go:137.3,138.23 2 0
github.com/bogdan-velscu/FORGE/cmd/forge/task.go:138.23,140.4 1 0
github.com/bogdan-velscu/FORGE/cmd/forge/task.go:141.3,142.13 2 0
github.com/bogdan-velscu/FORGE/cmd/forge/task.go:152.54,162.35 7 0
github.com/bogdan-velscu/FORGE/cmd/forge/task.go:162.35,165.4 2 0
github.com/bogdan-velscu/FORGE/cmd/forge/task.go:166.3,166.41 1 0
github.com/bogdan-velscu/FORGE/cmd/forge/task.go:166.41,169.4 2 0
github.com/bogdan-velscu/FORGE/cmd/forge/task.go:170.3,170.38 1 0
github.com/bogdan-velscu/FORGE/cmd/forge/task.go:170.38,173.4 2 0
github.com/bogdan-velscu/FORGE/cmd/forge/task.go:174.3,174.36 1 0
github.com/bogdan-velscu/FORGE/cmd/forge/task.go:174.36,177.4 2 0
github.com/bogdan-velscu/FORGE/cmd/forge/task.go:179.3,180.17 2 0
github.com/bogdan-velscu/FORGE/cmd/forge/task.go:180.17,182.4 1 0
github.com/bogdan-velscu/FORGE/cmd/forge/task.go:184.3,185.23 2 0
github.com/bogdan-velscu/FORGE/cmd/forge/task.go:185.23,187.4 1 0
github.com/bogdan-velscu/FORGE/cmd/forge/task.go:188.3,189.13 2 0
github.com/bogdan-velscu/FORGE/cmd/forge/task.go:199.54,204.13 4 0
github.com/bogdan-velscu/FORGE/cmd/forge/task.go:204.13,208.42 4 0
github.com/bogdan-velscu/FORGE/cmd/forge/task.go:208.42,211.5 2 0
github.com/bogdan-velscu/FORGE/cmd/forge/task.go:214.3,218.56 4 0
github.com/bogdan-velscu/FORGE/cmd/forge/task.go:218.56,220.4 1 0
github.com/bogdan-velscu/FORGE/cmd/forge/task.go:222.3,223.44 2 0
github.com/bogdan-velscu/FORGE/cmd/forge/task.go:223.44,225.4 1 0
github.com/bogdan-velscu/FORGE/cmd/forge/task.go:226.3,226.13 1 0
github.com/bogdan-velscu/FORGE/cmd/forge/task.go:236.54,241.20 4 0
github.com/bogdan-velscu/FORGE/cmd/forge/task.go:241.20,244.21 2 0
github.com/bogdan-velscu/FORGE/cmd/forge/task.go:244.21,246.5 1 0
github.com/bogdan-velscu/FORGE/cmd/forge/task.go:249.3,254.17 5 0
github.com/bogdan-velscu/FORGE/cmd/forge/task.go:254.17,256.4 1 0
github.com/bogdan-velscu/FORGE/cmd/forge/task.go:258.3,259.23 2 0
github.com/bogdan-velscu/FORGE/cmd/forge/task.go:259.23,261.4 1 0
github.com/bogdan-velscu/FORGE/cmd/forge/task.go:262.3,263.13 2 0
github.com/bogdan-velscu/FORGE/cmd/forge/task.go:273.54,283.17 8 0
github.com/bogdan-velscu/FORGE/cmd/forge/task.go:283.17,285.4 1 0
github.com/bogdan-velscu/FORGE/cmd/forge/task.go:287.3,288.23 2 0
github.com/bogdan-velscu/FORGE/cmd/forge/task.go:288.23,290.4 1 0
github.com/bogdan-velscu/FORGE/cmd/forge/task.go:291.3,292.13 2 0
github.com/bogdan-velscu/FORGE/cmd/forge/task.go:296.13,332.2 22 1
github.com/bogdan-velscu/FORGE/cmd/forge/worker.go:22.13,27.2 4 1
github.com/bogdan-velscu/FORGE/cmd/forge/worker.go:33.54,40.21 6 0
github.com/bogdan-velscu/FORGE/cmd/forge/worker.go:40.21,44.4 2 0
github.com/bogdan-velscu/FORGE/cmd/forge/worker.go:47.3,47.28 1 0
github.com/bogdan-velscu/FORGE/cmd/forge/worker.go:47.28,48.51 1 0
github.com/bogdan-velscu/FORGE/cmd/forge/worker.go:48.51,50.5 1 0
github.com/bogdan-velscu/FORGE/cmd/forge/worker.go:50.10,50.25 1 0
github.com/bogdan-velscu/FORGE/cmd/forge/worker.go:50.25,52.5 1 0
github.com/bogdan-velscu/FORGE/cmd/forge/worker.go:52.10,54.5 1 0
github.com/bogdan-velscu/FORGE/cmd/forge/worker.go:57.3,61.32 3 0
github.com/bogdan-velscu/FORGE/cmd/forge/worker.go:61.32,63.4 1 0
github.com/bogdan-velscu/FORGE/cmd/forge/worker.go:66.3,74.17 2 0
github.com/bogdan-velscu/FORGE/cmd/forge/worker.go:74.17,76.4 1 0
github.com/bogdan-velscu/FORGE/cmd/forge/worker.go:79.3,79.42 1 0
github.com/bogdan-velscu/FORGE/cmd/forge/worker.go:87.54,90.28 2 0
github.com/bogdan-velscu/FORGE/cmd/forge/worker.go:90.28,93.18 2 0
github.com/bogdan-velscu/FORGE/cmd/forge/worker.go:93.18,95.5 1 0
github.com/bogdan-velscu/FORGE/cmd/forge/worker.go:97.4,97.25 1 0
github.com/bogdan-velscu/FORGE/cmd/forge/worker.go:97.25,100.5 2 0
github.com/bogdan-velscu/FORGE/cmd/forge/worker.go:102.4,102.37 1 0
github.com/bogdan-velscu/FORGE/cmd/forge/worker.go:102.37,104.48 2 0
github.com/bogdan-velscu/FORGE/cmd/forge/worker.go:104.48,106.6 1 0
github.com/bogdan-velscu/FORGE/cmd/forge/worker.go:108.4,108.14 1 0
github.com/bogdan-velscu/FORGE/cmd/forge/worker.go:112.3,114.30 3 0
github.com/bogdan-velscu/FORGE/cmd/forge/worker.go:122.54,123.21 1 0
github.com/bogdan-velscu/FORGE/cmd/forge/worker.go:123.21,126.18 2 0
github.com/bogdan-velscu/FORGE/cmd/forge/worker.go:126.18,128.5 1 0
github.com/bogdan-velscu/FORGE/cmd/forge/worker.go:130.4,130.25 1 0
github.com/bogdan-velscu/FORGE/cmd/forge/worker.go:130.25,133.5 2 0
github.com/bogdan-velscu/FORGE/cmd/forge/worker.go:135.4,136.37 2 0
github.com/bogdan-velscu/FORGE/cmd/forge/worker.go:136.37,138.5 1 0
github.com/bogdan-velscu/FORGE/cmd/forge/worker.go:139.4,139.14 1 0
github.com/bogdan-velscu/FORGE/cmd/forge/worker.go:143.3,144.32 2 0
github.com/bogdan-velscu/FORGE/cmd/forge/worker.go:144.32,146.4 1 0
github.com/bogdan-velscu/FORGE/cmd/forge/worker.go:146.9,148.4 1 0
github.com/bogdan-velscu/FORGE/cmd/forge/worker.go:149.3,149.13 1 0
github.com/bogdan-velscu/FORGE/cmd/forge/worker.go:157.54,159.17 2 0
github.com/bogdan-velscu/FORGE/cmd/forge/worker.go:159.17,161.4 1 0
github.com/bogdan-velscu/FORGE/cmd/forge/worker.go:163.3,163.24 1 0
github.com/bogdan-velscu/FORGE/cmd/forge/worker.go:163.24,166.4 2 0
github.com/bogdan-velscu/FORGE/cmd/forge/worker.go:168.3,169.36 2 0
github.com/bogdan-velscu/FORGE/cmd/forge/worker.go:169.36,171.4 1 0
github.com/bogdan-velscu/FORGE/cmd/forge/worker.go:173.3,173.13 1 0
github.com/bogdan-velscu/FORGE/cmd/forge/worker.go:177.13,185.2 6 1
github.com/bogdan-velscu/FORGE/cmd/forge/worker.go:187.44,190.16 3 0
github.com/bogdan-velscu/FORGE/cmd/forge/worker.go:190.16,192.3 1 0
github.com/bogdan-velscu/FORGE/cmd/forge/worker.go:194.2,195.76 2 0
github.com/bogdan-velscu/FORGE/cmd/forge/worker.go:195.76,197.3 1 0
github.com/bogdan-velscu/FORGE/cmd/forge/worker.go:199.2,199.36 1 0
github.com/bogdan-velscu/FORGE/cmd/forge/worker.go:202.47,204.21 2 0
github.com/bogdan-velscu/FORGE/cmd/forge/worker.go:204.21,206.3 1 0
github.com/bogdan-velscu/FORGE/cmd/forge/worker.go:207.2,207.21 1 0
github.com/bogdan-velscu/FORGE/cmd/forge/worker.go:207.21,209.3 1 0
github.com/bogdan-velscu/FORGE/cmd/forge/worker.go:210.2,210.71 1 0
github.com/bogdan-velscu/FORGE/cmd/forge/worker.go:213.47,215.21 2 0
github.com/bogdan-velscu/FORGE/cmd/forge/worker.go:215.21,217.3 1 0
github.com/bogdan-velscu/FORGE/cmd/forge/worker.go:218.2,218.21 1 0
github.com/bogdan-velscu/FORGE/cmd/forge/worker.go:218.21,220.3 1 0
github.com/bogdan-velscu/FORGE/cmd/forge/worker.go:221.2,221.79 1 0
github.com/bogdan-velscu/FORGE/cmd/forge/worker.go:224.45,226.21 2 0
github.com/bogdan-velscu/FORGE/cmd/forge/worker.go:226.21,228.3 1 0
github.com/bogdan-velscu/FORGE/cmd/forge/worker.go:230.2,231.21 2 0
github.com/bogdan-velscu/FORGE/cmd/forge/worker.go:231.21,233.3 1 0
github.com/bogdan-velscu/FORGE/cmd/forge/worker.go:233.8,235.3 1 0
github.com/bogdan-velscu/FORGE/cmd/forge/worker.go:237.2,238.16 2 0
github.com/bogdan-velscu/FORGE/cmd/forge/worker.go:238.16,239.25 1 0
github.com/bogdan-velscu/FORGE/cmd/forge/worker.go:239.25,241.4 1 0
github.com/bogdan-velscu/FORGE/cmd/forge/worker.go:242.3,242.18 1 0
github.com/bogdan-velscu/FORGE/cmd/forge/worker.go:245.2,246.32 2 0
github.com/bogdan-velscu/FORGE/cmd/forge/worker.go:246.32,247.20 1 0
github.com/bogdan-velscu/FORGE/cmd/forge/worker.go:247.20,248.12 1 0
github.com/bogdan-velscu/FORGE/cmd/forge/worker.go:250.3,250.43 1 0
github.com/bogdan-velscu/FORGE/cmd/forge/worker.go:250.43,252.33 2 0
github.com/bogdan-velscu/FORGE/cmd/forge/worker.go:252.33,254.5 1 0
github.com/bogdan-velscu/FORGE/cmd/forge/worker.go:254.10,257.5 1 0
github.com/bogdan-velscu/FORGE/cmd/forge/worker.go:261.2,261.21 1 0
github.com/bogdan-velscu/FORGE/cmd/forge/worker.go:264.40,267.16 3 0
github.com/bogdan-velscu/FORGE/cmd/forge/worker.go:267.16,269.3 1 0
github.com/bogdan-velscu/FORGE/cmd/forge/worker.go:271.2,272.76 2 0
github.com/bogdan-velscu/FORGE/cmd/forge/worker.go:272.76,275.3 2 0
github.com/bogdan-velscu/FORGE/cmd/forge/worker.go:278.2,278.59 1 0
github.com/bogdan-velscu/FORGE/cmd/forge/worker.go:278.59,281.3 1 0
github.com/bogdan-velscu/FORGE/cmd/forge/worker.go:283.2,284.12 2 0
github.com/bogdan-velscu/FORGE/cmd/forge/worker.go:287.67,302.9 9 0
github.com/bogdan-velscu/FORGE/cmd/forge/worker.go:303.20,304.19 1 0
github.com/bogdan-velscu/FORGE/cmd/forge/worker.go:305.17,307.13 2 0
github.com/bogdan-velscu/FORGE/cmd/forge/worker.go:311.58,313.65 2 0
github.com/bogdan-velscu/FORGE/cmd/forge/worker.go:313.65,315.3 1 0
github.com/bogdan-velscu/FORGE/cmd/forge/worker.go:317.2,318.16 2 0
github.com/bogdan-velscu/FORGE/cmd/forge/worker.go:318.16,320.3 1 0
github.com/bogdan-velscu/FORGE/cmd/forge/worker.go:321.2,325.16 3 0
github.com/bogdan-velscu/FORGE/cmd/forge/worker.go:325.16,327.3 1 0
github.com/bogdan-velscu/FORGE/cmd/forge/worker.go:330.2,331.34 2 0
github.com/bogdan-velscu/FORGE/cmd/forge/worker.go:331.34,333.3 1 0
github.com/bogdan-velscu/FORGE/cmd/forge/worker.go:334.2,334.37 1 0
github.com/bogdan-velscu/FORGE/cmd/forge/worker.go:334.37,335.46 1 0
github.com/bogdan-velscu/FORGE/cmd/forge/worker.go:335.46,337.4 1 0
github.com/bogdan-velscu/FORGE/cmd/forge/worker.go:339.2,339.33 1 0
github.com/bogdan-velscu/FORGE/cmd/forge/worker.go:339.33,341.3 1 0
github.com/bogdan-velscu/FORGE/cmd/forge/worker.go:343.2,350.36 5 0
github.com/bogdan-velscu/FORGE/cmd/forge/worker.go:350.36,352.3 1 0
github.com/bogdan-velscu/FORGE/cmd/forge/worker.go:355.2,356.65 2 0
github.com/bogdan-velscu/FORGE/cmd/forge/worker.go:356.65,359.3 2 0
github.com/bogdan-velscu/FORGE/cmd/forge/worker.go:361.2,361.96 1 0
github.com/bogdan-velscu/FORGE/cmd/forge/worker.go:361.96,364.3 2 0
github.com/bogdan-velscu/FORGE/cmd/forge/worker.go:366.2,370.12 3 0
github.com/bogdan-velscu/FORGE/cmd/forge/worker.go:370.12,373.3 2 0
github.com/bogdan-velscu/FORGE/cmd/forge/worker.go:375.2,376.12 2 0
github.com/bogdan-velscu/FORGE/cmd/forge/workflow_dispatch.go:19.38,52.2 10 1
github.com/bogdan-velscu/FORGE/cmd/forge/workflow_dispatch.go:55.36,57.36 2 1
github.com/bogdan-velscu/FORGE/cmd/forge/workflow_dispatch.go:57.36,59.3 1 1
github.com/bogdan-velscu/FORGE/cmd/forge/workflow_dispatch.go:60.2,60.10 1 1
github.com/bogdan-velscu/FORGE/cmd/forge/workflow_dispatch.go:63.63,72.20 7 1
github.com/bogdan-velscu/FORGE/cmd/forge/workflow_dispatch.go:72.20,74.20 1 1
github.com/bogdan-velscu/FORGE/cmd/forge/workflow_dispatch.go:74.20,76.4 1 1
github.com/bogdan-velscu/FORGE/cmd/forge/workflow_dispatch.go:77.3,79.17 3 1
github.com/bogdan-velscu/FORGE/cmd/forge/workflow_dispatch.go:79.17,81.4 1 1
github.com/bogdan-velscu/FORGE/cmd/forge/workflow_dispatch.go:82.3,83.20 2 0
github.com/bogdan-velscu/FORGE/cmd/forge/workflow_dispatch.go:83.20,85.4 1 0
github.com/bogdan-velscu/FORGE/cmd/forge/workflow_dispatch.go:86.8,88.20 1 1
github.com/bogdan-velscu/FORGE/cmd/forge/workflow_dispatch.go:88.20,90.4 1 1
github.com/bogdan-velscu/FORGE/cmd/forge/workflow_dispatch.go:91.3,92.20 2 1
github.com/bogdan-velscu/FORGE/cmd/forge/workflow_dispatch.go:92.20,94.4 1 1
github.com/bogdan-velscu/FORGE/cmd/forge/workflow_dispatch.go:95.3,95.40 1 1
github.com/bogdan-velscu/FORGE/cmd/forge/workflow_dispatch.go:98.2,98.19 1 1
github.com/bogdan-velscu/FORGE/cmd/forge/workflow_dispatch.go:98.19,100.3 1 1
github.com/bogdan-velscu/FORGE/cmd/forge/workflow_dispatch.go:102.2,108.24 5 1
github.com/bogdan-velscu/FORGE/cmd/forge/workflow_dispatch.go:108.24,110.3 1 1
github.com/bogdan-velscu/FORGE/cmd/forge/workflow_dispatch.go:111.2,120.16 3 1
github.com/bogdan-velscu/FORGE/cmd/forge/workflow_dispatch.go:120.16,122.3 1 0
github.com/bogdan-velscu/FORGE/cmd/forge/workflow_dispatch.go:125.2,126.16 2 1
github.com/bogdan-velscu/FORGE/cmd/forge/workflow_dispatch.go:126.16,128.3 1 0
github.com/bogdan-velscu/FORGE/cmd/forge/workflow_dispatch.go:130.2,131.37 2 1
github.com/bogdan-velscu/FORGE/cmd/forge/workflow_dispatch.go:131.37,133.3 1 1
github.com/bogdan-velscu/FORGE/cmd/forge/workflow_dispatch.go:134.2,135.22 2 1
github.com/bogdan-velscu/FORGE/cmd/forge/workflow_dispatch.go:135.22,141.3 1 1
github.com/bogdan-velscu/FORGE/cmd/forge/workflow_dispatch.go:142.2,142.23 1 1
github.com/bogdan-velscu/FORGE/cmd/forge/workflow_dispatch.go:142.23,145.3 2 1
github.com/bogdan-velscu/FORGE/cmd/forge/workflow_dispatch.go:146.2,146.12 1 1
github.com/bogdan-velscu/FORGE/cmd/forge/workflow_dispatch.go:149.63,158.16 7 1
github.com/bogdan-velscu/FORGE/cmd/forge/workflow_dispatch.go:158.16,160.3 1 0
github.com/bogdan-velscu/FORGE/cmd/forge/workflow_dispatch.go:162.2,163.37 2 1
github.com/bogdan-velscu/FORGE/cmd/forge/workflow_dispatch.go:163.37,165.3 1 1
github.com/bogdan-velscu/FORGE/cmd/forge/workflow_dispatch.go:166.2,167.35 2 1
github.com/bogdan-velscu/FORGE/cmd/forge/workflow_ship.go:42.54,49.20 6 0
github.com/bogdan-velscu/FORGE/cmd/forge/workflow_ship.go:49.20,51.4 1 0
github.com/bogdan-velscu/FORGE/cmd/forge/workflow_ship.go:53.3,55.13 2 0
github.com/bogdan-velscu/FORGE/cmd/forge/workflow_ship.go:55.13,61.15 6 0
github.com/bogdan-velscu/FORGE/cmd/forge/workflow_ship.go:61.15,63.5 1 0
github.com/bogdan-velscu/FORGE/cmd/forge/workflow_ship.go:64.4,64.14 1 0
github.com/bogdan-velscu/FORGE/cmd/forge/workflow_ship.go:68.3,68.18 1 0
github.com/bogdan-velscu/FORGE/cmd/forge/workflow_ship.go:68.18,73.18 3 0
github.com/bogdan-velscu/FORGE/cmd/forge/workflow_ship.go:73.18,75.5 1 0
github.com/bogdan-velscu/FORGE/cmd/forge/workflow_ship.go:76.4,76.19 1 0
github.com/bogdan-velscu/FORGE/cmd/forge/workflow_ship.go:76.19,79.5 2 0
github.com/bogdan-velscu/FORGE/cmd/forge/workflow_ship.go:82.4,82.60 1 0
github.com/bogdan-velscu/FORGE/cmd/forge/workflow_ship.go:82.60,84.5 1 0
github.com/bogdan-velscu/FORGE/cmd/forge/workflow_ship.go:87.4,87.66 1 0
github.com/bogdan-velscu/FORGE/cmd/forge/workflow_ship.go:87.66,89.5 1 0
github.com/bogdan-velscu/FORGE/cmd/forge/workflow_ship.go:92.4,92.60 1 0
github.com/bogdan-velscu/FORGE/cmd/forge/workflow_ship.go:92.60,94.5 1 0
github.com/bogdan-velscu/FORGE/cmd/forge/workflow_ship.go:98.3,99.37 2 0
github.com/bogdan-velscu/FORGE/cmd/forge/workflow_ship.go:99.37,101.4 1 0
github.com/bogdan-velscu/FORGE/cmd/forge/workflow_ship.go:104.3,105.44 2 0
github.com/bogdan-velscu/FORGE/cmd/forge/workflow_ship.go:105.44,107.4 1 0
github.com/bogdan-velscu/FORGE/cmd/forge/workflow_ship.go:110.3,112.41 3 0
github.com/bogdan-velscu/FORGE/cmd/forge/workflow_ship.go:112.41,114.4 1 0
github.com/bogdan-velscu/FORGE/cmd/forge/workflow_ship.go:117.3,117.14 1 0
github.com/bogdan-velscu/FORGE/cmd/forge/workflow_ship.go:117.14,122.4 2 0
github.com/bogdan-velscu/FORGE/cmd/forge/workflow_ship.go:125.3,130.13 5 0
github.com/bogdan-velscu/FORGE/cmd/forge/workflow_ship.go:136.44,139.16 3 0
github.com/bogdan-velscu/FORGE/cmd/forge/workflow_ship.go:139.16,141.3 1 0
github.com/bogdan-velscu/FORGE/cmd/forge/workflow_ship.go:142.2,142.56 1 0
github.com/bogdan-velscu/FORGE/cmd/forge/workflow_ship.go:145.71,149.14 2 0
github.com/bogdan-velscu/FORGE/cmd/forge/workflow_ship.go:150.14,152.29 1 0
github.com/bogdan-velscu/FORGE/cmd/forge/workflow_ship.go:152.29,154.4 1 0
github.com/bogdan-velscu/FORGE/cmd/forge/workflow_ship.go:154.9,154.40 1 0
github.com/bogdan-velscu/FORGE/cmd/forge/workflow_ship.go:154.40,156.4 1 0
github.com/bogdan-velscu/FORGE/cmd/forge/workflow_ship.go:156.9,156.68 1 0
github.com/bogdan-velscu/FORGE/cmd/forge/workflow_ship.go:156.68,158.4 1 0
github.com/bogdan-velscu/FORGE/cmd/forge/workflow_ship.go:158.9,161.4 1 0
github.com/bogdan-velscu/FORGE/cmd/forge/workflow_ship.go:162.20,163.29 1 0
github.com/bogdan-velscu/FORGE/cmd/forge/workflow_ship.go:163.29,165.4 1 0
github.com/bogdan-velscu/FORGE/cmd/forge/workflow_ship.go:165.9,165.40 1 0
github.com/bogdan-velscu/FORGE/cmd/forge/workflow_ship.go:165.40,167.33 1 0
github.com/bogdan-velscu/FORGE/cmd/forge/workflow_ship.go:167.33,169.5 1 0
github.com/bogdan-velscu/FORGE/cmd/forge/workflow_ship.go:169.10,171.5 1 0
github.com/bogdan-velscu/FORGE/cmd/forge/workflow_ship.go:172.9,174.4 1 0
github.com/bogdan-velscu/FORGE/cmd/forge/workflow_ship.go:175.14,176.29 1 0
github.com/bogdan-velscu/FORGE/cmd/forge/workflow_ship.go:176.29,178.4 1 0
github.com/bogdan-velscu/FORGE/cmd/forge/workflow_ship.go:178.9,178.40 1 0
github.com/bogdan-velscu/FORGE/cmd/forge/workflow_ship.go:178.40,179.28 1 0
github.com/bogdan-velscu/FORGE/cmd/forge/workflow_ship.go:179.28,181.5 1 0
github.com/bogdan-velscu/FORGE/cmd/forge/workflow_ship.go:181.10,183.5 1 0
github.com/bogdan-velscu/FORGE/cmd/forge/workflow_ship.go:184.9,184.34 1 0
github.com/bogdan-velscu/FORGE/cmd/forge/workflow_ship.go:184.34,186.4 1 0
github.com/bogdan-velscu/FORGE/cmd/forge/workflow_ship.go:186.9,186.68 1 0
github.com/bogdan-velscu/FORGE/cmd/forge/workflow_ship.go:186.68,188.4 1 0
github.com/bogdan-velscu/FORGE/cmd/forge/workflow_ship.go:188.9,190.4 1 0
github.com/bogdan-velscu/FORGE/cmd/forge/workflow_ship.go:193.2,193.16 1 0
github.com/bogdan-velscu/FORGE/cmd/forge/workflow_ship.go:193.16,195.3 1 0
github.com/bogdan-velscu/FORGE/cmd/forge/workflow_ship.go:197.2,199.16 3 0
github.com/bogdan-velscu/FORGE/cmd/forge/workflow_ship.go:199.16,201.3 1 0
github.com/bogdan-velscu/FORGE/cmd/forge/workflow_ship.go:202.2,203.12 2 0
github.com/bogdan-velscu/FORGE/cmd/forge/workflow_ship.go:206.24,209.2 2 0
github.com/bogdan-velscu/FORGE/cmd/forge/workflow_ship.go:211.38,214.16 3 0
github.com/bogdan-velscu/FORGE/cmd/forge/workflow_ship.go:214.16,216.60 1 0
github.com/bogdan-velscu/FORGE/cmd/forge/workflow_ship.go:216.60,218.4 1 0
github.com/bogdan-velscu/FORGE/cmd/forge/workflow_ship.go:219.3,219.42 1 0
github.com/bogdan-velscu/FORGE/cmd/forge/workflow_ship.go:221.2,221.12 1 0
github.com/bogdan-velscu/FORGE/cmd/forge/workflow_ship.go:224.35,227.16 3 0
github.com/bogdan-velscu/FORGE/cmd/forge/workflow_ship.go:227.16,229.3 1 0
github.com/bogdan-velscu/FORGE/cmd/forge/workflow_ship.go:230.2,230.12 1 0
github.com/bogdan-velscu/FORGE/cmd/forge/workflow_ship.go:233.32,236.16 3 0
github.com/bogdan-velscu/FORGE/cmd/forge/workflow_ship.go:236.16,238.3 1 0
github.com/bogdan-velscu/FORGE/cmd/forge/workflow_ship.go:239.2,239.42 1 0
github.com/bogdan-velscu/FORGE/cmd/forge/workflow_ship.go:242.33,245.16 3 0
github.com/bogdan-velscu/FORGE/cmd/forge/workflow_ship.go:245.16,247.3 1 0
github.com/bogdan-velscu/FORGE/cmd/forge/workflow_ship.go:248.2,248.42 1 0
github.com/bogdan-velscu/FORGE/cmd/forge/workflow_ship.go:251.35,254.2 2 0
github.com/bogdan-velscu/FORGE/cmd/forge/workflow_ship.go:256.39,259.16 2 0
github.com/bogdan-velscu/FORGE/cmd/forge/workflow_ship.go:259.16,261.3 1 0
github.com/bogdan-velscu/FORGE/cmd/forge/workflow_ship.go:262.2,262.55 1 0
github.com/bogdan-velscu/FORGE/cmd/forge/workflow_ship.go:265.13,274.63 5 1
github.com/bogdan-velscu/FORGE/cmd/forge/workflow_ship.go:274.63,277.37 2 0
github.com/bogdan-velscu/FORGE/cmd/forge/workflow_ship.go:277.37,280.4 1 0
github.com/bogdan-velscu/FORGE/cmd/forge/workflow_ship.go:281.3,281.20 1 0
github.com/bogdan-velscu/FORGE/cmd/forge/workflow_ship.go:281.20,283.4 1 0
github.com/bogdan-velscu/FORGE/cmd/forge/workflow_ship.go:286.3,298.43 10 0
github.com/bogdan-velscu/FORGE/cmd/forge/workflow_ship.go:300.2,309.29 6 1
github.com/bogdan-velscu/FORGE/cmd/forge/workflow_work.go:19.34,39.2 5 1
github.com/bogdan-velscu/FORGE/cmd/forge/workflow_work.go:41.13,43.2 1 1
github.com/bogdan-velscu/FORGE/cmd/forge/workflow_work.go:48.47,50.2 1 1
github.com/bogdan-velscu/FORGE/cmd/forge/workflow_work.go:52.28,53.43 1 1
github.com/bogdan-velscu/FORGE/cmd/forge/workflow_work.go:53.43,55.3 1 1
github.com/bogdan-velscu/FORGE/cmd/forge/workflow_work.go:56.2,56.24 1 1
github.com/bogdan-velscu/FORGE/cmd/forge/workflow_work.go:59.55,66.37 6 1
github.com/bogdan-velscu/FORGE/cmd/forge/workflow_work.go:66.37,68.3 1 1
github.com/bogdan-velscu/FORGE/cmd/forge/workflow_work.go:69.2,71.21 3 1
github.com/bogdan-velscu/FORGE/cmd/forge/workflow_work.go:71.21,73.3 1 1
github.com/bogdan-velscu/FORGE/cmd/forge/workflow_work.go:74.2,77.11 2 1
github.com/bogdan-velscu/FORGE/cmd/forge/workflow_work.go:77.11,78.67 1 1
github.com/bogdan-velscu/FORGE/cmd/forge/workflow_work.go:78.67,80.4 1 0
github.com/bogdan-velscu/FORGE/cmd/forge/workflow_work.go:81.3,81.27 1 1
github.com/bogdan-velscu/FORGE/cmd/forge/workflow_work.go:81.27,83.4 1 1
github.com/bogdan-velscu/FORGE/cmd/forge/workflow_work.go:84.3,84.13 1 1
github.com/bogdan-velscu/FORGE/cmd/forge/workflow_work.go:88.2,88.54 1 1
github.com/bogdan-velscu/FORGE/cmd/forge/workflow_work.go:88.54,91.36 3 1
github.com/bogdan-velscu/FORGE/cmd/forge/workflow_work.go:91.36,93.4 1 1
github.com/bogdan-velscu/FORGE/cmd/forge/workflow_work.go:94.3,101.48 3 1
github.com/bogdan-velscu/FORGE/cmd/forge/workflow_work.go:101.48,103.4 1 0
github.com/bogdan-velscu/FORGE/cmd/forge/workflow_work.go:104.3,105.17 2 1
github.com/bogdan-velscu/FORGE/cmd/forge/workflow_work.go:105.17,107.4 1 0
github.com/bogdan-velscu/FORGE/cmd/forge/workflow_work.go:108.3,108.59 1 1
github.com/bogdan-velscu/FORGE/cmd/forge/workflow_work.go:108.59,110.4 1 0
github.com/bogdan-velscu/FORGE/cmd/forge/workflow_work.go:111.3,111.15 1 1
github.com/bogdan-velscu/FORGE/cmd/forge/workflow_work.go:111.15,115.4 3 1
github.com/bogdan-velscu/FORGE/cmd/forge/workflow_work.go:116.3,116.27 1 1
github.com/bogdan-velscu/FORGE/cmd/forge/workflow_work.go:116.27,119.4 2 1
github.com/bogdan-velscu/FORGE/cmd/forge/workflow_work.go:120.3,120.13 1 1
github.com/bogdan-velscu/FORGE/cmd/forge/workflow_work.go:124.2,125.16 2 1
github.com/bogdan-velscu/FORGE/cmd/forge/workflow_work.go:125.16,126.25 1 1
github.com/bogdan-velscu/FORGE/cmd/forge/workflow_work.go:126.25,127.28 1 1
github.com/bogdan-velscu/FORGE/cmd/forge/workflow_work.go:127.28,129.5 1 1
github.com/bogdan-velscu/FORGE/cmd/forge/workflow_work.go:130.4,130.14 1 1
github.com/bogdan-velscu/FORGE/cmd/forge/workflow_work.go:132.3,132.45 1 0
github.com/bogdan-velscu/FORGE/cmd/forge/workflow_work.go:134.2,135.51 2 1
github.com/bogdan-velscu/FORGE/cmd/forge/workflow_work.go:135.51,137.3 1 0
github.com/bogdan-velscu/FORGE/cmd/forge/workflow_work.go:138.2,138.42 1 1
