mode: set
github.com/bogdan-velscu/FORGE/cmd/forge/agent.go:16.31,17.41 1 0
github.com/bogdan-velscu/FORGE/cmd/forge/agent.go:17.41,19.3 1 0
github.com/bogdan-velscu/FORGE/cmd/forge/agent.go:20.2,20.20 1 0
github.com/bogdan-velscu/FORGE/cmd/forge/agent.go:35.54,43.17 6 1
github.com/bogdan-velscu/FORGE/cmd/forge/agent.go:43.17,45.29 2 0
github.com/bogdan-velscu/FORGE/cmd/forge/agent.go:45.29,50.5 1 0
github.com/bogdan-velscu/FORGE/cmd/forge/agent.go:51.4,51.55 1 0
github.com/bogdan-velscu/FORGE/cmd/forge/agent.go:54.3,55.63 2 1
github.com/bogdan-velscu/FORGE/cmd/forge/agent.go:55.63,57.4 1 0
github.com/bogdan-velscu/FORGE/cmd/forge/agent.go:59.3,59.24 1 1
github.com/bogdan-velscu/FORGE/cmd/forge/agent.go:59.24,60.31 1 1
github.com/bogdan-velscu/FORGE/cmd/forge/agent.go:60.31,62.5 1 0
github.com/bogdan-velscu/FORGE/cmd/forge/agent.go:62.10,64.5 1 1
github.com/bogdan-velscu/FORGE/cmd/forge/agent.go:66.3,66.13 1 1
github.com/bogdan-velscu/FORGE/cmd/forge/agent.go:76.54,85.17 7 0
github.com/bogdan-velscu/FORGE/cmd/forge/agent.go:85.17,87.4 1 0
github.com/bogdan-velscu/FORGE/cmd/forge/agent.go:89.3,90.45 2 0
github.com/bogdan-velscu/FORGE/cmd/forge/agent.go:100.54,109.17 7 0
github.com/bogdan-velscu/FORGE/cmd/forge/agent.go:109.17,111.4 1 0
github.com/bogdan-velscu/FORGE/cmd/forge/agent.go:113.3,114.61 2 0
github.com/bogdan-velscu/FORGE/cmd/forge/agent.go:114.61,116.4 1 0
github.com/bogdan-velscu/FORGE/cmd/forge/agent.go:118.3,118.24 1 0
github.com/bogdan-velscu/FORGE/cmd/forge/agent.go:118.24,120.4 1 0
github.com/bogdan-velscu/FORGE/cmd/forge/agent.go:121.3,121.13 1 0
github.com/bogdan-velscu/FORGE/cmd/forge/agent.go:125.13,130.2 3 1
github.com/bogdan-velscu/FORGE/cmd/forge/approval.go:51.54,57.17 5 1
github.com/bogdan-velscu/FORGE/cmd/forge/approval.go:57.17,59.4 1 0
github.com/bogdan-velscu/FORGE/cmd/forge/approval.go:62.3,62.18 1 1
github.com/bogdan-velscu/FORGE/cmd/forge/approval.go:62.18,64.32 2 1
github.com/bogdan-velscu/FORGE/cmd/forge/approval.go:64.32,65.30 1 1
github.com/bogdan-velscu/FORGE/cmd/forge/approval.go:65.30,67.6 1 1
github.com/bogdan-velscu/FORGE/cmd/forge/approval.go:69.4,69.24 1 1
github.com/bogdan-velscu/FORGE/cmd/forge/approval.go:73.3,73.19 1 1
github.com/bogdan-velscu/FORGE/cmd/forge/approval.go:73.19,75.32 2 0
github.com/bogdan-velscu/FORGE/cmd/forge/approval.go:75.32,76.27 1 0
github.com/bogdan-velscu/FORGE/cmd/forge/approval.go:76.27,78.6 1 0
github.com/bogdan-velscu/FORGE/cmd/forge/approval.go:80.4,80.24 1 0
github.com/bogdan-velscu/FORGE/cmd/forge/approval.go:83.3,84.62 2 1
github.com/bogdan-velscu/FORGE/cmd/forge/approval.go:84.62,86.4 1 0
github.com/bogdan-velscu/FORGE/cmd/forge/approval.go:88.3,88.24 1 1
github.com/bogdan-velscu/FORGE/cmd/forge/approval.go:88.24,90.4 1 1
github.com/bogdan-velscu/FORGE/cmd/forge/approval.go:91.3,91.13 1 1
github.com/bogdan-velscu/FORGE/cmd/forge/approval.go:101.54,106.17 4 1
github.com/bogdan-velscu/FORGE/cmd/forge/approval.go:106.17,108.4 1 0
github.com/bogdan-velscu/FORGE/cmd/forge/approval.go:110.3,111.28 2 1
github.com/bogdan-velscu/FORGE/cmd/forge/approval.go:111.28,112.37 1 1
github.com/bogdan-velscu/FORGE/cmd/forge/approval.go:112.37,114.10 2 1
github.com/bogdan-velscu/FORGE/cmd/forge/approval.go:118.3,118.22 1 1
github.com/bogdan-velscu/FORGE/cmd/forge/approval.go:118.22,120.4 1 1
github.com/bogdan-velscu/FORGE/cmd/forge/approval.go:122.3,123.44 2 1
github.com/bogdan-velscu/FORGE/cmd/forge/approval.go:133.54,140.26 6 1
github.com/bogdan-velscu/FORGE/cmd/forge/approval.go:140.26,142.4 1 1
github.com/bogdan-velscu/FORGE/cmd/forge/approval.go:144.3,145.13 2 1
github.com/bogdan-velscu/FORGE/cmd/forge/approval.go:145.13,147.4 1 1
github.com/bogdan-velscu/FORGE/cmd/forge/approval.go:150.3,151.17 2 1
github.com/bogdan-velscu/FORGE/cmd/forge/approval.go:151.17,153.4 1 0
github.com/bogdan-velscu/FORGE/cmd/forge/approval.go:155.3,156.28 2 1
github.com/bogdan-velscu/FORGE/cmd/forge/approval.go:156.28,157.37 1 1
github.com/bogdan-velscu/FORGE/cmd/forge/approval.go:157.37,158.41 1 1
github.com/bogdan-velscu/FORGE/cmd/forge/approval.go:158.41,160.6 1 0
github.com/bogdan-velscu/FORGE/cmd/forge/approval.go:161.5,168.10 8 1
github.com/bogdan-velscu/FORGE/cmd/forge/approval.go:172.3,172.13 1 1
github.com/bogdan-velscu/FORGE/cmd/forge/approval.go:172.13,195.4 7 1
github.com/bogdan-velscu/FORGE/cmd/forge/approval.go:198.3,198.50 1 1
github.com/bogdan-velscu/FORGE/cmd/forge/approval.go:198.50,200.4 1 0
github.com/bogdan-velscu/FORGE/cmd/forge/approval.go:202.3,203.23 2 1
github.com/bogdan-velscu/FORGE/cmd/forge/approval.go:203.23,204.32 1 1
github.com/bogdan-velscu/FORGE/cmd/forge/approval.go:204.32,205.27 1 1
github.com/bogdan-velscu/FORGE/cmd/forge/approval.go:205.27,207.6 1 1
github.com/bogdan-velscu/FORGE/cmd/forge/approval.go:211.3,211.28 1 1
github.com/bogdan-velscu/FORGE/cmd/forge/approval.go:211.28,213.4 1 1
github.com/bogdan-velscu/FORGE/cmd/forge/approval.go:213.9,215.20 2 1
github.com/bogdan-velscu/FORGE/cmd/forge/approval.go:215.20,217.5 1 1
github.com/bogdan-velscu/FORGE/cmd/forge/approval.go:219.3,219.13 1 1
github.com/bogdan-velscu/FORGE/cmd/forge/approval.go:224.51,227.16 3 1
github.com/bogdan-velscu/FORGE/cmd/forge/approval.go:227.16,228.25 1 1
github.com/bogdan-velscu/FORGE/cmd/forge/approval.go:228.25,230.4 1 1
github.com/bogdan-velscu/FORGE/cmd/forge/approval.go:231.3,231.18 1 0
github.com/bogdan-velscu/FORGE/cmd/forge/approval.go:233.2,234.57 2 0
github.com/bogdan-velscu/FORGE/cmd/forge/approval.go:234.57,236.3 1 0
github.com/bogdan-velscu/FORGE/cmd/forge/approval.go:237.2,237.23 1 0
github.com/bogdan-velscu/FORGE/cmd/forge/approval.go:241.57,243.47 2 1
github.com/bogdan-velscu/FORGE/cmd/forge/approval.go:243.47,245.3 1 0
github.com/bogdan-velscu/FORGE/cmd/forge/approval.go:246.2,247.16 2 1
github.com/bogdan-velscu/FORGE/cmd/forge/approval.go:247.16,249.3 1 0
github.com/bogdan-velscu/FORGE/cmd/forge/approval.go:250.2,250.71 1 1
github.com/bogdan-velscu/FORGE/cmd/forge/approval.go:254.45,306.2 1 1
github.com/bogdan-velscu/FORGE/cmd/forge/approval.go:308.13,322.2 8 1
github.com/bogdan-velscu/FORGE/cmd/forge/config.go:28.54,32.21 2 1
github.com/bogdan-velscu/FORGE/cmd/forge/config.go:32.21,35.19 3 1
github.com/bogdan-velscu/FORGE/cmd/forge/config.go:35.19,39.5 2 1
github.com/bogdan-velscu/FORGE/cmd/forge/config.go:41.4,42.24 2 1
github.com/bogdan-velscu/FORGE/cmd/forge/config.go:42.24,44.5 1 1
github.com/bogdan-velscu/FORGE/cmd/forge/config.go:45.4,46.14 2 1
github.com/bogdan-velscu/FORGE/cmd/forge/config.go:50.3,55.17 5 1
github.com/bogdan-velscu/FORGE/cmd/forge/config.go:55.17,63.27 2 1
github.com/bogdan-velscu/FORGE/cmd/forge/config.go:63.27,65.5 1 0
github.com/bogdan-velscu/FORGE/cmd/forge/config.go:66.4,66.27 1 1
github.com/bogdan-velscu/FORGE/cmd/forge/config.go:66.27,68.5 1 0
github.com/bogdan-velscu/FORGE/cmd/forge/config.go:69.4,69.27 1 1
github.com/bogdan-velscu/FORGE/cmd/forge/config.go:69.27,71.5 1 1
github.com/bogdan-velscu/FORGE/cmd/forge/config.go:72.4,72.27 1 1
github.com/bogdan-velscu/FORGE/cmd/forge/config.go:72.27,74.5 1 1
github.com/bogdan-velscu/FORGE/cmd/forge/config.go:77.3,78.40 2 1
github.com/bogdan-velscu/FORGE/cmd/forge/config.go:88.54,98.23 6 0
github.com/bogdan-velscu/FORGE/cmd/forge/config.go:98.23,101.23 2 0
github.com/bogdan-velscu/FORGE/cmd/forge/config.go:101.23,103.5 1 0
github.com/bogdan-velscu/FORGE/cmd/forge/config.go:104.4,104.65 1 0
github.com/bogdan-velscu/FORGE/cmd/forge/config.go:108.3,109.54 2 0
github.com/bogdan-velscu/FORGE/cmd/forge/config.go:109.54,111.4 1 0
github.com/bogdan-velscu/FORGE/cmd/forge/config.go:114.3,114.57 1 0
github.com/bogdan-velscu/FORGE/cmd/forge/config.go:114.57,116.4 1 0
github.com/bogdan-velscu/FORGE/cmd/forge/config.go:118.3,119.44 2 0
github.com/bogdan-velscu/FORGE/cmd/forge/config.go:119.44,121.4 1 0
github.com/bogdan-velscu/FORGE/cmd/forge/config.go:122.3,122.13 1 0
github.com/bogdan-velscu/FORGE/cmd/forge/config.go:131.54,148.26 3 1
github.com/bogdan-velscu/FORGE/cmd/forge/config.go:148.26,150.4 1 1
github.com/bogdan-velscu/FORGE/cmd/forge/config.go:152.3,153.40 2 1
github.com/bogdan-velscu/FORGE/cmd/forge/config.go:157.13,167.2 6 1
github.com/bogdan-velscu/FORGE/cmd/forge/config.go:174.54,178.19 3 0
github.com/bogdan-velscu/FORGE/cmd/forge/config.go:178.19,180.20 2 0
github.com/bogdan-velscu/FORGE/cmd/forge/config.go:180.20,182.5 1 0
github.com/bogdan-velscu/FORGE/cmd/forge/config.go:185.3,188.22 3 0
github.com/bogdan-velscu/FORGE/cmd/forge/config.go:188.22,190.4 1 0
github.com/bogdan-velscu/FORGE/cmd/forge/config.go:191.3,191.22 1 0
github.com/bogdan-velscu/FORGE/cmd/forge/config.go:191.22,193.4 1 0
github.com/bogdan-velscu/FORGE/cmd/forge/config.go:194.3,194.22 1 0
github.com/bogdan-velscu/FORGE/cmd/forge/config.go:194.22,198.4 2 0
github.com/bogdan-velscu/FORGE/cmd/forge/config.go:200.3,208.54 7 0
github.com/bogdan-velscu/FORGE/cmd/forge/config.go:208.54,210.4 1 0
github.com/bogdan-velscu/FORGE/cmd/forge/config.go:213.3,227.79 2 0
github.com/bogdan-velscu/FORGE/cmd/forge/config.go:227.79,229.4 1 0
github.com/bogdan-velscu/FORGE/cmd/forge/config.go:231.3,233.13 3 0
github.com/bogdan-velscu/FORGE/cmd/forge/config.go:242.47,244.19 2 0
github.com/bogdan-velscu/FORGE/cmd/forge/config.go:244.19,246.4 1 0
github.com/bogdan-velscu/FORGE/cmd/forge/config.go:247.3,247.19 1 0
github.com/bogdan-velscu/FORGE/cmd/forge/config.go:247.19,249.4 1 0
github.com/bogdan-velscu/FORGE/cmd/forge/config.go:251.3,252.19 2 0
github.com/bogdan-velscu/FORGE/cmd/forge/config.go:252.19,254.4 1 0
github.com/bogdan-velscu/FORGE/cmd/forge/config.go:256.3,257.22 2 0
github.com/bogdan-velscu/FORGE/cmd/forge/config.go:257.22,259.4 1 0
github.com/bogdan-velscu/FORGE/cmd/forge/config.go:260.3,260.22 1 0
github.com/bogdan-velscu/FORGE/cmd/forge/config.go:260.22,262.4 1 0
github.com/bogdan-velscu/FORGE/cmd/forge/config.go:264.3,266.50 3 0
github.com/bogdan-velscu/FORGE/cmd/forge/context.go:25.54,35.17 8 1
github.com/bogdan-velscu/FORGE/cmd/forge/context.go:35.17,37.4 1 0
github.com/bogdan-velscu/FORGE/cmd/forge/context.go:39.3,40.67 2 1
github.com/bogdan-velscu/FORGE/cmd/forge/context.go:40.67,42.4 1 0
github.com/bogdan-velscu/FORGE/cmd/forge/context.go:44.3,44.24 1 1
github.com/bogdan-velscu/FORGE/cmd/forge/context.go:44.24,46.4 1 1
github.com/bogdan-velscu/FORGE/cmd/forge/context.go:47.3,47.13 1 1
github.com/bogdan-velscu/FORGE/cmd/forge/context.go:57.54,66.17 7 1
github.com/bogdan-velscu/FORGE/cmd/forge/context.go:66.17,68.4 1 1
github.com/bogdan-velscu/FORGE/cmd/forge/context.go:70.3,71.42 2 1
github.com/bogdan-velscu/FORGE/cmd/forge/context.go:80.54,89.32 8 0
github.com/bogdan-velscu/FORGE/cmd/forge/context.go:89.32,91.4 1 0
github.com/bogdan-velscu/FORGE/cmd/forge/context.go:93.3,93.17 1 0
github.com/bogdan-velscu/FORGE/cmd/forge/context.go:93.17,95.18 2 0
github.com/bogdan-velscu/FORGE/cmd/forge/context.go:95.18,97.5 1 0
github.com/bogdan-velscu/FORGE/cmd/forge/context.go:98.4,98.26 1 0
github.com/bogdan-velscu/FORGE/cmd/forge/context.go:101.3,101.20 1 0
github.com/bogdan-velscu/FORGE/cmd/forge/context.go:101.20,103.4 1 0
github.com/bogdan-velscu/FORGE/cmd/forge/context.go:105.3,118.17 6 0
github.com/bogdan-velscu/FORGE/cmd/forge/context.go:118.17,120.4 1 0
github.com/bogdan-velscu/FORGE/cmd/forge/context.go:122.3,123.23 2 0
github.com/bogdan-velscu/FORGE/cmd/forge/context.go:123.23,125.4 1 0
github.com/bogdan-velscu/FORGE/cmd/forge/context.go:126.3,127.13 2 0
github.com/bogdan-velscu/FORGE/cmd/forge/context.go:136.54,141.33 4 0
github.com/bogdan-velscu/FORGE/cmd/forge/context.go:141.33,143.4 1 0
github.com/bogdan-velscu/FORGE/cmd/forge/context.go:145.3,146.17 2 0
github.com/bogdan-velscu/FORGE/cmd/forge/context.go:146.17,148.4 1 0
github.com/bogdan-velscu/FORGE/cmd/forge/context.go:150.3,167.17 7 0
github.com/bogdan-velscu/FORGE/cmd/forge/context.go:167.17,169.4 1 0
github.com/bogdan-velscu/FORGE/cmd/forge/context.go:171.3,172.23 2 0
github.com/bogdan-velscu/FORGE/cmd/forge/context.go:172.23,174.4 1 0
github.com/bogdan-velscu/FORGE/cmd/forge/context.go:175.3,176.13 2 0
github.com/bogdan-velscu/FORGE/cmd/forge/context.go:180.13,202.2 14 1
github.com/bogdan-velscu/FORGE/cmd/forge/control_plane.go:23.13,28.2 4 1
github.com/bogdan-velscu/FORGE/cmd/forge/control_plane.go:34.54,38.17 3 0
github.com/bogdan-velscu/FORGE/cmd/forge/control_plane.go:38.17,40.4 1 0
github.com/bogdan-velscu/FORGE/cmd/forge/control_plane.go:42.3,46.30 3 0
github.com/bogdan-velscu/FORGE/cmd/forge/control_plane.go:46.30,48.4 1 0
github.com/bogdan-velscu/FORGE/cmd/forge/control_plane.go:51.3,52.31 2 0
github.com/bogdan-velscu/FORGE/cmd/forge/control_plane.go:52.31,54.23 2 0
github.com/bogdan-velscu/FORGE/cmd/forge/control_plane.go:54.23,56.5 1 0
github.com/bogdan-velscu/FORGE/cmd/forge/control_plane.go:57.4,57.23 1 0
github.com/bogdan-velscu/FORGE/cmd/forge/control_plane.go:57.23,59.5 1 0
github.com/bogdan-velscu/FORGE/cmd/forge/control_plane.go:62.3,70.28 2 0
github.com/bogdan-velscu/FORGE/cmd/forge/control_plane.go:70.28,71.49 1 0
github.com/bogdan-velscu/FORGE/cmd/forge/control_plane.go:71.49,73.5 1 0
github.com/bogdan-velscu/FORGE/cmd/forge/control_plane.go:77.3,77.17 1 0
github.com/bogdan-velscu/FORGE/cmd/forge/control_plane.go:77.17,79.4 1 0
github.com/bogdan-velscu/FORGE/cmd/forge/control_plane.go:82.3,82.13 1 0
github.com/bogdan-velscu/FORGE/cmd/forge/control_plane.go:82.13,84.4 1 0
github.com/bogdan-velscu/FORGE/cmd/forge/control_plane.go:87.3,87.47 1 0
github.com/bogdan-velscu/FORGE/cmd/forge/control_plane.go:95.54,96.31 1 0
github.com/bogdan-velscu/FORGE/cmd/forge/control_plane.go:96.31,99.4 2 0
github.com/bogdan-velscu/FORGE/cmd/forge/control_plane.go:101.3,106.17 4 0
github.com/bogdan-velscu/FORGE/cmd/forge/control_plane.go:106.17,108.77 2 0
github.com/bogdan-velscu/FORGE/cmd/forge/control_plane.go:108.77,109.62 1 0
github.com/bogdan-velscu/FORGE/cmd/forge/control_plane.go:109.62,112.6 1 0
github.com/bogdan-velscu/FORGE/cmd/forge/control_plane.go:117.3,120.13 3 0
github.com/bogdan-velscu/FORGE/cmd/forge/control_plane.go:128.47,129.30 1 1
github.com/bogdan-velscu/FORGE/cmd/forge/control_plane.go:129.30,131.18 2 0
github.com/bogdan-velscu/FORGE/cmd/forge/control_plane.go:131.18,134.5 2 0
github.com/bogdan-velscu/FORGE/cmd/forge/control_plane.go:135.9,137.4 1 1
github.com/bogdan-velscu/FORGE/cmd/forge/control_plane.go:145.54,151.53 4 0
github.com/bogdan-velscu/FORGE/cmd/forge/control_plane.go:151.53,153.4 1 0
github.com/bogdan-velscu/FORGE/cmd/forge/control_plane.go:155.3,156.13 2 0
github.com/bogdan-velscu/FORGE/cmd/forge/control_plane.go:156.13,158.4 1 0
github.com/bogdan-velscu/FORGE/cmd/forge/control_plane.go:159.3,159.15 1 0
github.com/bogdan-velscu/FORGE/cmd/forge/control_plane.go:159.15,161.4 1 0
github.com/bogdan-velscu/FORGE/cmd/forge/control_plane.go:162.3,167.23 5 0
github.com/bogdan-velscu/FORGE/cmd/forge/control_plane.go:171.13,177.2 4 1
github.com/bogdan-velscu/FORGE/cmd/forge/control_plane.go:179.35,182.16 3 1
github.com/bogdan-velscu/FORGE/cmd/forge/control_plane.go:182.16,184.3 1 1
github.com/bogdan-velscu/FORGE/cmd/forge/control_plane.go:186.2,187.76 2 0
github.com/bogdan-velscu/FORGE/cmd/forge/control_plane.go:187.76,189.3 1 0
github.com/bogdan-velscu/FORGE/cmd/forge/control_plane.go:192.2,192.36 1 0
github.com/bogdan-velscu/FORGE/cmd/forge/control_plane.go:195.26,197.21 2 1
github.com/bogdan-velscu/FORGE/cmd/forge/control_plane.go:197.21,199.3 1 1
github.com/bogdan-velscu/FORGE/cmd/forge/control_plane.go:200.2,200.21 1 1
github.com/bogdan-velscu/FORGE/cmd/forge/control_plane.go:200.21,202.3 1 0
github.com/bogdan-velscu/FORGE/cmd/forge/control_plane.go:203.2,203.64 1 1
github.com/bogdan-velscu/FORGE/cmd/forge/control_plane.go:206.26,208.21 2 1
github.com/bogdan-velscu/FORGE/cmd/forge/control_plane.go:208.21,210.3 1 1
github.com/bogdan-velscu/FORGE/cmd/forge/control_plane.go:211.2,211.21 1 1
github.com/bogdan-velscu/FORGE/cmd/forge/control_plane.go:211.21,213.3 1 0
github.com/bogdan-velscu/FORGE/cmd/forge/control_plane.go:214.2,214.72 1 1
github.com/bogdan-velscu/FORGE/cmd/forge/control_plane.go:217.49,227.2 5 0
github.com/bogdan-velscu/FORGE/cmd/forge/control_plane.go:229.50,237.12 5 0
github.com/bogdan-velscu/FORGE/cmd/forge/control_plane.go:237.12,241.3 3 0
github.com/bogdan-velscu/FORGE/cmd/forge/control_plane.go:243.2,243.29 1 0
github.com/bogdan-velscu/FORGE/cmd/forge/control_plane.go:246.42,248.65 2 0
github.com/bogdan-velscu/FORGE/cmd/forge/control_plane.go:248.65,250.3 1 0
github.com/bogdan-velscu/FORGE/cmd/forge/control_plane.go:252.2,253.16 2 0
github.com/bogdan-velscu/FORGE/cmd/forge/control_plane.go:253.16,255.3 1 0
github.com/bogdan-velscu/FORGE/cmd/forge/control_plane.go:256.2,260.16 3 0
github.com/bogdan-velscu/FORGE/cmd/forge/control_plane.go:260.16,262.3 1 0
github.com/bogdan-velscu/FORGE/cmd/forge/control_plane.go:264.2,271.36 5 0
github.com/bogdan-velscu/FORGE/cmd/forge/control_plane.go:271.36,273.3 1 0
github.com/bogdan-velscu/FORGE/cmd/forge/control_plane.go:276.2,277.96 2 0
github.com/bogdan-velscu/FORGE/cmd/forge/control_plane.go:277.96,280.3 2 0
github.com/bogdan-velscu/FORGE/cmd/forge/control_plane.go:282.2,286.12 3 0
github.com/bogdan-velscu/FORGE/cmd/forge/control_plane.go:286.12,289.3 2 0
github.com/bogdan-velscu/FORGE/cmd/forge/control_plane.go:292.2,293.12 2 0
github.com/bogdan-velscu/FORGE/cmd/forge/daemon.go:31.40,33.16 2 1
github.com/bogdan-velscu/FORGE/cmd/forge/daemon.go:33.16,35.3 1 1
github.com/bogdan-velscu/FORGE/cmd/forge/daemon.go:36.2,37.13 2 1
github.com/bogdan-velscu/FORGE/cmd/forge/daemon.go:41.27,43.16 2 1
github.com/bogdan-velscu/FORGE/cmd/forge/daemon.go:43.16,45.3 1 1
github.com/bogdan-velscu/FORGE/cmd/forge/daemon.go:46.2,46.54 1 1
github.com/bogdan-velscu/FORGE/cmd/forge/daemon.go:50.33,52.16 2 1
github.com/bogdan-velscu/FORGE/cmd/forge/daemon.go:52.16,54.3 1 1
github.com/bogdan-velscu/FORGE/cmd/forge/daemon.go:55.2,55.54 1 1
github.com/bogdan-velscu/FORGE/cmd/forge/daemon.go:59.34,62.65 2 1
github.com/bogdan-velscu/FORGE/cmd/forge/daemon.go:62.65,64.3 1 0
github.com/bogdan-velscu/FORGE/cmd/forge/daemon.go:65.2,65.68 1 1
github.com/bogdan-velscu/FORGE/cmd/forge/daemon.go:69.28,71.2 1 1
github.com/bogdan-velscu/FORGE/cmd/forge/daemon.go:74.28,76.45 1 1
github.com/bogdan-velscu/FORGE/cmd/forge/daemon.go:76.45,77.39 1 1
github.com/bogdan-velscu/FORGE/cmd/forge/daemon.go:77.39,79.4 1 1
github.com/bogdan-velscu/FORGE/cmd/forge/daemon.go:83.2,84.16 2 1
github.com/bogdan-velscu/FORGE/cmd/forge/daemon.go:84.16,92.40 3 1
github.com/bogdan-velscu/FORGE/cmd/forge/daemon.go:92.40,93.59 1 1
github.com/bogdan-velscu/FORGE/cmd/forge/daemon.go:93.59,94.47 1 1
github.com/bogdan-velscu/FORGE/cmd/forge/daemon.go:94.47,96.6 1 0
github.com/bogdan-velscu/FORGE/cmd/forge/daemon.go:102.2,103.21 2 1
github.com/bogdan-velscu/FORGE/cmd/forge/daemon.go:103.21,105.47 2 1
github.com/bogdan-velscu/FORGE/cmd/forge/daemon.go:105.47,107.4 1 1
github.com/bogdan-velscu/FORGE/cmd/forge/daemon.go:111.2,111.31 1 1
github.com/bogdan-velscu/FORGE/cmd/forge/daemon.go:111.31,112.61 1 0
github.com/bogdan-velscu/FORGE/cmd/forge/daemon.go:112.61,114.4 1 0
github.com/bogdan-velscu/FORGE/cmd/forge/daemon.go:115.8,116.57 1 1
github.com/bogdan-velscu/FORGE/cmd/forge/daemon.go:116.57,118.4 1 0
github.com/bogdan-velscu/FORGE/cmd/forge/daemon.go:121.2,121.11 1 1
github.com/bogdan-velscu/FORGE/cmd/forge/daemon.go:125.47,127.30 2 0
github.com/bogdan-velscu/FORGE/cmd/forge/daemon.go:127.30,129.3 1 0
github.com/bogdan-velscu/FORGE/cmd/forge/daemon.go:129.8,129.36 1 0
github.com/bogdan-velscu/FORGE/cmd/forge/daemon.go:129.36,133.3 2 0
github.com/bogdan-velscu/FORGE/cmd/forge/daemon.go:133.8,135.3 1 0
github.com/bogdan-velscu/FORGE/cmd/forge/daemon.go:137.2,138.16 2 0
github.com/bogdan-velscu/FORGE/cmd/forge/daemon.go:138.16,140.3 1 0
github.com/bogdan-velscu/FORGE/cmd/forge/daemon.go:142.2,143.18 2 0
github.com/bogdan-velscu/FORGE/cmd/forge/daemon.go:143.18,145.3 1 0
github.com/bogdan-velscu/FORGE/cmd/forge/daemon.go:148.2,149.29 2 0
github.com/bogdan-velscu/FORGE/cmd/forge/daemon.go:157.54,162.30 3 1
github.com/bogdan-velscu/FORGE/cmd/forge/daemon.go:162.30,165.16 2 1
github.com/bogdan-velscu/FORGE/cmd/forge/daemon.go:165.16,167.5 1 0
github.com/bogdan-velscu/FORGE/cmd/forge/daemon.go:168.4,169.15 2 1
github.com/bogdan-velscu/FORGE/cmd/forge/daemon.go:169.15,171.5 1 1
github.com/bogdan-velscu/FORGE/cmd/forge/daemon.go:171.10,173.5 1 0
github.com/bogdan-velscu/FORGE/cmd/forge/daemon.go:174.4,174.14 1 1
github.com/bogdan-velscu/FORGE/cmd/forge/daemon.go:178.3,179.23 2 1
github.com/bogdan-velscu/FORGE/cmd/forge/daemon.go:179.23,181.4 1 0
github.com/bogdan-velscu/FORGE/cmd/forge/daemon.go:183.3,183.17 1 1
github.com/bogdan-velscu/FORGE/cmd/forge/daemon.go:183.17,193.4 7 0
github.com/bogdan-velscu/FORGE/cmd/forge/daemon.go:196.3,197.17 2 1
github.com/bogdan-velscu/FORGE/cmd/forge/daemon.go:197.17,199.4 1 0
github.com/bogdan-velscu/FORGE/cmd/forge/daemon.go:200.3,204.17 5 1
github.com/bogdan-velscu/FORGE/cmd/forge/daemon.go:204.17,206.4 1 0
github.com/bogdan-velscu/FORGE/cmd/forge/daemon.go:207.3,216.41 6 1
github.com/bogdan-velscu/FORGE/cmd/forge/daemon.go:216.41,218.4 1 0
github.com/bogdan-velscu/FORGE/cmd/forge/daemon.go:220.3,224.27 3 1
github.com/bogdan-velscu/FORGE/cmd/forge/daemon.go:224.27,226.31 2 1
github.com/bogdan-velscu/FORGE/cmd/forge/daemon.go:226.31,228.10 2 1
github.com/bogdan-velscu/FORGE/cmd/forge/daemon.go:232.3,232.15 1 1
github.com/bogdan-velscu/FORGE/cmd/forge/daemon.go:232.15,236.4 2 0
github.com/bogdan-velscu/FORGE/cmd/forge/daemon.go:239.3,239.43 1 1
github.com/bogdan-velscu/FORGE/cmd/forge/daemon.go:239.43,242.4 1 0
github.com/bogdan-velscu/FORGE/cmd/forge/daemon.go:244.3,246.13 3 1
github.com/bogdan-velscu/FORGE/cmd/forge/daemon.go:255.54,260.31 3 1
github.com/bogdan-velscu/FORGE/cmd/forge/daemon.go:260.31,265.4 4 0
github.com/bogdan-velscu/FORGE/cmd/forge/daemon.go:268.3,269.17 2 1
github.com/bogdan-velscu/FORGE/cmd/forge/daemon.go:269.17,271.18 2 0
github.com/bogdan-velscu/FORGE/cmd/forge/daemon.go:271.18,273.5 1 0
github.com/bogdan-velscu/FORGE/cmd/forge/daemon.go:277.3,278.12 2 1
github.com/bogdan-velscu/FORGE/cmd/forge/daemon.go:278.12,280.4 1 0
github.com/bogdan-velscu/FORGE/cmd/forge/daemon.go:282.3,282.48 1 1
github.com/bogdan-velscu/FORGE/cmd/forge/daemon.go:282.48,285.18 2 0
github.com/bogdan-velscu/FORGE/cmd/forge/daemon.go:285.18,287.5 1 0
github.com/bogdan-velscu/FORGE/cmd/forge/daemon.go:288.4,288.49 1 0
github.com/bogdan-velscu/FORGE/cmd/forge/daemon.go:288.49,290.5 1 0
github.com/bogdan-velscu/FORGE/cmd/forge/daemon.go:294.3,295.27 2 1
github.com/bogdan-velscu/FORGE/cmd/forge/daemon.go:295.27,297.32 2 1
github.com/bogdan-velscu/FORGE/cmd/forge/daemon.go:297.32,299.10 2 1
github.com/bogdan-velscu/FORGE/cmd/forge/daemon.go:303.3,304.14 2 1
github.com/bogdan-velscu/FORGE/cmd/forge/daemon.go:304.14,307.4 2 1
github.com/bogdan-velscu/FORGE/cmd/forge/daemon.go:307.9,307.20 1 0
github.com/bogdan-velscu/FORGE/cmd/forge/daemon.go:307.20,311.32 3 0
github.com/bogdan-velscu/FORGE/cmd/forge/daemon.go:311.32,314.5 2 0
github.com/bogdan-velscu/FORGE/cmd/forge/daemon.go:314.10,316.5 1 0
github.com/bogdan-velscu/FORGE/cmd/forge/daemon.go:317.9,319.4 1 0
github.com/bogdan-velscu/FORGE/cmd/forge/daemon.go:321.3,321.13 1 1
github.com/bogdan-velscu/FORGE/cmd/forge/daemon.go:330.54,339.18 5 1
github.com/bogdan-velscu/FORGE/cmd/forge/daemon.go:339.18,340.24 1 0
github.com/bogdan-velscu/FORGE/cmd/forge/daemon.go:340.24,344.5 1 0
github.com/bogdan-velscu/FORGE/cmd/forge/daemon.go:345.4,345.25 1 0
github.com/bogdan-velscu/FORGE/cmd/forge/daemon.go:345.25,347.5 1 0
github.com/bogdan-velscu/FORGE/cmd/forge/daemon.go:348.4,349.14 2 0
github.com/bogdan-velscu/FORGE/cmd/forge/daemon.go:353.3,354.15 2 1
github.com/bogdan-velscu/FORGE/cmd/forge/daemon.go:354.15,356.4 1 0
github.com/bogdan-velscu/FORGE/cmd/forge/daemon.go:359.3,365.53 6 1
github.com/bogdan-velscu/FORGE/cmd/forge/daemon.go:365.53,369.65 3 1
github.com/bogdan-velscu/FORGE/cmd/forge/daemon.go:369.65,371.69 2 1
github.com/bogdan-velscu/FORGE/cmd/forge/daemon.go:371.69,373.6 1 1
github.com/bogdan-velscu/FORGE/cmd/forge/daemon.go:377.3,377.23 1 1
github.com/bogdan-velscu/FORGE/cmd/forge/daemon.go:377.23,386.4 1 0
github.com/bogdan-velscu/FORGE/cmd/forge/daemon.go:388.3,388.24 1 1
github.com/bogdan-velscu/FORGE/cmd/forge/daemon.go:388.24,390.4 1 0
github.com/bogdan-velscu/FORGE/cmd/forge/daemon.go:392.3,393.14 2 1
github.com/bogdan-velscu/FORGE/cmd/forge/daemon.go:393.14,395.4 1 1
github.com/bogdan-velscu/FORGE/cmd/forge/daemon.go:396.3,397.16 2 1
github.com/bogdan-velscu/FORGE/cmd/forge/daemon.go:397.16,399.4 1 1
github.com/bogdan-velscu/FORGE/cmd/forge/daemon.go:399.9,401.4 1 0
github.com/bogdan-velscu/FORGE/cmd/forge/daemon.go:402.3,403.51 2 1
github.com/bogdan-velscu/FORGE/cmd/forge/daemon.go:403.51,405.4 1 1
github.com/bogdan-velscu/FORGE/cmd/forge/daemon.go:407.3,407.13 1 1
github.com/bogdan-velscu/FORGE/cmd/forge/daemon.go:416.54,423.30 4 1
github.com/bogdan-velscu/FORGE/cmd/forge/daemon.go:423.30,425.56 2 0
github.com/bogdan-velscu/FORGE/cmd/forge/daemon.go:425.56,427.5 1 0
github.com/bogdan-velscu/FORGE/cmd/forge/daemon.go:428.4,428.38 1 0
github.com/bogdan-velscu/FORGE/cmd/forge/daemon.go:432.3,433.17 2 1
github.com/bogdan-velscu/FORGE/cmd/forge/daemon.go:433.17,436.4 1 0
github.com/bogdan-velscu/FORGE/cmd/forge/daemon.go:437.3,437.40 1 1
github.com/bogdan-velscu/FORGE/cmd/forge/daemon.go:441.13,461.2 10 1
github.com/bogdan-velscu/FORGE/cmd/forge/daemon.go:468.54,477.23 6 0
github.com/bogdan-velscu/FORGE/cmd/forge/daemon.go:477.23,479.4 1 0
github.com/bogdan-velscu/FORGE/cmd/forge/daemon.go:482.3,483.17 2 0
github.com/bogdan-velscu/FORGE/cmd/forge/daemon.go:483.17,485.4 1 0
github.com/bogdan-velscu/FORGE/cmd/forge/daemon.go:488.3,492.11 4 0
github.com/bogdan-velscu/FORGE/cmd/forge/daemon.go:492.11,514.4 4 0
github.com/bogdan-velscu/FORGE/cmd/forge/daemon.go:514.9,535.4 3 0
github.com/bogdan-velscu/FORGE/cmd/forge/daemon.go:538.3,538.74 1 0
github.com/bogdan-velscu/FORGE/cmd/forge/daemon.go:538.74,540.4 1 0
github.com/bogdan-velscu/FORGE/cmd/forge/daemon.go:542.3,542.82 1 0
github.com/bogdan-velscu/FORGE/cmd/forge/daemon.go:542.82,544.4 1 0
github.com/bogdan-velscu/FORGE/cmd/forge/daemon.go:546.3,549.12 2 0
github.com/bogdan-velscu/FORGE/cmd/forge/daemon.go:549.12,551.42 2 0
github.com/bogdan-velscu/FORGE/cmd/forge/daemon.go:551.42,553.5 1 0
github.com/bogdan-velscu/FORGE/cmd/forge/daemon.go:556.3,556.13 1 0
github.com/bogdan-velscu/FORGE/cmd/forge/daemon.go:556.13,558.12 2 0
github.com/bogdan-velscu/FORGE/cmd/forge/daemon.go:558.12,560.5 1 0
github.com/bogdan-velscu/FORGE/cmd/forge/daemon.go:560.10,562.5 1 0
github.com/bogdan-velscu/FORGE/cmd/forge/daemon.go:563.4,563.42 1 0
github.com/bogdan-velscu/FORGE/cmd/forge/daemon.go:563.42,565.5 1 0
github.com/bogdan-velscu/FORGE/cmd/forge/daemon.go:566.4,566.71 1 0
github.com/bogdan-velscu/FORGE/cmd/forge/daemon.go:569.3,570.11 2 0
github.com/bogdan-velscu/FORGE/cmd/forge/daemon.go:570.11,572.4 1 0
github.com/bogdan-velscu/FORGE/cmd/forge/daemon.go:572.9,574.4 1 0
github.com/bogdan-velscu/FORGE/cmd/forge/daemon.go:576.3,576.13 1 0
github.com/bogdan-velscu/FORGE/cmd/forge/domain.go:44.54,49.17 4 1
github.com/bogdan-velscu/FORGE/cmd/forge/domain.go:49.17,51.4 1 0
github.com/bogdan-velscu/FORGE/cmd/forge/domain.go:54.3,54.17 1 1
github.com/bogdan-velscu/FORGE/cmd/forge/domain.go:54.17,56.30 2 1
github.com/bogdan-velscu/FORGE/cmd/forge/domain.go:56.30,57.17 1 1
github.com/bogdan-velscu/FORGE/cmd/forge/domain.go:57.17,59.6 1 1
github.com/bogdan-velscu/FORGE/cmd/forge/domain.go:61.4,61.22 1 1
github.com/bogdan-velscu/FORGE/cmd/forge/domain.go:64.3,65.58 2 1
github.com/bogdan-velscu/FORGE/cmd/forge/domain.go:65.58,67.4 1 0
github.com/bogdan-velscu/FORGE/cmd/forge/domain.go:69.3,69.24 1 1
github.com/bogdan-velscu/FORGE/cmd/forge/domain.go:69.24,71.4 1 1
github.com/bogdan-velscu/FORGE/cmd/forge/domain.go:72.3,72.13 1 1
github.com/bogdan-velscu/FORGE/cmd/forge/domain.go:82.54,87.17 4 1
github.com/bogdan-velscu/FORGE/cmd/forge/domain.go:87.17,89.4 1 0
github.com/bogdan-velscu/FORGE/cmd/forge/domain.go:91.3,92.29 2 1
github.com/bogdan-velscu/FORGE/cmd/forge/domain.go:92.29,93.26 1 1
github.com/bogdan-velscu/FORGE/cmd/forge/domain.go:93.26,95.10 2 1
github.com/bogdan-velscu/FORGE/cmd/forge/domain.go:99.3,99.20 1 1
github.com/bogdan-velscu/FORGE/cmd/forge/domain.go:99.20,101.4 1 1
github.com/bogdan-velscu/FORGE/cmd/forge/domain.go:103.3,104.46 2 1
github.com/bogdan-velscu/FORGE/cmd/forge/domain.go:113.54,118.16 4 1
github.com/bogdan-velscu/FORGE/cmd/forge/domain.go:118.16,120.4 1 1
github.com/bogdan-velscu/FORGE/cmd/forge/domain.go:121.3,121.17 1 1
github.com/bogdan-velscu/FORGE/cmd/forge/domain.go:121.17,123.4 1 1
github.com/bogdan-velscu/FORGE/cmd/forge/domain.go:126.3,133.23 3 1
github.com/bogdan-velscu/FORGE/cmd/forge/domain.go:133.23,135.4 1 1
github.com/bogdan-velscu/FORGE/cmd/forge/domain.go:136.3,138.13 3 1
github.com/bogdan-velscu/FORGE/cmd/forge/domain.go:148.47,161.32 5 1
github.com/bogdan-velscu/FORGE/cmd/forge/domain.go:161.32,163.17 2 1
github.com/bogdan-velscu/FORGE/cmd/forge/domain.go:163.17,164.9 1 1
github.com/bogdan-velscu/FORGE/cmd/forge/domain.go:166.3,166.16 1 0
github.com/bogdan-velscu/FORGE/cmd/forge/domain.go:169.2,169.17 1 1
github.com/bogdan-velscu/FORGE/cmd/forge/domain.go:169.17,171.3 1 0
github.com/bogdan-velscu/FORGE/cmd/forge/domain.go:173.2,174.56 2 1
github.com/bogdan-velscu/FORGE/cmd/forge/domain.go:174.56,176.3 1 0
github.com/bogdan-velscu/FORGE/cmd/forge/domain.go:179.2,180.44 2 1
github.com/bogdan-velscu/FORGE/cmd/forge/domain.go:180.44,183.3 2 1
github.com/bogdan-velscu/FORGE/cmd/forge/domain.go:185.2,185.21 1 1
github.com/bogdan-velscu/FORGE/cmd/forge/domain.go:188.13,200.2 6 1
github.com/bogdan-velscu/FORGE/cmd/forge/fleet.go:105.48,108.2 2 1
github.com/bogdan-velscu/FORGE/cmd/forge/fleet.go:110.32,112.21 2 1
github.com/bogdan-velscu/FORGE/cmd/forge/fleet.go:112.21,114.32 2 0
github.com/bogdan-velscu/FORGE/cmd/forge/fleet.go:114.32,115.67 1 0
github.com/bogdan-velscu/FORGE/cmd/forge/fleet.go:115.67,117.10 2 0
github.com/bogdan-velscu/FORGE/cmd/forge/fleet.go:119.4,120.21 2 0
github.com/bogdan-velscu/FORGE/cmd/forge/fleet.go:120.21,121.10 1 0
github.com/bogdan-velscu/FORGE/cmd/forge/fleet.go:123.4,123.16 1 0
github.com/bogdan-velscu/FORGE/cmd/forge/fleet.go:126.2,126.21 1 1
github.com/bogdan-velscu/FORGE/cmd/forge/fleet.go:126.21,128.3 1 0
github.com/bogdan-velscu/FORGE/cmd/forge/fleet.go:129.2,129.64 1 1
github.com/bogdan-velscu/FORGE/cmd/forge/fleet.go:133.65,137.16 3 1
github.com/bogdan-velscu/FORGE/cmd/forge/fleet.go:137.16,138.25 1 0
github.com/bogdan-velscu/FORGE/cmd/forge/fleet.go:138.25,140.4 1 0
github.com/bogdan-velscu/FORGE/cmd/forge/fleet.go:141.3,141.18 1 0
github.com/bogdan-velscu/FORGE/cmd/forge/fleet.go:144.2,144.32 1 1
github.com/bogdan-velscu/FORGE/cmd/forge/fleet.go:144.32,145.65 1 0
github.com/bogdan-velscu/FORGE/cmd/forge/fleet.go:145.65,146.12 1 0
github.com/bogdan-velscu/FORGE/cmd/forge/fleet.go:149.3,151.17 3 0
github.com/bogdan-velscu/FORGE/cmd/forge/fleet.go:151.17,152.12 1 0
github.com/bogdan-velscu/FORGE/cmd/forge/fleet.go:155.3,156.54 2 0
github.com/bogdan-velscu/FORGE/cmd/forge/fleet.go:156.54,157.12 1 0
github.com/bogdan-velscu/FORGE/cmd/forge/fleet.go:159.3,159.33 1 0
github.com/bogdan-velscu/FORGE/cmd/forge/fleet.go:162.2,162.20 1 1
github.com/bogdan-velscu/FORGE/cmd/forge/fleet.go:166.72,169.16 3 1
github.com/bogdan-velscu/FORGE/cmd/forge/fleet.go:169.16,171.3 1 1
github.com/bogdan-velscu/FORGE/cmd/forge/fleet.go:173.2,174.53 2 1
github.com/bogdan-velscu/FORGE/cmd/forge/fleet.go:174.53,176.3 1 0
github.com/bogdan-velscu/FORGE/cmd/forge/fleet.go:177.2,177.20 1 1
github.com/bogdan-velscu/FORGE/cmd/forge/fleet.go:181.66,182.56 1 1
github.com/bogdan-velscu/FORGE/cmd/forge/fleet.go:182.56,184.3 1 0
github.com/bogdan-velscu/FORGE/cmd/forge/fleet.go:186.2,188.16 3 1
github.com/bogdan-velscu/FORGE/cmd/forge/fleet.go:188.16,190.3 1 0
github.com/bogdan-velscu/FORGE/cmd/forge/fleet.go:192.2,192.39 1 1
github.com/bogdan-velscu/FORGE/cmd/forge/fleet.go:196.67,198.16 2 0
github.com/bogdan-velscu/FORGE/cmd/forge/fleet.go:198.16,200.3 1 0
github.com/bogdan-velscu/FORGE/cmd/forge/fleet.go:202.2,212.31 4 0
github.com/bogdan-velscu/FORGE/cmd/forge/fleet.go:212.31,215.34 2 0
github.com/bogdan-velscu/FORGE/cmd/forge/fleet.go:215.34,217.4 1 0
github.com/bogdan-velscu/FORGE/cmd/forge/fleet.go:219.3,219.64 1 0
github.com/bogdan-velscu/FORGE/cmd/forge/fleet.go:219.64,221.4 1 0
github.com/bogdan-velscu/FORGE/cmd/forge/fleet.go:223.3,223.33 1 0
github.com/bogdan-velscu/FORGE/cmd/forge/fleet.go:223.33,225.4 1 0
github.com/bogdan-velscu/FORGE/cmd/forge/fleet.go:228.3,229.33 2 0
github.com/bogdan-velscu/FORGE/cmd/forge/fleet.go:229.33,230.54 1 0
github.com/bogdan-velscu/FORGE/cmd/forge/fleet.go:230.54,233.5 2 0
github.com/bogdan-velscu/FORGE/cmd/forge/fleet.go:236.3,236.32 1 0
github.com/bogdan-velscu/FORGE/cmd/forge/fleet.go:236.32,238.4 1 0
github.com/bogdan-velscu/FORGE/cmd/forge/fleet.go:240.3,240.79 1 0
github.com/bogdan-velscu/FORGE/cmd/forge/fleet.go:240.79,242.4 1 0
github.com/bogdan-velscu/FORGE/cmd/forge/fleet.go:245.3,245.14 1 0
github.com/bogdan-velscu/FORGE/cmd/forge/fleet.go:245.14,251.4 1 0
github.com/bogdan-velscu/FORGE/cmd/forge/fleet.go:252.3,252.32 1 0
github.com/bogdan-velscu/FORGE/cmd/forge/fleet.go:252.32,258.4 1 0
github.com/bogdan-velscu/FORGE/cmd/forge/fleet.go:261.2,261.21 1 0
github.com/bogdan-velscu/FORGE/cmd/forge/fleet.go:265.130,267.16 2 0
github.com/bogdan-velscu/FORGE/cmd/forge/fleet.go:267.16,269.3 1 0
github.com/bogdan-velscu/FORGE/cmd/forge/fleet.go:272.2,273.31 2 0
github.com/bogdan-velscu/FORGE/cmd/forge/fleet.go:273.31,274.62 1 0
github.com/bogdan-velscu/FORGE/cmd/forge/fleet.go:274.62,275.12 1 0
github.com/bogdan-velscu/FORGE/cmd/forge/fleet.go:277.3,277.86 1 0
github.com/bogdan-velscu/FORGE/cmd/forge/fleet.go:277.86,278.12 1 0
github.com/bogdan-velscu/FORGE/cmd/forge/fleet.go:280.3,280.35 1 0
github.com/bogdan-velscu/FORGE/cmd/forge/fleet.go:283.2,283.23 1 0
github.com/bogdan-velscu/FORGE/cmd/forge/fleet.go:283.23,291.3 1 0
github.com/bogdan-velscu/FORGE/cmd/forge/fleet.go:294.2,295.25 2 0
github.com/bogdan-velscu/FORGE/cmd/forge/fleet.go:295.25,296.33 1 0
github.com/bogdan-velscu/FORGE/cmd/forge/fleet.go:296.33,298.4 1 0
github.com/bogdan-velscu/FORGE/cmd/forge/fleet.go:300.3,308.29 4 0
github.com/bogdan-velscu/FORGE/cmd/forge/fleet.go:311.2,312.28 2 0
github.com/bogdan-velscu/FORGE/cmd/forge/fleet.go:312.28,314.3 1 0
github.com/bogdan-velscu/FORGE/cmd/forge/fleet.go:316.2,322.8 1 0
github.com/bogdan-velscu/FORGE/cmd/forge/fleet.go:326.73,328.16 2 0
github.com/bogdan-velscu/FORGE/cmd/forge/fleet.go:328.16,330.3 1 0
github.com/bogdan-velscu/FORGE/cmd/forge/fleet.go:332.2,335.24 3 0
github.com/bogdan-velscu/FORGE/cmd/forge/fleet.go:335.24,336.74 1 0
github.com/bogdan-velscu/FORGE/cmd/forge/fleet.go:336.74,338.60 2 0
github.com/bogdan-velscu/FORGE/cmd/forge/fleet.go:338.60,340.5 1 0
github.com/bogdan-velscu/FORGE/cmd/forge/fleet.go:344.2,344.29 1 0
github.com/bogdan-velscu/FORGE/cmd/forge/fleet.go:348.74,350.16 2 0
github.com/bogdan-velscu/FORGE/cmd/forge/fleet.go:350.16,352.3 1 0
github.com/bogdan-velscu/FORGE/cmd/forge/fleet.go:354.2,357.24 3 0
github.com/bogdan-velscu/FORGE/cmd/forge/fleet.go:357.24,358.37 1 0
github.com/bogdan-velscu/FORGE/cmd/forge/fleet.go:358.37,360.58 2 0
github.com/bogdan-velscu/FORGE/cmd/forge/fleet.go:360.58,362.5 1 0
github.com/bogdan-velscu/FORGE/cmd/forge/fleet.go:366.2,366.30 1 0
github.com/bogdan-velscu/FORGE/cmd/forge/fleet.go:369.107,382.9 3 0
github.com/bogdan-velscu/FORGE/cmd/forge/fleet.go:382.9,384.3 1 0
github.com/bogdan-velscu/FORGE/cmd/forge/fleet.go:386.2,387.26 2 0
github.com/bogdan-velscu/FORGE/cmd/forge/fleet.go:387.26,388.20 1 0
github.com/bogdan-velscu/FORGE/cmd/forge/fleet.go:388.20,390.9 2 0
github.com/bogdan-velscu/FORGE/cmd/forge/fleet.go:394.2,394.20 1 0
github.com/bogdan-velscu/FORGE/cmd/forge/fleet.go:394.20,396.3 1 0
github.com/bogdan-velscu/FORGE/cmd/forge/fleet.go:399.2,409.36 5 0
github.com/bogdan-velscu/FORGE/cmd/forge/fleet.go:412.55,413.26 1 0
github.com/bogdan-velscu/FORGE/cmd/forge/fleet.go:413.26,414.16 1 0
github.com/bogdan-velscu/FORGE/cmd/forge/fleet.go:414.16,416.4 1 0
github.com/bogdan-velscu/FORGE/cmd/forge/fleet.go:418.2,418.14 1 0
github.com/bogdan-velscu/FORGE/cmd/forge/lane.go:24.54,32.17 6 1
github.com/bogdan-velscu/FORGE/cmd/forge/lane.go:32.17,34.4 1 0
github.com/bogdan-velscu/FORGE/cmd/forge/lane.go:36.3,37.61 2 1
github.com/bogdan-velscu/FORGE/cmd/forge/lane.go:37.61,39.4 1 0
github.com/bogdan-velscu/FORGE/cmd/forge/lane.go:41.3,41.24 1 1
github.com/bogdan-velscu/FORGE/cmd/forge/lane.go:41.24,43.4 1 1
github.com/bogdan-velscu/FORGE/cmd/forge/lane.go:44.3,44.13 1 1
github.com/bogdan-velscu/FORGE/cmd/forge/lane.go:54.54,63.17 7 1
github.com/bogdan-velscu/FORGE/cmd/forge/lane.go:63.17,65.4 1 0
github.com/bogdan-velscu/FORGE/cmd/forge/lane.go:67.3,68.36 2 1
github.com/bogdan-velscu/FORGE/cmd/forge/lane.go:76.54,78.3 1 0
github.com/bogdan-velscu/FORGE/cmd/forge/lane.go:86.54,101.62 9 1
github.com/bogdan-velscu/FORGE/cmd/forge/lane.go:101.62,103.4 1 0
github.com/bogdan-velscu/FORGE/cmd/forge/lane.go:105.3,107.13 3 1
github.com/bogdan-velscu/FORGE/cmd/forge/lane.go:111.13,121.2 6 1
github.com/bogdan-velscu/FORGE/cmd/forge/main.go:44.13,45.42 1 0
github.com/bogdan-velscu/FORGE/cmd/forge/main.go:45.42,48.3 2 0
github.com/bogdan-velscu/FORGE/cmd/forge/main.go:51.13,85.2 26 1
github.com/bogdan-velscu/FORGE/cmd/forge/main.go:87.19,105.19 11 1
github.com/bogdan-velscu/FORGE/cmd/forge/main.go:105.19,107.22 2 1
github.com/bogdan-velscu/FORGE/cmd/forge/main.go:107.22,109.4 1 1
github.com/bogdan-velscu/FORGE/cmd/forge/main.go:110.3,110.22 1 1
github.com/bogdan-velscu/FORGE/cmd/forge/main.go:110.22,112.49 2 1
github.com/bogdan-velscu/FORGE/cmd/forge/main.go:112.49,114.48 2 1
github.com/bogdan-velscu/FORGE/cmd/forge/main.go:114.49,116.6 0 1
github.com/bogdan-velscu/FORGE/cmd/forge/main.go:119.8,123.3 2 0
github.com/bogdan-velscu/FORGE/cmd/forge/main.go:127.2,129.44 3 1
github.com/bogdan-velscu/FORGE/cmd/forge/main.go:129.44,131.17 2 1
github.com/bogdan-velscu/FORGE/cmd/forge/main.go:131.17,134.47 3 1
github.com/bogdan-velscu/FORGE/cmd/forge/main.go:134.48,136.5 0 1
github.com/bogdan-velscu/FORGE/cmd/forge/main.go:141.2,142.45 2 1
github.com/bogdan-velscu/FORGE/cmd/forge/main.go:142.45,144.3 1 0
github.com/bogdan-velscu/FORGE/cmd/forge/main.go:148.29,150.16 2 1
github.com/bogdan-velscu/FORGE/cmd/forge/main.go:150.16,152.3 1 0
github.com/bogdan-velscu/FORGE/cmd/forge/main.go:154.2,154.6 1 1
github.com/bogdan-velscu/FORGE/cmd/forge/main.go:154.6,156.65 2 1
github.com/bogdan-velscu/FORGE/cmd/forge/main.go:156.65,158.4 1 1
github.com/bogdan-velscu/FORGE/cmd/forge/main.go:160.3,161.20 2 1
github.com/bogdan-velscu/FORGE/cmd/forge/main.go:161.20,162.9 1 1
github.com/bogdan-velscu/FORGE/cmd/forge/main.go:164.3,164.15 1 1
github.com/bogdan-velscu/FORGE/cmd/forge/main.go:167.2,167.11 1 1
github.com/bogdan-velscu/FORGE/cmd/forge/main.go:206.47,209.3 1 0
github.com/bogdan-velscu/FORGE/cmd/forge/main.go:217.54,220.3 1 0
github.com/bogdan-velscu/FORGE/cmd/forge/main.go:228.47,234.23 4 1
github.com/bogdan-velscu/FORGE/cmd/forge/main.go:234.23,236.4 1 1
github.com/bogdan-velscu/FORGE/cmd/forge/main.go:236.9,238.4 1 1
github.com/bogdan-velscu/FORGE/cmd/forge/patrol.go:59.54,64.17 4 1
github.com/bogdan-velscu/FORGE/cmd/forge/patrol.go:64.17,66.4 1 0
github.com/bogdan-velscu/FORGE/cmd/forge/patrol.go:69.3,69.23 1 1
github.com/bogdan-velscu/FORGE/cmd/forge/patrol.go:69.23,71.30 2 1
github.com/bogdan-velscu/FORGE/cmd/forge/patrol.go:71.30,72.46 1 1
github.com/bogdan-velscu/FORGE/cmd/forge/patrol.go:72.46,74.6 1 1
github.com/bogdan-velscu/FORGE/cmd/forge/patrol.go:76.4,76.22 1 1
github.com/bogdan-velscu/FORGE/cmd/forge/patrol.go:80.3,81.29 2 1
github.com/bogdan-velscu/FORGE/cmd/forge/patrol.go:81.29,95.4 1 1
github.com/bogdan-velscu/FORGE/cmd/forge/patrol.go:97.3,98.46 2 1
github.com/bogdan-velscu/FORGE/cmd/forge/patrol.go:108.54,113.17 4 1
github.com/bogdan-velscu/FORGE/cmd/forge/patrol.go:113.17,115.4 1 0
github.com/bogdan-velscu/FORGE/cmd/forge/patrol.go:118.3,119.26 2 1
github.com/bogdan-velscu/FORGE/cmd/forge/patrol.go:119.26,120.33 1 1
github.com/bogdan-velscu/FORGE/cmd/forge/patrol.go:120.33,122.10 2 1
github.com/bogdan-velscu/FORGE/cmd/forge/patrol.go:126.3,126.19 1 1
github.com/bogdan-velscu/FORGE/cmd/forge/patrol.go:126.19,128.4 1 0
github.com/bogdan-velscu/FORGE/cmd/forge/patrol.go:131.3,146.50 3 1
github.com/bogdan-velscu/FORGE/cmd/forge/patrol.go:156.54,163.17 5 1
github.com/bogdan-velscu/FORGE/cmd/forge/patrol.go:163.17,165.4 1 0
github.com/bogdan-velscu/FORGE/cmd/forge/patrol.go:167.3,168.26 2 1
github.com/bogdan-velscu/FORGE/cmd/forge/patrol.go:168.26,169.33 1 1
github.com/bogdan-velscu/FORGE/cmd/forge/patrol.go:169.33,171.10 2 1
github.com/bogdan-velscu/FORGE/cmd/forge/patrol.go:175.3,175.19 1 1
github.com/bogdan-velscu/FORGE/cmd/forge/patrol.go:175.19,177.4 1 0
github.com/bogdan-velscu/FORGE/cmd/forge/patrol.go:180.3,182.23 2 1
github.com/bogdan-velscu/FORGE/cmd/forge/patrol.go:182.23,185.4 2 1
github.com/bogdan-velscu/FORGE/cmd/forge/patrol.go:185.9,187.29 2 0
github.com/bogdan-velscu/FORGE/cmd/forge/patrol.go:187.29,189.5 1 0
github.com/bogdan-velscu/FORGE/cmd/forge/patrol.go:192.3,192.13 1 1
github.com/bogdan-velscu/FORGE/cmd/forge/patrol.go:204.38,207.21 2 1
github.com/bogdan-velscu/FORGE/cmd/forge/patrol.go:207.21,209.3 1 0
github.com/bogdan-velscu/FORGE/cmd/forge/patrol.go:211.2,211.21 1 1
github.com/bogdan-velscu/FORGE/cmd/forge/patrol.go:211.21,213.55 2 1
github.com/bogdan-velscu/FORGE/cmd/forge/patrol.go:213.55,215.57 2 0
github.com/bogdan-velscu/FORGE/cmd/forge/patrol.go:215.57,217.5 1 0
github.com/bogdan-velscu/FORGE/cmd/forge/patrol.go:222.2,222.30 1 1
github.com/bogdan-velscu/FORGE/cmd/forge/patrol.go:226.32,289.2 2 1
github.com/bogdan-velscu/FORGE/cmd/forge/patrol.go:292.64,294.16 1 1
github.com/bogdan-velscu/FORGE/cmd/forge/patrol.go:294.16,296.3 1 1
github.com/bogdan-velscu/FORGE/cmd/forge/patrol.go:298.2,310.32 4 1
github.com/bogdan-velscu/FORGE/cmd/forge/patrol.go:310.32,315.3 1 1
github.com/bogdan-velscu/FORGE/cmd/forge/patrol.go:317.2,317.52 1 1
github.com/bogdan-velscu/FORGE/cmd/forge/patrol.go:317.52,324.3 2 1
github.com/bogdan-velscu/FORGE/cmd/forge/patrol.go:327.2,327.13 1 1
github.com/bogdan-velscu/FORGE/cmd/forge/patrol.go:330.13,340.2 5 1
github.com/bogdan-velscu/FORGE/cmd/forge/pattern.go:59.54,65.17 5 1
github.com/bogdan-velscu/FORGE/cmd/forge/pattern.go:65.17,67.4 1 0
github.com/bogdan-velscu/FORGE/cmd/forge/pattern.go:70.3,70.21 1 1
github.com/bogdan-velscu/FORGE/cmd/forge/pattern.go:70.21,72.31 2 1
github.com/bogdan-velscu/FORGE/cmd/forge/pattern.go:72.31,73.48 1 1
github.com/bogdan-velscu/FORGE/cmd/forge/pattern.go:73.48,75.6 1 1
github.com/bogdan-velscu/FORGE/cmd/forge/pattern.go:77.4,77.23 1 1
github.com/bogdan-velscu/FORGE/cmd/forge/pattern.go:81.3,81.16 1 1
github.com/bogdan-velscu/FORGE/cmd/forge/pattern.go:81.16,83.31 2 1
github.com/bogdan-velscu/FORGE/cmd/forge/pattern.go:83.31,84.30 1 1
github.com/bogdan-velscu/FORGE/cmd/forge/pattern.go:84.30,85.35 1 1
github.com/bogdan-velscu/FORGE/cmd/forge/pattern.go:85.35,87.12 2 1
github.com/bogdan-velscu/FORGE/cmd/forge/pattern.go:91.4,91.23 1 1
github.com/bogdan-velscu/FORGE/cmd/forge/pattern.go:94.3,96.17 2 1
github.com/bogdan-velscu/FORGE/cmd/forge/pattern.go:97.15,98.40 1 1
github.com/bogdan-velscu/FORGE/cmd/forge/pattern.go:99.14,102.31 3 1
github.com/bogdan-velscu/FORGE/cmd/forge/pattern.go:102.31,110.5 1 1
github.com/bogdan-velscu/FORGE/cmd/forge/pattern.go:111.4,111.44 1 1
github.com/bogdan-velscu/FORGE/cmd/forge/pattern.go:112.16,113.14 1 1
github.com/bogdan-velscu/FORGE/cmd/forge/pattern.go:114.11,117.31 3 1
github.com/bogdan-velscu/FORGE/cmd/forge/pattern.go:117.31,125.5 1 1
github.com/bogdan-velscu/FORGE/cmd/forge/pattern.go:126.4,127.61 2 1
github.com/bogdan-velscu/FORGE/cmd/forge/pattern.go:129.3,129.13 1 1
github.com/bogdan-velscu/FORGE/cmd/forge/pattern.go:139.54,145.17 5 1
github.com/bogdan-velscu/FORGE/cmd/forge/pattern.go:145.17,147.4 1 1
github.com/bogdan-velscu/FORGE/cmd/forge/pattern.go:149.3,152.13 2 1
github.com/bogdan-velscu/FORGE/cmd/forge/pattern.go:152.13,155.4 2 1
github.com/bogdan-velscu/FORGE/cmd/forge/pattern.go:157.3,157.17 1 1
github.com/bogdan-velscu/FORGE/cmd/forge/pattern.go:158.15,159.39 1 1
github.com/bogdan-velscu/FORGE/cmd/forge/pattern.go:160.23,161.14 1 1
github.com/bogdan-velscu/FORGE/cmd/forge/pattern.go:162.11,175.28 13 1
github.com/bogdan-velscu/FORGE/cmd/forge/pattern.go:177.3,177.13 1 1
github.com/bogdan-velscu/FORGE/cmd/forge/pattern.go:183.30,185.21 2 1
github.com/bogdan-velscu/FORGE/cmd/forge/pattern.go:185.21,187.3 1 1
github.com/bogdan-velscu/FORGE/cmd/forge/pattern.go:188.2,188.21 1 1
github.com/bogdan-velscu/FORGE/cmd/forge/pattern.go:188.21,190.3 1 1
github.com/bogdan-velscu/FORGE/cmd/forge/pattern.go:191.2,191.26 1 0
github.com/bogdan-velscu/FORGE/cmd/forge/pattern.go:194.40,202.56 4 1
github.com/bogdan-velscu/FORGE/cmd/forge/pattern.go:202.56,203.57 1 1
github.com/bogdan-velscu/FORGE/cmd/forge/pattern.go:203.57,205.4 1 1
github.com/bogdan-velscu/FORGE/cmd/forge/pattern.go:209.2,209.34 1 1
github.com/bogdan-velscu/FORGE/cmd/forge/pattern.go:212.47,214.16 2 1
github.com/bogdan-velscu/FORGE/cmd/forge/pattern.go:214.16,216.3 1 0
github.com/bogdan-velscu/FORGE/cmd/forge/pattern.go:218.2,218.29 1 1
github.com/bogdan-velscu/FORGE/cmd/forge/pattern.go:218.29,219.67 1 1
github.com/bogdan-velscu/FORGE/cmd/forge/pattern.go:219.67,221.4 1 1
github.com/bogdan-velscu/FORGE/cmd/forge/pattern.go:224.2,224.53 1 1
github.com/bogdan-velscu/FORGE/cmd/forge/pattern.go:227.37,368.2 1 1
github.com/bogdan-velscu/FORGE/cmd/forge/pattern.go:371.50,372.22 1 1
github.com/bogdan-velscu/FORGE/cmd/forge/pattern.go:372.22,374.3 1 1
github.com/bogdan-velscu/FORGE/cmd/forge/pattern.go:375.2,375.29 1 1
github.com/bogdan-velscu/FORGE/cmd/forge/pattern.go:378.13,388.2 5 1
github.com/bogdan-velscu/FORGE/cmd/forge/project.go:24.54,33.17 7 1
github.com/bogdan-velscu/FORGE/cmd/forge/project.go:33.17,35.4 1 0
github.com/bogdan-velscu/FORGE/cmd/forge/project.go:37.3,38.67 2 1
github.com/bogdan-velscu/FORGE/cmd/forge/project.go:38.67,40.4 1 0
github.com/bogdan-velscu/FORGE/cmd/forge/project.go:42.3,42.24 1 1
github.com/bogdan-velscu/FORGE/cmd/forge/project.go:42.24,44.4 1 1
github.com/bogdan-velscu/FORGE/cmd/forge/project.go:45.3,45.13 1 1
github.com/bogdan-velscu/FORGE/cmd/forge/project.go:55.54,64.17 7 1
github.com/bogdan-velscu/FORGE/cmd/forge/project.go:64.17,66.4 1 1
github.com/bogdan-velscu/FORGE/cmd/forge/project.go:68.3,69.42 2 1
github.com/bogdan-velscu/FORGE/cmd/forge/project.go:78.54,86.33 7 1
github.com/bogdan-velscu/FORGE/cmd/forge/project.go:86.33,88.4 1 1
github.com/bogdan-velscu/FORGE/cmd/forge/project.go:89.3,89.16 1 0
github.com/bogdan-velscu/FORGE/cmd/forge/project.go:89.16,91.4 1 0
github.com/bogdan-velscu/FORGE/cmd/forge/project.go:93.3,106.17 6 0
github.com/bogdan-velscu/FORGE/cmd/forge/project.go:106.17,108.4 1 0
github.com/bogdan-velscu/FORGE/cmd/forge/project.go:110.3,111.23 2 0
github.com/bogdan-velscu/FORGE/cmd/forge/project.go:111.23,113.4 1 0
github.com/bogdan-velscu/FORGE/cmd/forge/project.go:114.3,115.13 2 0
github.com/bogdan-velscu/FORGE/cmd/forge/project.go:119.13,134.2 9 1
github.com/bogdan-velscu/FORGE/cmd/forge/queue.go:54.54,63.19 6 1
github.com/bogdan-velscu/FORGE/cmd/forge/queue.go:63.19,65.4 1 1
github.com/bogdan-velscu/FORGE/cmd/forge/queue.go:66.3,66.21 1 1
github.com/bogdan-velscu/FORGE/cmd/forge/queue.go:66.21,68.4 1 1
github.com/bogdan-velscu/FORGE/cmd/forge/queue.go:69.3,69.17 1 1
github.com/bogdan-velscu/FORGE/cmd/forge/queue.go:69.17,71.4 1 1
github.com/bogdan-velscu/FORGE/cmd/forge/queue.go:73.3,74.59 2 1
github.com/bogdan-velscu/FORGE/cmd/forge/queue.go:74.59,76.4 1 0
github.com/bogdan-velscu/FORGE/cmd/forge/queue.go:78.3,78.24 1 1
github.com/bogdan-velscu/FORGE/cmd/forge/queue.go:78.24,80.4 1 1
github.com/bogdan-velscu/FORGE/cmd/forge/queue.go:81.3,81.13 1 1
github.com/bogdan-velscu/FORGE/cmd/forge/queue.go:90.54,98.3 5 1
github.com/bogdan-velscu/FORGE/cmd/forge/queue.go:107.54,113.24 5 1
github.com/bogdan-velscu/FORGE/cmd/forge/queue.go:113.24,114.29 1 1
github.com/bogdan-velscu/FORGE/cmd/forge/queue.go:114.29,116.10 2 1
github.com/bogdan-velscu/FORGE/cmd/forge/queue.go:120.3,120.18 1 1
github.com/bogdan-velscu/FORGE/cmd/forge/queue.go:120.18,122.83 1 1
github.com/bogdan-velscu/FORGE/cmd/forge/queue.go:122.83,124.31 2 1
github.com/bogdan-velscu/FORGE/cmd/forge/queue.go:124.31,125.36 1 1
github.com/bogdan-velscu/FORGE/cmd/forge/queue.go:125.36,127.12 2 1
github.com/bogdan-velscu/FORGE/cmd/forge/queue.go:133.3,133.18 1 1
github.com/bogdan-velscu/FORGE/cmd/forge/queue.go:133.18,134.80 1 1
github.com/bogdan-velscu/FORGE/cmd/forge/queue.go:134.80,135.34 1 1
github.com/bogdan-velscu/FORGE/cmd/forge/queue.go:135.34,136.39 1 1
github.com/bogdan-velscu/FORGE/cmd/forge/queue.go:136.39,138.12 2 0
github.com/bogdan-velscu/FORGE/cmd/forge/queue.go:144.3,144.71 1 1
github.com/bogdan-velscu/FORGE/cmd/forge/queue.go:144.71,152.4 1 0
github.com/bogdan-velscu/FORGE/cmd/forge/queue.go:154.3,154.18 1 1
github.com/bogdan-velscu/FORGE/cmd/forge/queue.go:154.18,156.4 1 1
github.com/bogdan-velscu/FORGE/cmd/forge/queue.go:158.3,159.47 2 1
github.com/bogdan-velscu/FORGE/cmd/forge/queue.go:168.54,172.21 3 1
github.com/bogdan-velscu/FORGE/cmd/forge/queue.go:172.21,174.4 1 1
github.com/bogdan-velscu/FORGE/cmd/forge/queue.go:176.3,177.17 2 1
github.com/bogdan-velscu/FORGE/cmd/forge/queue.go:177.17,179.4 1 1
github.com/bogdan-velscu/FORGE/cmd/forge/queue.go:182.3,185.23 3 1
github.com/bogdan-velscu/FORGE/cmd/forge/queue.go:185.23,187.4 1 0
github.com/bogdan-velscu/FORGE/cmd/forge/queue.go:188.3,190.13 3 1
github.com/bogdan-velscu/FORGE/cmd/forge/queue.go:199.54,203.16 3 1
github.com/bogdan-velscu/FORGE/cmd/forge/queue.go:203.16,205.4 1 1
github.com/bogdan-velscu/FORGE/cmd/forge/queue.go:207.3,208.17 2 1
github.com/bogdan-velscu/FORGE/cmd/forge/queue.go:208.17,210.4 1 1
github.com/bogdan-velscu/FORGE/cmd/forge/queue.go:212.3,213.23 2 1
github.com/bogdan-velscu/FORGE/cmd/forge/queue.go:213.23,215.4 1 0
github.com/bogdan-velscu/FORGE/cmd/forge/queue.go:216.3,217.13 2 1
github.com/bogdan-velscu/FORGE/cmd/forge/queue.go:225.54,236.14 7 0
github.com/bogdan-velscu/FORGE/cmd/forge/queue.go:236.14,238.33 2 0
github.com/bogdan-velscu/FORGE/cmd/forge/queue.go:238.33,241.5 2 0
github.com/bogdan-velscu/FORGE/cmd/forge/queue.go:245.3,246.17 2 0
github.com/bogdan-velscu/FORGE/cmd/forge/queue.go:246.17,248.4 1 0
github.com/bogdan-velscu/FORGE/cmd/forge/queue.go:250.3,251.34 2 0
github.com/bogdan-velscu/FORGE/cmd/forge/queue.go:251.34,253.52 2 0
github.com/bogdan-velscu/FORGE/cmd/forge/queue.go:253.52,255.5 1 0
github.com/bogdan-velscu/FORGE/cmd/forge/queue.go:258.3,258.24 1 0
github.com/bogdan-velscu/FORGE/cmd/forge/queue.go:258.24,261.4 2 0
github.com/bogdan-velscu/FORGE/cmd/forge/queue.go:263.3,263.13 1 0
github.com/bogdan-velscu/FORGE/cmd/forge/queue.go:263.13,265.41 2 0
github.com/bogdan-velscu/FORGE/cmd/forge/queue.go:265.41,266.32 1 0
github.com/bogdan-velscu/FORGE/cmd/forge/queue.go:266.32,268.6 1 0
github.com/bogdan-velscu/FORGE/cmd/forge/queue.go:270.4,270.14 1 0
github.com/bogdan-velscu/FORGE/cmd/forge/queue.go:273.3,274.30 2 0
github.com/bogdan-velscu/FORGE/cmd/forge/queue.go:274.30,275.53 1 0
github.com/bogdan-velscu/FORGE/cmd/forge/queue.go:275.53,277.13 2 0
github.com/bogdan-velscu/FORGE/cmd/forge/queue.go:279.4,279.13 1 0
github.com/bogdan-velscu/FORGE/cmd/forge/queue.go:282.3,283.13 2 0
github.com/bogdan-velscu/FORGE/cmd/forge/queue.go:300.43,306.16 5 1
github.com/bogdan-velscu/FORGE/cmd/forge/queue.go:306.16,309.3 1 0
github.com/bogdan-velscu/FORGE/cmd/forge/queue.go:311.2,312.33 2 1
github.com/bogdan-velscu/FORGE/cmd/forge/queue.go:312.33,314.29 2 1
github.com/bogdan-velscu/FORGE/cmd/forge/queue.go:314.29,316.4 1 0
github.com/bogdan-velscu/FORGE/cmd/forge/queue.go:316.9,316.32 1 1
github.com/bogdan-velscu/FORGE/cmd/forge/queue.go:316.32,318.4 1 1
github.com/bogdan-velscu/FORGE/cmd/forge/queue.go:319.3,320.17 2 1
github.com/bogdan-velscu/FORGE/cmd/forge/queue.go:320.17,322.4 1 0
github.com/bogdan-velscu/FORGE/cmd/forge/queue.go:323.3,331.5 1 1
github.com/bogdan-velscu/FORGE/cmd/forge/queue.go:333.2,333.14 1 1
github.com/bogdan-velscu/FORGE/cmd/forge/queue.go:337.70,339.29 2 1
github.com/bogdan-velscu/FORGE/cmd/forge/queue.go:339.29,340.22 1 1
github.com/bogdan-velscu/FORGE/cmd/forge/queue.go:341.17,342.18 1 1
github.com/bogdan-velscu/FORGE/cmd/forge/queue.go:343.21,344.22 1 0
github.com/bogdan-velscu/FORGE/cmd/forge/queue.go:345.18,346.19 1 0
github.com/bogdan-velscu/FORGE/cmd/forge/queue.go:347.18,348.19 1 0
github.com/bogdan-velscu/FORGE/cmd/forge/queue.go:349.20,350.21 1 1
github.com/bogdan-velscu/FORGE/cmd/forge/queue.go:351.17,352.18 1 0
github.com/bogdan-velscu/FORGE/cmd/forge/queue.go:353.19,354.20 1 0
github.com/bogdan-velscu/FORGE/cmd/forge/queue.go:357.2,357.14 1 1
github.com/bogdan-velscu/FORGE/cmd/forge/queue.go:361.85,363.29 2 1
github.com/bogdan-velscu/FORGE/cmd/forge/queue.go:363.29,364.45 1 1
github.com/bogdan-velscu/FORGE/cmd/forge/queue.go:364.45,366.4 1 1
github.com/bogdan-velscu/FORGE/cmd/forge/queue.go:368.2,368.17 1 1
github.com/bogdan-velscu/FORGE/cmd/forge/queue.go:372.89,374.29 2 1
github.com/bogdan-velscu/FORGE/cmd/forge/queue.go:374.29,375.49 1 1
github.com/bogdan-velscu/FORGE/cmd/forge/queue.go:375.49,377.4 1 1
github.com/bogdan-velscu/FORGE/cmd/forge/queue.go:379.2,379.17 1 1
github.com/bogdan-velscu/FORGE/cmd/forge/queue.go:383.81,385.29 2 1
github.com/bogdan-velscu/FORGE/cmd/forge/queue.go:385.29,386.41 1 1
github.com/bogdan-velscu/FORGE/cmd/forge/queue.go:386.41,388.4 1 1
github.com/bogdan-velscu/FORGE/cmd/forge/queue.go:390.2,390.17 1 1
github.com/bogdan-velscu/FORGE/cmd/forge/queue.go:410.51,412.16 2 1
github.com/bogdan-velscu/FORGE/cmd/forge/queue.go:412.16,414.3 1 1
github.com/bogdan-velscu/FORGE/cmd/forge/queue.go:416.2,417.60 2 1
github.com/bogdan-velscu/FORGE/cmd/forge/queue.go:417.60,419.3 1 1
github.com/bogdan-velscu/FORGE/cmd/forge/queue.go:421.2,421.35 1 1
github.com/bogdan-velscu/FORGE/cmd/forge/queue.go:425.75,427.29 2 1
github.com/bogdan-velscu/FORGE/cmd/forge/queue.go:427.29,437.3 1 1
github.com/bogdan-velscu/FORGE/cmd/forge/queue.go:438.2,438.14 1 1
github.com/bogdan-velscu/FORGE/cmd/forge/queue.go:442.66,446.16 3 1
github.com/bogdan-velscu/FORGE/cmd/forge/queue.go:446.16,448.3 1 1
github.com/bogdan-velscu/FORGE/cmd/forge/queue.go:450.2,450.32 1 1
github.com/bogdan-velscu/FORGE/cmd/forge/queue.go:450.32,451.63 1 1
github.com/bogdan-velscu/FORGE/cmd/forge/queue.go:451.63,452.12 1 1
github.com/bogdan-velscu/FORGE/cmd/forge/queue.go:455.3,457.17 3 1
github.com/bogdan-velscu/FORGE/cmd/forge/queue.go:457.17,458.12 1 0
github.com/bogdan-velscu/FORGE/cmd/forge/queue.go:462.3,464.30 3 1
github.com/bogdan-velscu/FORGE/cmd/forge/queue.go:464.30,465.37 1 1
github.com/bogdan-velscu/FORGE/cmd/forge/queue.go:465.37,467.10 2 1
github.com/bogdan-velscu/FORGE/cmd/forge/queue.go:472.3,473.19 2 1
github.com/bogdan-velscu/FORGE/cmd/forge/queue.go:473.19,475.4 1 1
github.com/bogdan-velscu/FORGE/cmd/forge/queue.go:477.3,483.5 1 1
github.com/bogdan-velscu/FORGE/cmd/forge/queue.go:486.2,486.19 1 1
github.com/bogdan-velscu/FORGE/cmd/forge/queue.go:489.13,511.2 12 1
github.com/bogdan-velscu/FORGE/cmd/forge/task.go:58.54,69.17 9 1
github.com/bogdan-velscu/FORGE/cmd/forge/task.go:69.17,71.4 1 1
github.com/bogdan-velscu/FORGE/cmd/forge/task.go:73.3,74.61 2 1
github.com/bogdan-velscu/FORGE/cmd/forge/task.go:74.61,76.4 1 0
github.com/bogdan-velscu/FORGE/cmd/forge/task.go:78.3,78.24 1 1
github.com/bogdan-velscu/FORGE/cmd/forge/task.go:78.24,80.4 1 1
github.com/bogdan-velscu/FORGE/cmd/forge/task.go:81.3,81.13 1 1
github.com/bogdan-velscu/FORGE/cmd/forge/task.go:91.54,100.17 7 0
github.com/bogdan-velscu/FORGE/cmd/forge/task.go:100.17,102.4 1 0
github.com/bogdan-velscu/FORGE/cmd/forge/task.go:104.3,105.36 2 0
github.com/bogdan-velscu/FORGE/cmd/forge/task.go:114.54,125.18 10 1
github.com/bogdan-velscu/FORGE/cmd/forge/task.go:125.18,127.4 1 1
github.com/bogdan-velscu/FORGE/cmd/forge/task.go:130.3,131.32 2 0
github.com/bogdan-velscu/FORGE/cmd/forge/task.go:131.32,133.23 2 0
github.com/bogdan-velscu/FORGE/cmd/forge/task.go:133.23,135.5 1 0
github.com/bogdan-velscu/FORGE/cmd/forge/task.go:136.4,136.23 1 0
github.com/bogdan-velscu/FORGE/cmd/forge/task.go:136.23,138.5 1 0
github.com/bogdan-velscu/FORGE/cmd/forge/task.go:139.4,139.33 1 0
github.com/bogdan-velscu/FORGE/cmd/forge/task.go:141.3,141.17 1 0
github.com/bogdan-velscu/FORGE/cmd/forge/task.go:141.17,142.23 1 0
github.com/bogdan-velscu/FORGE/cmd/forge/task.go:142.23,144.5 1 0
github.com/bogdan-velscu/FORGE/cmd/forge/task.go:145.4,145.27 1 0
github.com/bogdan-velscu/FORGE/cmd/forge/task.go:148.3,163.17 6 0
github.com/bogdan-velscu/FORGE/cmd/forge/task.go:163.17,165.4 1 0
github.com/bogdan-velscu/FORGE/cmd/forge/task.go:167.3,168.23 2 0
github.com/bogdan-velscu/FORGE/cmd/forge/task.go:168.23,170.4 1 0
github.com/bogdan-velscu/FORGE/cmd/forge/task.go:171.3,172.13 2 0
github.com/bogdan-velscu/FORGE/cmd/forge/task.go:182.54,192.35 7 0
github.com/bogdan-velscu/FORGE/cmd/forge/task.go:192.35,195.4 2 0
github.com/bogdan-velscu/FORGE/cmd/forge/task.go:196.3,196.41 1 0
github.com/bogdan-velscu/FORGE/cmd/forge/task.go:196.41,199.4 2 0
github.com/bogdan-velscu/FORGE/cmd/forge/task.go:200.3,200.38 1 0
github.com/bogdan-velscu/FORGE/cmd/forge/task.go:200.38,203.4 2 0
github.com/bogdan-velscu/FORGE/cmd/forge/task.go:204.3,204.36 1 0
github.com/bogdan-velscu/FORGE/cmd/forge/task.go:204.36,207.4 2 0
github.com/bogdan-velscu/FORGE/cmd/forge/task.go:209.3,210.17 2 0
github.com/bogdan-velscu/FORGE/cmd/forge/task.go:210.17,212.4 1 0
github.com/bogdan-velscu/FORGE/cmd/forge/task.go:214.3,215.23 2 0
github.com/bogdan-velscu/FORGE/cmd/forge/task.go:215.23,217.4 1 0
github.com/bogdan-velscu/FORGE/cmd/forge/task.go:218.3,219.13 2 0
github.com/bogdan-velscu/FORGE/cmd/forge/task.go:229.54,234.13 4 0
github.com/bogdan-velscu/FORGE/cmd/forge/task.go:234.13,238.42 4 0
github.com/bogdan-velscu/FORGE/cmd/forge/task.go:238.42,241.5 2 0
github.com/bogdan-velscu/FORGE/cmd/forge/task.go:244.3,248.56 4 0
github.com/bogdan-velscu/FORGE/cmd/forge/task.go:248.56,250.4 1 0
github.com/bogdan-velscu/FORGE/cmd/forge/task.go:252.3,253.44 2 0
github.com/bogdan-velscu/FORGE/cmd/forge/task.go:253.44,255.4 1 0
github.com/bogdan-velscu/FORGE/cmd/forge/task.go:256.3,256.13 1 0
github.com/bogdan-velscu/FORGE/cmd/forge/task.go:266.54,271.20 4 1
github.com/bogdan-velscu/FORGE/cmd/forge/task.go:271.20,274.21 2 1
github.com/bogdan-velscu/FORGE/cmd/forge/task.go:274.21,276.5 1 1
github.com/bogdan-velscu/FORGE/cmd/forge/task.go:279.3,284.17 5 0
github.com/bogdan-velscu/FORGE/cmd/forge/task.go:284.17,286.4 1 0
github.com/bogdan-velscu/FORGE/cmd/forge/task.go:288.3,289.23 2 0
github.com/bogdan-velscu/FORGE/cmd/forge/task.go:289.23,291.4 1 0
github.com/bogdan-velscu/FORGE/cmd/forge/task.go:292.3,293.13 2 0
github.com/bogdan-velscu/FORGE/cmd/forge/task.go:303.54,313.17 8 1
github.com/bogdan-velscu/FORGE/cmd/forge/task.go:313.17,315.4 1 1
github.com/bogdan-velscu/FORGE/cmd/forge/task.go:317.3,318.23 2 0
github.com/bogdan-velscu/FORGE/cmd/forge/task.go:318.23,320.4 1 0
github.com/bogdan-velscu/FORGE/cmd/forge/task.go:321.3,322.13 2 0
github.com/bogdan-velscu/FORGE/cmd/forge/task.go:332.54,341.17 7 0
github.com/bogdan-velscu/FORGE/cmd/forge/task.go:341.17,343.4 1 0
github.com/bogdan-velscu/FORGE/cmd/forge/task.go:344.3,345.29 2 0
github.com/bogdan-velscu/FORGE/cmd/forge/task.go:345.29,347.4 1 0
github.com/bogdan-velscu/FORGE/cmd/forge/task.go:348.3,348.29 1 0
github.com/bogdan-velscu/FORGE/cmd/forge/task.go:348.29,350.4 1 0
github.com/bogdan-velscu/FORGE/cmd/forge/task.go:352.3,354.13 3 0
github.com/bogdan-velscu/FORGE/cmd/forge/task.go:358.13,398.2 26 1
github.com/bogdan-velscu/FORGE/cmd/forge/worker.go:46.47,48.16 2 1
github.com/bogdan-velscu/FORGE/cmd/forge/worker.go:48.16,50.3 1 1
github.com/bogdan-velscu/FORGE/cmd/forge/worker.go:51.2,51.13 1 1
github.com/bogdan-velscu/FORGE/cmd/forge/worker.go:57.46,59.18 2 1
github.com/bogdan-velscu/FORGE/cmd/forge/worker.go:59.18,61.3 1 1
github.com/bogdan-velscu/FORGE/cmd/forge/worker.go:62.2,62.52 1 1
github.com/bogdan-velscu/FORGE/cmd/forge/worker.go:71.13,76.2 4 1
github.com/bogdan-velscu/FORGE/cmd/forge/worker.go:82.54,89.21 6 1
github.com/bogdan-velscu/FORGE/cmd/forge/worker.go:89.21,92.22 2 0
github.com/bogdan-velscu/FORGE/cmd/forge/worker.go:92.22,94.5 1 0
github.com/bogdan-velscu/FORGE/cmd/forge/worker.go:98.3,98.28 1 1
github.com/bogdan-velscu/FORGE/cmd/forge/worker.go:98.28,99.51 1 1
github.com/bogdan-velscu/FORGE/cmd/forge/worker.go:99.51,101.5 1 0
github.com/bogdan-velscu/FORGE/cmd/forge/worker.go:101.10,101.25 1 1
github.com/bogdan-velscu/FORGE/cmd/forge/worker.go:101.25,103.5 1 1
github.com/bogdan-velscu/FORGE/cmd/forge/worker.go:103.10,105.5 1 0
github.com/bogdan-velscu/FORGE/cmd/forge/worker.go:108.3,112.32 3 1
github.com/bogdan-velscu/FORGE/cmd/forge/worker.go:112.32,114.4 1 1
github.com/bogdan-velscu/FORGE/cmd/forge/worker.go:117.3,125.17 2 0
github.com/bogdan-velscu/FORGE/cmd/forge/worker.go:125.17,127.4 1 0
github.com/bogdan-velscu/FORGE/cmd/forge/worker.go:130.3,130.42 1 0
github.com/bogdan-velscu/FORGE/cmd/forge/worker.go:138.54,141.28 2 0
github.com/bogdan-velscu/FORGE/cmd/forge/worker.go:141.28,144.18 2 0
github.com/bogdan-velscu/FORGE/cmd/forge/worker.go:144.18,146.5 1 0
github.com/bogdan-velscu/FORGE/cmd/forge/worker.go:148.4,148.25 1 0
github.com/bogdan-velscu/FORGE/cmd/forge/worker.go:148.25,151.5 2 0
github.com/bogdan-velscu/FORGE/cmd/forge/worker.go:153.4,153.37 1 0
github.com/bogdan-velscu/FORGE/cmd/forge/worker.go:153.37,155.48 2 0
github.com/bogdan-velscu/FORGE/cmd/forge/worker.go:155.48,157.6 1 0
github.com/bogdan-velscu/FORGE/cmd/forge/worker.go:159.4,159.14 1 0
github.com/bogdan-velscu/FORGE/cmd/forge/worker.go:163.3,165.30 3 0
github.com/bogdan-velscu/FORGE/cmd/forge/worker.go:176.62,179.16 3 1
github.com/bogdan-velscu/FORGE/cmd/forge/worker.go:179.16,180.25 1 1
github.com/bogdan-velscu/FORGE/cmd/forge/worker.go:180.25,182.4 1 1
github.com/bogdan-velscu/FORGE/cmd/forge/worker.go:183.3,183.93 1 0
github.com/bogdan-velscu/FORGE/cmd/forge/worker.go:186.2,187.76 2 0
github.com/bogdan-velscu/FORGE/cmd/forge/worker.go:187.76,189.3 1 0
github.com/bogdan-velscu/FORGE/cmd/forge/worker.go:191.2,191.33 1 0
github.com/bogdan-velscu/FORGE/cmd/forge/worker.go:191.33,193.3 1 0
github.com/bogdan-velscu/FORGE/cmd/forge/worker.go:194.2,194.96 1 0
github.com/bogdan-velscu/FORGE/cmd/forge/worker.go:197.45,199.21 2 1
github.com/bogdan-velscu/FORGE/cmd/forge/worker.go:199.21,201.3 1 0
github.com/bogdan-velscu/FORGE/cmd/forge/worker.go:203.2,204.21 2 1
github.com/bogdan-velscu/FORGE/cmd/forge/worker.go:204.21,206.3 1 1
github.com/bogdan-velscu/FORGE/cmd/forge/worker.go:206.8,208.3 1 0
github.com/bogdan-velscu/FORGE/cmd/forge/worker.go:210.2,211.16 2 1
github.com/bogdan-velscu/FORGE/cmd/forge/worker.go:211.16,212.25 1 1
github.com/bogdan-velscu/FORGE/cmd/forge/worker.go:212.25,214.4 1 1
github.com/bogdan-velscu/FORGE/cmd/forge/worker.go:215.3,215.18 1 0
github.com/bogdan-velscu/FORGE/cmd/forge/worker.go:218.2,219.32 2 0
github.com/bogdan-velscu/FORGE/cmd/forge/worker.go:219.32,220.20 1 0
github.com/bogdan-velscu/FORGE/cmd/forge/worker.go:220.20,221.12 1 0
github.com/bogdan-velscu/FORGE/cmd/forge/worker.go:223.3,223.43 1 0
github.com/bogdan-velscu/FORGE/cmd/forge/worker.go:223.43,224.12 1 0
github.com/bogdan-velscu/FORGE/cmd/forge/worker.go:226.3,226.62 1 0
github.com/bogdan-velscu/FORGE/cmd/forge/worker.go:228.2,229.17 2 0
github.com/bogdan-velscu/FORGE/cmd/forge/worker.go:232.36,233.16 1 1
github.com/bogdan-velscu/FORGE/cmd/forge/worker.go:233.16,235.3 1 1
github.com/bogdan-velscu/FORGE/cmd/forge/worker.go:237.2,238.11 2 1
github.com/bogdan-velscu/FORGE/cmd/forge/worker.go:238.11,240.3 1 1
github.com/bogdan-velscu/FORGE/cmd/forge/worker.go:242.2,243.9 2 1
github.com/bogdan-velscu/FORGE/cmd/forge/worker.go:244.17,245.38 1 1
github.com/bogdan-velscu/FORGE/cmd/forge/worker.go:246.19,247.41 1 1
github.com/bogdan-velscu/FORGE/cmd/forge/worker.go:248.20,249.43 1 1
github.com/bogdan-velscu/FORGE/cmd/forge/worker.go:250.10,251.44 1 1
github.com/bogdan-velscu/FORGE/cmd/forge/worker.go:259.54,263.21 3 1
github.com/bogdan-velscu/FORGE/cmd/forge/worker.go:263.21,265.18 2 1
github.com/bogdan-velscu/FORGE/cmd/forge/worker.go:265.18,267.5 1 0
github.com/bogdan-velscu/FORGE/cmd/forge/worker.go:269.4,271.47 3 1
github.com/bogdan-velscu/FORGE/cmd/forge/worker.go:271.47,272.43 1 1
github.com/bogdan-velscu/FORGE/cmd/forge/worker.go:272.43,274.6 1 1
github.com/bogdan-velscu/FORGE/cmd/forge/worker.go:277.4,278.32 2 1
github.com/bogdan-velscu/FORGE/cmd/forge/worker.go:278.32,280.5 1 0
github.com/bogdan-velscu/FORGE/cmd/forge/worker.go:281.4,281.31 1 1
github.com/bogdan-velscu/FORGE/cmd/forge/worker.go:281.31,283.5 1 1
github.com/bogdan-velscu/FORGE/cmd/forge/worker.go:285.4,285.23 1 1
github.com/bogdan-velscu/FORGE/cmd/forge/worker.go:285.23,286.25 1 0
github.com/bogdan-velscu/FORGE/cmd/forge/worker.go:286.25,288.6 1 0
github.com/bogdan-velscu/FORGE/cmd/forge/worker.go:288.11,290.6 1 0
github.com/bogdan-velscu/FORGE/cmd/forge/worker.go:291.5,291.15 1 0
github.com/bogdan-velscu/FORGE/cmd/forge/worker.go:294.4,295.26 2 1
github.com/bogdan-velscu/FORGE/cmd/forge/worker.go:295.26,297.5 1 1
github.com/bogdan-velscu/FORGE/cmd/forge/worker.go:298.4,300.33 2 1
github.com/bogdan-velscu/FORGE/cmd/forge/worker.go:300.33,304.22 3 1
github.com/bogdan-velscu/FORGE/cmd/forge/worker.go:304.22,306.6 1 0
github.com/bogdan-velscu/FORGE/cmd/forge/worker.go:306.11,306.32 1 1
github.com/bogdan-velscu/FORGE/cmd/forge/worker.go:306.32,308.6 1 0
github.com/bogdan-velscu/FORGE/cmd/forge/worker.go:308.11,310.6 1 1
github.com/bogdan-velscu/FORGE/cmd/forge/worker.go:312.5,312.25 1 1
github.com/bogdan-velscu/FORGE/cmd/forge/worker.go:312.25,314.14 2 0
github.com/bogdan-velscu/FORGE/cmd/forge/worker.go:317.5,318.12 2 1
github.com/bogdan-velscu/FORGE/cmd/forge/worker.go:318.12,320.14 2 0
github.com/bogdan-velscu/FORGE/cmd/forge/worker.go:323.5,324.21 2 1
github.com/bogdan-velscu/FORGE/cmd/forge/worker.go:324.21,326.6 1 0
github.com/bogdan-velscu/FORGE/cmd/forge/worker.go:327.5,327.100 1 1
github.com/bogdan-velscu/FORGE/cmd/forge/worker.go:330.4,330.14 1 1
github.com/bogdan-velscu/FORGE/cmd/forge/worker.go:333.3,337.20 4 0
github.com/bogdan-velscu/FORGE/cmd/forge/worker.go:337.20,339.4 1 0
github.com/bogdan-velscu/FORGE/cmd/forge/worker.go:341.3,342.17 2 0
github.com/bogdan-velscu/FORGE/cmd/forge/worker.go:342.17,344.36 2 0
github.com/bogdan-velscu/FORGE/cmd/forge/worker.go:344.36,347.5 2 0
github.com/bogdan-velscu/FORGE/cmd/forge/worker.go:348.4,349.14 2 0
github.com/bogdan-velscu/FORGE/cmd/forge/worker.go:352.3,353.25 2 0
github.com/bogdan-velscu/FORGE/cmd/forge/worker.go:353.25,355.4 1 0
github.com/bogdan-velscu/FORGE/cmd/forge/worker.go:356.3,357.13 2 0
github.com/bogdan-velscu/FORGE/cmd/forge/worker.go:365.54,370.17 4 1
github.com/bogdan-velscu/FORGE/cmd/forge/worker.go:370.17,372.4 1 0
github.com/bogdan-velscu/FORGE/cmd/forge/worker.go:374.3,376.46 3 1
github.com/bogdan-velscu/FORGE/cmd/forge/worker.go:376.46,377.42 1 1
github.com/bogdan-velscu/FORGE/cmd/forge/worker.go:377.42,379.5 1 1
github.com/bogdan-velscu/FORGE/cmd/forge/worker.go:382.3,383.31 2 1
github.com/bogdan-velscu/FORGE/cmd/forge/worker.go:383.31,385.4 1 0
github.com/bogdan-velscu/FORGE/cmd/forge/worker.go:386.3,386.30 1 1
github.com/bogdan-velscu/FORGE/cmd/forge/worker.go:386.30,388.4 1 1
github.com/bogdan-velscu/FORGE/cmd/forge/worker.go:390.3,390.22 1 1
github.com/bogdan-velscu/FORGE/cmd/forge/worker.go:390.22,391.24 1 0
github.com/bogdan-velscu/FORGE/cmd/forge/worker.go:391.24,393.5 1 0
github.com/bogdan-velscu/FORGE/cmd/forge/worker.go:393.10,395.5 1 0
github.com/bogdan-velscu/FORGE/cmd/forge/worker.go:396.4,396.14 1 0
github.com/bogdan-velscu/FORGE/cmd/forge/worker.go:399.3,400.25 2 1
github.com/bogdan-velscu/FORGE/cmd/forge/worker.go:400.25,402.4 1 1
github.com/bogdan-velscu/FORGE/cmd/forge/worker.go:403.3,406.32 3 1
github.com/bogdan-velscu/FORGE/cmd/forge/worker.go:406.32,409.21 3 1
github.com/bogdan-velscu/FORGE/cmd/forge/worker.go:409.21,411.5 1 0
github.com/bogdan-velscu/FORGE/cmd/forge/worker.go:411.10,411.31 1 1
github.com/bogdan-velscu/FORGE/cmd/forge/worker.go:411.31,413.5 1 0
github.com/bogdan-velscu/FORGE/cmd/forge/worker.go:413.10,415.5 1 1
github.com/bogdan-velscu/FORGE/cmd/forge/worker.go:417.4,417.24 1 1
github.com/bogdan-velscu/FORGE/cmd/forge/worker.go:417.24,419.13 2 0
github.com/bogdan-velscu/FORGE/cmd/forge/worker.go:422.4,423.11 2 1
github.com/bogdan-velscu/FORGE/cmd/forge/worker.go:423.11,425.13 2 0
github.com/bogdan-velscu/FORGE/cmd/forge/worker.go:428.4,429.20 2 1
github.com/bogdan-velscu/FORGE/cmd/forge/worker.go:429.20,431.5 1 0
github.com/bogdan-velscu/FORGE/cmd/forge/worker.go:432.4,432.118 1 1
github.com/bogdan-velscu/FORGE/cmd/forge/worker.go:435.3,435.13 1 1
github.com/bogdan-velscu/FORGE/cmd/forge/worker.go:439.13,447.2 6 1
github.com/bogdan-velscu/FORGE/cmd/forge/worker.go:449.44,452.16 3 1
github.com/bogdan-velscu/FORGE/cmd/forge/worker.go:452.16,454.3 1 0
github.com/bogdan-velscu/FORGE/cmd/forge/worker.go:456.2,457.76 2 1
github.com/bogdan-velscu/FORGE/cmd/forge/worker.go:457.76,459.3 1 0
github.com/bogdan-velscu/FORGE/cmd/forge/worker.go:461.2,461.36 1 1
github.com/bogdan-velscu/FORGE/cmd/forge/worker.go:464.47,466.21 2 1
github.com/bogdan-velscu/FORGE/cmd/forge/worker.go:466.21,468.3 1 0
github.com/bogdan-velscu/FORGE/cmd/forge/worker.go:469.2,469.21 1 1
github.com/bogdan-velscu/FORGE/cmd/forge/worker.go:469.21,471.3 1 0
github.com/bogdan-velscu/FORGE/cmd/forge/worker.go:472.2,472.71 1 1
github.com/bogdan-velscu/FORGE/cmd/forge/worker.go:475.47,477.21 2 1
github.com/bogdan-velscu/FORGE/cmd/forge/worker.go:477.21,479.3 1 0
github.com/bogdan-velscu/FORGE/cmd/forge/worker.go:480.2,480.21 1 1
github.com/bogdan-velscu/FORGE/cmd/forge/worker.go:480.21,482.3 1 0
github.com/bogdan-velscu/FORGE/cmd/forge/worker.go:483.2,483.79 1 1
github.com/bogdan-velscu/FORGE/cmd/forge/worker.go:486.45,488.21 2 0
github.com/bogdan-velscu/FORGE/cmd/forge/worker.go:488.21,490.3 1 0
github.com/bogdan-velscu/FORGE/cmd/forge/worker.go:492.2,493.21 2 0
github.com/bogdan-velscu/FORGE/cmd/forge/worker.go:493.21,495.3 1 0
github.com/bogdan-velscu/FORGE/cmd/forge/worker.go:495.8,497.3 1 0
github.com/bogdan-velscu/FORGE/cmd/forge/worker.go:499.2,500.16 2 0
github.com/bogdan-velscu/FORGE/cmd/forge/worker.go:500.16,501.25 1 0
github.com/bogdan-velscu/FORGE/cmd/forge/worker.go:501.25,503.4 1 0
github.com/bogdan-velscu/FORGE/cmd/forge/worker.go:504.3,504.18 1 0
github.com/bogdan-velscu/FORGE/cmd/forge/worker.go:507.2,508.32 2 0
github.com/bogdan-velscu/FORGE/cmd/forge/worker.go:508.32,509.20 1 0
github.com/bogdan-velscu/FORGE/cmd/forge/worker.go:509.20,510.12 1 0
github.com/bogdan-velscu/FORGE/cmd/forge/worker.go:512.3,512.43 1 0
github.com/bogdan-velscu/FORGE/cmd/forge/worker.go:512.43,514.33 2 0
github.com/bogdan-velscu/FORGE/cmd/forge/worker.go:514.33,516.5 1 0
github.com/bogdan-velscu/FORGE/cmd/forge/worker.go:516.10,519.5 1 0
github.com/bogdan-velscu/FORGE/cmd/forge/worker.go:523.2,523.21 1 0
github.com/bogdan-velscu/FORGE/cmd/forge/worker.go:526.40,529.16 3 0
github.com/bogdan-velscu/FORGE/cmd/forge/worker.go:529.16,531.3 1 0
github.com/bogdan-velscu/FORGE/cmd/forge/worker.go:533.2,534.76 2 0
github.com/bogdan-velscu/FORGE/cmd/forge/worker.go:534.76,537.3 2 0
github.com/bogdan-velscu/FORGE/cmd/forge/worker.go:540.2,540.59 1 0
github.com/bogdan-velscu/FORGE/cmd/forge/worker.go:540.59,543.3 1 0
github.com/bogdan-velscu/FORGE/cmd/forge/worker.go:545.2,546.12 2 0
github.com/bogdan-velscu/FORGE/cmd/forge/worker.go:550.44,551.11 1 1
github.com/bogdan-velscu/FORGE/cmd/forge/worker.go:551.11,553.3 1 1
github.com/bogdan-velscu/FORGE/cmd/forge/worker.go:554.2,554.10 1 1
github.com/bogdan-velscu/FORGE/cmd/forge/worker.go:558.67,564.6 5 0
github.com/bogdan-velscu/FORGE/cmd/forge/worker.go:564.6,565.10 1 0
github.com/bogdan-velscu/FORGE/cmd/forge/worker.go:566.21,567.20 1 0
github.com/bogdan-velscu/FORGE/cmd/forge/worker.go:568.11,568.11 0 0
github.com/bogdan-velscu/FORGE/cmd/forge/worker.go:571.3,571.18 1 0
github.com/bogdan-velscu/FORGE/cmd/forge/worker.go:571.18,573.11 2 0
github.com/bogdan-velscu/FORGE/cmd/forge/worker.go:574.31,574.31 0 0
github.com/bogdan-velscu/FORGE/cmd/forge/worker.go:575.22,576.21 1 0
github.com/bogdan-velscu/FORGE/cmd/forge/worker.go:578.4,578.40 1 0
github.com/bogdan-velscu/FORGE/cmd/forge/worker.go:581.3,582.53 2 0
github.com/bogdan-velscu/FORGE/cmd/forge/worker.go:582.53,584.4 1 0
github.com/bogdan-velscu/FORGE/cmd/forge/worker.go:586.3,587.29 2 0
github.com/bogdan-velscu/FORGE/cmd/forge/worker.go:587.29,589.4 1 0
github.com/bogdan-velscu/FORGE/cmd/forge/worker.go:590.3,590.52 1 0
github.com/bogdan-velscu/FORGE/cmd/forge/worker.go:596.71,602.16 4 0
github.com/bogdan-velscu/FORGE/cmd/forge/worker.go:602.16,604.3 1 0
github.com/bogdan-velscu/FORGE/cmd/forge/worker.go:605.2,608.49 2 0
github.com/bogdan-velscu/FORGE/cmd/forge/worker.go:608.49,610.3 1 0
github.com/bogdan-velscu/FORGE/cmd/forge/worker.go:613.2,616.20 3 0
github.com/bogdan-velscu/FORGE/cmd/forge/worker.go:616.20,618.3 1 0
github.com/bogdan-velscu/FORGE/cmd/forge/worker.go:620.2,633.47 2 0
github.com/bogdan-velscu/FORGE/cmd/forge/worker.go:633.47,635.3 1 0
github.com/bogdan-velscu/FORGE/cmd/forge/worker.go:638.2,640.44 3 0
github.com/bogdan-velscu/FORGE/cmd/forge/worker.go:640.44,642.3 1 0
github.com/bogdan-velscu/FORGE/cmd/forge/worker.go:643.2,645.38 2 0
github.com/bogdan-velscu/FORGE/cmd/forge/worker.go:645.38,647.3 1 0
github.com/bogdan-velscu/FORGE/cmd/forge/worker.go:649.2,656.12 5 0
github.com/bogdan-velscu/FORGE/cmd/forge/worker.go:656.12,657.7 1 0
github.com/bogdan-velscu/FORGE/cmd/forge/worker.go:657.7,659.46 2 0
github.com/bogdan-velscu/FORGE/cmd/forge/worker.go:659.46,662.5 2 0
github.com/bogdan-velscu/FORGE/cmd/forge/worker.go:663.4,663.16 1 0
github.com/bogdan-velscu/FORGE/cmd/forge/worker.go:669.2,676.6 6 0
github.com/bogdan-velscu/FORGE/cmd/forge/worker.go:676.6,677.10 1 0
github.com/bogdan-velscu/FORGE/cmd/forge/worker.go:678.21,679.20 1 0
github.com/bogdan-velscu/FORGE/cmd/forge/worker.go:681.18,683.14 2 0
github.com/bogdan-velscu/FORGE/cmd/forge/worker.go:685.23,686.14 1 0
github.com/bogdan-velscu/FORGE/cmd/forge/worker.go:688.23,696.24 2 0
github.com/bogdan-velscu/FORGE/cmd/forge/worker.go:698.23,699.45 1 0
github.com/bogdan-velscu/FORGE/cmd/forge/worker.go:705.82,706.18 1 0
github.com/bogdan-velscu/FORGE/cmd/forge/worker.go:707.14,714.23 2 0
github.com/bogdan-velscu/FORGE/cmd/forge/worker.go:716.23,717.57 1 0
github.com/bogdan-velscu/FORGE/cmd/forge/worker.go:721.50,722.78 1 0
github.com/bogdan-velscu/FORGE/cmd/forge/worker.go:724.10,724.10 0 0
github.com/bogdan-velscu/FORGE/cmd/forge/worker.go:729.58,731.65 2 0
github.com/bogdan-velscu/FORGE/cmd/forge/worker.go:731.65,733.3 1 0
github.com/bogdan-velscu/FORGE/cmd/forge/worker.go:735.2,736.16 2 0
github.com/bogdan-velscu/FORGE/cmd/forge/worker.go:736.16,738.3 1 0
github.com/bogdan-velscu/FORGE/cmd/forge/worker.go:739.2,743.16 3 0
github.com/bogdan-velscu/FORGE/cmd/forge/worker.go:743.16,745.3 1 0
github.com/bogdan-velscu/FORGE/cmd/forge/worker.go:748.2,749.34 2 0
github.com/bogdan-velscu/FORGE/cmd/forge/worker.go:749.34,751.3 1 0
github.com/bogdan-velscu/FORGE/cmd/forge/worker.go:752.2,752.37 1 0
github.com/bogdan-velscu/FORGE/cmd/forge/worker.go:752.37,753.46 1 0
github.com/bogdan-velscu/FORGE/cmd/forge/worker.go:753.46,755.4 1 0
github.com/bogdan-velscu/FORGE/cmd/forge/worker.go:757.2,757.33 1 0
github.com/bogdan-velscu/FORGE/cmd/forge/worker.go:757.33,759.3 1 0
github.com/bogdan-velscu/FORGE/cmd/forge/worker.go:761.2,768.36 5 0
github.com/bogdan-velscu/FORGE/cmd/forge/worker.go:768.36,770.3 1 0
github.com/bogdan-velscu/FORGE/cmd/forge/worker.go:773.2,774.65 2 0
github.com/bogdan-velscu/FORGE/cmd/forge/worker.go:774.65,777.3 2 0
github.com/bogdan-velscu/FORGE/cmd/forge/worker.go:779.2,779.96 1 0
github.com/bogdan-velscu/FORGE/cmd/forge/worker.go:779.96,782.3 2 0
github.com/bogdan-velscu/FORGE/cmd/forge/worker.go:784.2,788.12 3 0
github.com/bogdan-velscu/FORGE/cmd/forge/worker.go:788.12,791.3 2 0
github.com/bogdan-velscu/FORGE/cmd/forge/worker.go:793.2,794.12 2 0
github.com/bogdan-velscu/FORGE/cmd/forge/workflow_dispatch.go:19.38,52.2 10 1
github.com/bogdan-velscu/FORGE/cmd/forge/workflow_dispatch.go:55.36,57.36 2 1
github.com/bogdan-velscu/FORGE/cmd/forge/workflow_dispatch.go:57.36,59.3 1 1
github.com/bogdan-velscu/FORGE/cmd/forge/workflow_dispatch.go:60.2,60.10 1 1
github.com/bogdan-velscu/FORGE/cmd/forge/workflow_dispatch.go:63.63,72.20 7 1
github.com/bogdan-velscu/FORGE/cmd/forge/workflow_dispatch.go:72.20,74.20 1 1
github.com/bogdan-velscu/FORGE/cmd/forge/workflow_dispatch.go:74.20,76.4 1 1
github.com/bogdan-velscu/FORGE/cmd/forge/workflow_dispatch.go:77.3,79.17 3 1
github.com/bogdan-velscu/FORGE/cmd/forge/workflow_dispatch.go:79.17,81.4 1 1
github.com/bogdan-velscu/FORGE/cmd/forge/workflow_dispatch.go:82.3,83.20 2 0
github.com/bogdan-velscu/FORGE/cmd/forge/workflow_dispatch.go:83.20,85.4 1 0
github.com/bogdan-velscu/FORGE/cmd/forge/workflow_dispatch.go:86.8,88.20 1 1
github.com/bogdan-velscu/FORGE/cmd/forge/workflow_dispatch.go:88.20,90.4 1 1
github.com/bogdan-velscu/FORGE/cmd/forge/workflow_dispatch.go:91.3,92.20 2 1
github.com/bogdan-velscu/FORGE/cmd/forge/workflow_dispatch.go:92.20,94.4 1 1
github.com/bogdan-velscu/FORGE/cmd/forge/workflow_dispatch.go:95.3,95.40 1 1
github.com/bogdan-velscu/FORGE/cmd/forge/workflow_dispatch.go:98.2,98.19 1 1
github.com/bogdan-velscu/FORGE/cmd/forge/workflow_dispatch.go:98.19,100.3 1 1
github.com/bogdan-velscu/FORGE/cmd/forge/workflow_dispatch.go:102.2,108.24 5 1
github.com/bogdan-velscu/FORGE/cmd/forge/workflow_dispatch.go:108.24,110.3 1 1
github.com/bogdan-velscu/FORGE/cmd/forge/workflow_dispatch.go:111.2,120.16 3 1
github.com/bogdan-velscu/FORGE/cmd/forge/workflow_dispatch.go:120.16,122.3 1 0
github.com/bogdan-velscu/FORGE/cmd/forge/workflow_dispatch.go:125.2,126.16 2 1
github.com/bogdan-velscu/FORGE/cmd/forge/workflow_dispatch.go:126.16,128.3 1 0
github.com/bogdan-velscu/FORGE/cmd/forge/workflow_dispatch.go:130.2,131.37 2 1
github.com/bogdan-velscu/FORGE/cmd/forge/workflow_dispatch.go:131.37,133.3 1 1
github.com/bogdan-velscu/FORGE/cmd/forge/workflow_dispatch.go:134.2,135.22 2 1
github.com/bogdan-velscu/FORGE/cmd/forge/workflow_dispatch.go:135.22,141.3 1 1
github.com/bogdan-velscu/FORGE/cmd/forge/workflow_dispatch.go:142.2,142.23 1 1
github.com/bogdan-velscu/FORGE/cmd/forge/workflow_dispatch.go:142.23,145.3 2 1
github.com/bogdan-velscu/FORGE/cmd/forge/workflow_dispatch.go:146.2,146.12 1 1
github.com/bogdan-velscu/FORGE/cmd/forge/workflow_dispatch.go:149.63,158.16 7 1
github.com/bogdan-velscu/FORGE/cmd/forge/workflow_dispatch.go:158.16,160.3 1 0
github.com/bogdan-velscu/FORGE/cmd/forge/workflow_dispatch.go:162.2,163.37 2 1
github.com/bogdan-velscu/FORGE/cmd/forge/workflow_dispatch.go:163.37,165.3 1 1
github.com/bogdan-velscu/FORGE/cmd/forge/workflow_dispatch.go:166.2,167.35 2 1
github.com/bogdan-velscu/FORGE/cmd/forge/workflow_fleet.go:98.54,102.17 3 0
github.com/bogdan-velscu/FORGE/cmd/forge/workflow_fleet.go:102.17,104.4 1 0
github.com/bogdan-velscu/FORGE/cmd/forge/workflow_fleet.go:106.3,107.45 2 0
github.com/bogdan-velscu/FORGE/cmd/forge/workflow_fleet.go:122.60,126.16 3 0
github.com/bogdan-velscu/FORGE/cmd/forge/workflow_fleet.go:126.16,128.3 1 0
github.com/bogdan-velscu/FORGE/cmd/forge/workflow_fleet.go:131.2,139.32 3 0
github.com/bogdan-velscu/FORGE/cmd/forge/workflow_fleet.go:139.32,141.31 2 0
github.com/bogdan-velscu/FORGE/cmd/forge/workflow_fleet.go:141.31,143.18 2 0
github.com/bogdan-velscu/FORGE/cmd/forge/workflow_fleet.go:143.18,145.5 1 0
github.com/bogdan-velscu/FORGE/cmd/forge/workflow_fleet.go:146.4,151.6 1 0
github.com/bogdan-velscu/FORGE/cmd/forge/workflow_fleet.go:155.2,155.39 1 0
github.com/bogdan-velscu/FORGE/cmd/forge/workflow_fleet.go:155.39,156.35 1 0
github.com/bogdan-velscu/FORGE/cmd/forge/workflow_fleet.go:156.35,158.4 1 0
github.com/bogdan-velscu/FORGE/cmd/forge/workflow_fleet.go:159.3,159.37 1 0
github.com/bogdan-velscu/FORGE/cmd/forge/workflow_fleet.go:162.2,162.16 1 0
github.com/bogdan-velscu/FORGE/cmd/forge/workflow_fleet.go:163.14,166.26 3 0
github.com/bogdan-velscu/FORGE/cmd/forge/workflow_fleet.go:167.15,168.26 1 0
github.com/bogdan-velscu/FORGE/cmd/forge/workflow_fleet.go:168.26,170.4 1 0
github.com/bogdan-velscu/FORGE/cmd/forge/workflow_fleet.go:171.3,171.13 1 0
github.com/bogdan-velscu/FORGE/cmd/forge/workflow_fleet.go:172.10,176.26 4 0
github.com/bogdan-velscu/FORGE/cmd/forge/workflow_fleet.go:176.26,178.4 1 0
github.com/bogdan-velscu/FORGE/cmd/forge/workflow_fleet.go:179.3,179.36 1 0
github.com/bogdan-velscu/FORGE/cmd/forge/workflow_fleet.go:179.36,181.4 1 0
github.com/bogdan-velscu/FORGE/cmd/forge/workflow_fleet.go:182.3,183.13 2 0
github.com/bogdan-velscu/FORGE/cmd/forge/workflow_fleet.go:188.62,192.16 3 0
github.com/bogdan-velscu/FORGE/cmd/forge/workflow_fleet.go:192.16,194.3 1 0
github.com/bogdan-velscu/FORGE/cmd/forge/workflow_fleet.go:197.2,197.26 1 0
github.com/bogdan-velscu/FORGE/cmd/forge/workflow_fleet.go:197.26,199.17 2 0
github.com/bogdan-velscu/FORGE/cmd/forge/workflow_fleet.go:199.17,201.4 1 0
github.com/bogdan-velscu/FORGE/cmd/forge/workflow_fleet.go:202.3,203.45 2 0
github.com/bogdan-velscu/FORGE/cmd/forge/workflow_fleet.go:206.2,217.32 4 0
github.com/bogdan-velscu/FORGE/cmd/forge/workflow_fleet.go:217.32,219.31 2 0
github.com/bogdan-velscu/FORGE/cmd/forge/workflow_fleet.go:219.31,220.28 1 0
github.com/bogdan-velscu/FORGE/cmd/forge/workflow_fleet.go:220.28,222.5 1 0
github.com/bogdan-velscu/FORGE/cmd/forge/workflow_fleet.go:224.3,231.32 2 0
github.com/bogdan-velscu/FORGE/cmd/forge/workflow_fleet.go:234.2,234.40 1 0
github.com/bogdan-velscu/FORGE/cmd/forge/workflow_fleet.go:234.40,236.3 1 0
github.com/bogdan-velscu/FORGE/cmd/forge/workflow_fleet.go:238.2,238.16 1 0
github.com/bogdan-velscu/FORGE/cmd/forge/workflow_fleet.go:239.14,246.69 4 0
github.com/bogdan-velscu/FORGE/cmd/forge/workflow_fleet.go:247.15,248.27 1 0
github.com/bogdan-velscu/FORGE/cmd/forge/workflow_fleet.go:248.27,250.4 1 0
github.com/bogdan-velscu/FORGE/cmd/forge/workflow_fleet.go:251.3,251.13 1 0
github.com/bogdan-velscu/FORGE/cmd/forge/workflow_fleet.go:252.10,255.27 3 0
github.com/bogdan-velscu/FORGE/cmd/forge/workflow_fleet.go:255.27,257.24 2 0
github.com/bogdan-velscu/FORGE/cmd/forge/workflow_fleet.go:257.24,259.5 1 0
github.com/bogdan-velscu/FORGE/cmd/forge/workflow_fleet.go:260.4,260.26 1 0
github.com/bogdan-velscu/FORGE/cmd/forge/workflow_fleet.go:262.3,262.13 1 0
github.com/bogdan-velscu/FORGE/cmd/forge/workflow_fleet.go:267.65,274.16 6 0
github.com/bogdan-velscu/FORGE/cmd/forge/workflow_fleet.go:274.16,276.3 1 0
github.com/bogdan-velscu/FORGE/cmd/forge/workflow_fleet.go:280.2,282.25 2 0
github.com/bogdan-velscu/FORGE/cmd/forge/workflow_fleet.go:282.25,283.33 1 0
github.com/bogdan-velscu/FORGE/cmd/forge/workflow_fleet.go:283.33,284.32 1 0
github.com/bogdan-velscu/FORGE/cmd/forge/workflow_fleet.go:284.32,285.53 1 0
github.com/bogdan-velscu/FORGE/cmd/forge/workflow_fleet.go:285.53,286.14 1 0
github.com/bogdan-velscu/FORGE/cmd/forge/workflow_fleet.go:288.5,289.19 2 0
github.com/bogdan-velscu/FORGE/cmd/forge/workflow_fleet.go:289.19,291.6 1 0
github.com/bogdan-velscu/FORGE/cmd/forge/workflow_fleet.go:292.5,292.66 1 0
github.com/bogdan-velscu/FORGE/cmd/forge/workflow_fleet.go:298.2,299.76 2 0
github.com/bogdan-velscu/FORGE/cmd/forge/workflow_fleet.go:299.76,302.3 1 0
github.com/bogdan-velscu/FORGE/cmd/forge/workflow_fleet.go:304.2,314.48 3 0
github.com/bogdan-velscu/FORGE/cmd/forge/workflow_fleet.go:318.48,320.21 2 0
github.com/bogdan-velscu/FORGE/cmd/forge/workflow_fleet.go:320.21,322.3 1 0
github.com/bogdan-velscu/FORGE/cmd/forge/workflow_fleet.go:323.2,323.21 1 0
github.com/bogdan-velscu/FORGE/cmd/forge/workflow_fleet.go:323.21,326.3 2 0
github.com/bogdan-velscu/FORGE/cmd/forge/workflow_fleet.go:328.2,330.16 3 0
github.com/bogdan-velscu/FORGE/cmd/forge/workflow_fleet.go:330.16,331.25 1 0
github.com/bogdan-velscu/FORGE/cmd/forge/workflow_fleet.go:331.25,333.4 1 0
github.com/bogdan-velscu/FORGE/cmd/forge/workflow_fleet.go:334.3,334.18 1 0
github.com/bogdan-velscu/FORGE/cmd/forge/workflow_fleet.go:337.2,338.32 2 0
github.com/bogdan-velscu/FORGE/cmd/forge/workflow_fleet.go:338.32,339.65 1 0
github.com/bogdan-velscu/FORGE/cmd/forge/workflow_fleet.go:339.65,340.12 1 0
github.com/bogdan-velscu/FORGE/cmd/forge/workflow_fleet.go:343.3,344.17 2 0
github.com/bogdan-velscu/FORGE/cmd/forge/workflow_fleet.go:344.17,345.12 1 0
github.com/bogdan-velscu/FORGE/cmd/forge/workflow_fleet.go:348.3,349.51 2 0
github.com/bogdan-velscu/FORGE/cmd/forge/workflow_fleet.go:349.51,350.12 1 0
github.com/bogdan-velscu/FORGE/cmd/forge/workflow_fleet.go:354.3,354.22 1 0
github.com/bogdan-velscu/FORGE/cmd/forge/workflow_fleet.go:354.22,356.4 1 0
github.com/bogdan-velscu/FORGE/cmd/forge/workflow_fleet.go:358.3,358.38 1 0
github.com/bogdan-velscu/FORGE/cmd/forge/workflow_fleet.go:361.2,361.45 1 0
github.com/bogdan-velscu/FORGE/cmd/forge/workflow_fleet.go:361.45,363.3 1 0
github.com/bogdan-velscu/FORGE/cmd/forge/workflow_fleet.go:365.2,365.24 1 0
github.com/bogdan-velscu/FORGE/cmd/forge/workflow_fleet.go:370.56,377.16 3 0
github.com/bogdan-velscu/FORGE/cmd/forge/workflow_fleet.go:377.16,379.3 1 0
github.com/bogdan-velscu/FORGE/cmd/forge/workflow_fleet.go:381.2,381.25 1 0
github.com/bogdan-velscu/FORGE/cmd/forge/workflow_fleet.go:381.25,382.33 1 0
github.com/bogdan-velscu/FORGE/cmd/forge/workflow_fleet.go:382.33,384.35 2 0
github.com/bogdan-velscu/FORGE/cmd/forge/workflow_fleet.go:384.35,387.5 2 0
github.com/bogdan-velscu/FORGE/cmd/forge/workflow_fleet.go:389.4,402.40 3 0
github.com/bogdan-velscu/FORGE/cmd/forge/workflow_fleet.go:405.3,407.21 3 0
github.com/bogdan-velscu/FORGE/cmd/forge/workflow_fleet.go:411.2,413.16 3 0
github.com/bogdan-velscu/FORGE/cmd/forge/workflow_fleet.go:413.16,414.25 1 0
github.com/bogdan-velscu/FORGE/cmd/forge/workflow_fleet.go:414.25,416.4 1 0
github.com/bogdan-velscu/FORGE/cmd/forge/workflow_fleet.go:417.3,417.18 1 0
github.com/bogdan-velscu/FORGE/cmd/forge/workflow_fleet.go:420.2,420.32 1 0
github.com/bogdan-velscu/FORGE/cmd/forge/workflow_fleet.go:420.32,421.21 1 0
github.com/bogdan-velscu/FORGE/cmd/forge/workflow_fleet.go:421.21,422.12 1 0
github.com/bogdan-velscu/FORGE/cmd/forge/workflow_fleet.go:425.3,427.17 3 0
github.com/bogdan-velscu/FORGE/cmd/forge/workflow_fleet.go:427.17,428.12 1 0
github.com/bogdan-velscu/FORGE/cmd/forge/workflow_fleet.go:431.3,438.55 2 0
github.com/bogdan-velscu/FORGE/cmd/forge/workflow_fleet.go:438.55,439.12 1 0
github.com/bogdan-velscu/FORGE/cmd/forge/workflow_fleet.go:442.3,451.44 2 0
github.com/bogdan-velscu/FORGE/cmd/forge/workflow_fleet.go:454.2,457.20 3 0
github.com/bogdan-velscu/FORGE/cmd/forge/workflow_fleet.go:461.56,469.16 3 0
github.com/bogdan-velscu/FORGE/cmd/forge/workflow_fleet.go:469.16,471.3 1 0
github.com/bogdan-velscu/FORGE/cmd/forge/workflow_fleet.go:473.2,473.25 1 0
github.com/bogdan-velscu/FORGE/cmd/forge/workflow_fleet.go:473.25,474.33 1 0
github.com/bogdan-velscu/FORGE/cmd/forge/workflow_fleet.go:474.33,478.35 3 0
github.com/bogdan-velscu/FORGE/cmd/forge/workflow_fleet.go:478.35,481.5 2 0
github.com/bogdan-velscu/FORGE/cmd/forge/workflow_fleet.go:483.4,486.23 3 0
github.com/bogdan-velscu/FORGE/cmd/forge/workflow_fleet.go:486.23,494.5 3 0
github.com/bogdan-velscu/FORGE/cmd/forge/workflow_fleet.go:496.4,496.23 1 0
github.com/bogdan-velscu/FORGE/cmd/forge/workflow_fleet.go:496.23,504.5 3 0
github.com/bogdan-velscu/FORGE/cmd/forge/workflow_fleet.go:506.4,506.17 1 0
github.com/bogdan-velscu/FORGE/cmd/forge/workflow_fleet.go:506.17,508.5 1 0
github.com/bogdan-velscu/FORGE/cmd/forge/workflow_fleet.go:510.4,519.6 1 0
github.com/bogdan-velscu/FORGE/cmd/forge/workflow_fleet.go:522.3,523.21 2 0
github.com/bogdan-velscu/FORGE/cmd/forge/workflow_fleet.go:527.2,529.16 3 0
github.com/bogdan-velscu/FORGE/cmd/forge/workflow_fleet.go:529.16,530.25 1 0
github.com/bogdan-velscu/FORGE/cmd/forge/workflow_fleet.go:530.25,532.4 1 0
github.com/bogdan-velscu/FORGE/cmd/forge/workflow_fleet.go:533.3,533.18 1 0
github.com/bogdan-velscu/FORGE/cmd/forge/workflow_fleet.go:536.2,536.32 1 0
github.com/bogdan-velscu/FORGE/cmd/forge/workflow_fleet.go:536.32,537.21 1 0
github.com/bogdan-velscu/FORGE/cmd/forge/workflow_fleet.go:537.21,538.12 1 0
github.com/bogdan-velscu/FORGE/cmd/forge/workflow_fleet.go:541.3,543.48 3 0
github.com/bogdan-velscu/FORGE/cmd/forge/workflow_fleet.go:543.48,544.12 1 0
github.com/bogdan-velscu/FORGE/cmd/forge/workflow_fleet.go:547.3,553.5 2 0
github.com/bogdan-velscu/FORGE/cmd/forge/workflow_fleet.go:556.2,557.20 2 0
github.com/bogdan-velscu/FORGE/cmd/forge/workflow_fleet.go:560.13,573.2 6 1
github.com/bogdan-velscu/FORGE/cmd/forge/workflow_ship.go:42.54,49.20 6 1
github.com/bogdan-velscu/FORGE/cmd/forge/workflow_ship.go:49.20,51.4 1 0
github.com/bogdan-velscu/FORGE/cmd/forge/workflow_ship.go:53.3,55.13 2 1
github.com/bogdan-velscu/FORGE/cmd/forge/workflow_ship.go:55.13,61.15 6 1
github.com/bogdan-velscu/FORGE/cmd/forge/workflow_ship.go:61.15,63.5 1 0
github.com/bogdan-velscu/FORGE/cmd/forge/workflow_ship.go:64.4,64.14 1 1
github.com/bogdan-velscu/FORGE/cmd/forge/workflow_ship.go:68.3,68.18 1 1
github.com/bogdan-velscu/FORGE/cmd/forge/workflow_ship.go:68.18,73.18 3 1
github.com/bogdan-velscu/FORGE/cmd/forge/workflow_ship.go:73.18,75.5 1 0
github.com/bogdan-velscu/FORGE/cmd/forge/workflow_ship.go:76.4,76.19 1 1
github.com/bogdan-velscu/FORGE/cmd/forge/workflow_ship.go:76.19,79.5 2 0
github.com/bogdan-velscu/FORGE/cmd/forge/workflow_ship.go:82.4,82.60 1 1
github.com/bogdan-velscu/FORGE/cmd/forge/workflow_ship.go:82.60,84.5 1 1
github.com/bogdan-velscu/FORGE/cmd/forge/workflow_ship.go:87.4,87.66 1 0
github.com/bogdan-velscu/FORGE/cmd/forge/workflow_ship.go:87.66,89.5 1 0
github.com/bogdan-velscu/FORGE/cmd/forge/workflow_ship.go:92.4,92.60 1 0
github.com/bogdan-velscu/FORGE/cmd/forge/workflow_ship.go:92.60,94.5 1 0
github.com/bogdan-velscu/FORGE/cmd/forge/workflow_ship.go:98.3,99.37 2 0
github.com/bogdan-velscu/FORGE/cmd/forge/workflow_ship.go:99.37,101.4 1 0
github.com/bogdan-velscu/FORGE/cmd/forge/workflow_ship.go:104.3,105.44 2 0
github.com/bogdan-velscu/FORGE/cmd/forge/workflow_ship.go:105.44,107.4 1 0
github.com/bogdan-velscu/FORGE/cmd/forge/workflow_ship.go:110.3,112.41 3 0
github.com/bogdan-velscu/FORGE/cmd/forge/workflow_ship.go:112.41,114.4 1 0
github.com/bogdan-velscu/FORGE/cmd/forge/workflow_ship.go:117.3,117.14 1 0
github.com/bogdan-velscu/FORGE/cmd/forge/workflow_ship.go:117.14,122.4 2 0
github.com/bogdan-velscu/FORGE/cmd/forge/workflow_ship.go:125.3,130.13 5 0
github.com/bogdan-velscu/FORGE/cmd/forge/workflow_ship.go:136.44,139.16 3 1
github.com/bogdan-velscu/FORGE/cmd/forge/workflow_ship.go:139.16,141.3 1 0
github.com/bogdan-velscu/FORGE/cmd/forge/workflow_ship.go:142.2,142.56 1 1
github.com/bogdan-velscu/FORGE/cmd/forge/workflow_ship.go:145.71,149.14 2 1
github.com/bogdan-velscu/FORGE/cmd/forge/workflow_ship.go:150.14,152.29 1 1
github.com/bogdan-velscu/FORGE/cmd/forge/workflow_ship.go:152.29,154.4 1 1
github.com/bogdan-velscu/FORGE/cmd/forge/workflow_ship.go:154.9,154.40 1 0
github.com/bogdan-velscu/FORGE/cmd/forge/workflow_ship.go:154.40,156.4 1 0
github.com/bogdan-velscu/FORGE/cmd/forge/workflow_ship.go:156.9,156.68 1 0
github.com/bogdan-velscu/FORGE/cmd/forge/workflow_ship.go:156.68,158.4 1 0
github.com/bogdan-velscu/FORGE/cmd/forge/workflow_ship.go:158.9,161.4 1 0
github.com/bogdan-velscu/FORGE/cmd/forge/workflow_ship.go:162.20,163.29 1 0
github.com/bogdan-velscu/FORGE/cmd/forge/workflow_ship.go:163.29,165.4 1 0
github.com/bogdan-velscu/FORGE/cmd/forge/workflow_ship.go:165.9,165.40 1 0
github.com/bogdan-velscu/FORGE/cmd/forge/workflow_ship.go:165.40,167.33 1 0
github.com/bogdan-velscu/FORGE/cmd/forge/workflow_ship.go:167.33,169.5 1 0
github.com/bogdan-velscu/FORGE/cmd/forge/workflow_ship.go:169.10,171.5 1 0
github.com/bogdan-velscu/FORGE/cmd/forge/workflow_ship.go:172.9,174.4 1 0
github.com/bogdan-velscu/FORGE/cmd/forge/workflow_ship.go:175.14,176.29 1 0
github.com/bogdan-velscu/FORGE/cmd/forge/workflow_ship.go:176.29,178.4 1 0
github.com/bogdan-velscu/FORGE/cmd/forge/workflow_ship.go:178.9,178.40 1 0
github.com/bogdan-velscu/FORGE/cmd/forge/workflow_ship.go:178.40,179.28 1 0
github.com/bogdan-velscu/FORGE/cmd/forge/workflow_ship.go:179.28,181.5 1 0
github.com/bogdan-velscu/FORGE/cmd/forge/workflow_ship.go:181.10,183.5 1 0
github.com/bogdan-velscu/FORGE/cmd/forge/workflow_ship.go:184.9,184.34 1 0
github.com/bogdan-velscu/FORGE/cmd/forge/workflow_ship.go:184.34,186.4 1 0
github.com/bogdan-velscu/FORGE/cmd/forge/workflow_ship.go:186.9,186.68 1 0
github.com/bogdan-velscu/FORGE/cmd/forge/workflow_ship.go:186.68,188.4 1 0
github.com/bogdan-velscu/FORGE/cmd/forge/workflow_ship.go:188.9,190.4 1 0
github.com/bogdan-velscu/FORGE/cmd/forge/workflow_ship.go:193.2,193.16 1 1
github.com/bogdan-velscu/FORGE/cmd/forge/workflow_ship.go:193.16,195.3 1 0
github.com/bogdan-velscu/FORGE/cmd/forge/workflow_ship.go:197.2,199.16 3 1
github.com/bogdan-velscu/FORGE/cmd/forge/workflow_ship.go:199.16,201.3 1 1
github.com/bogdan-velscu/FORGE/cmd/forge/workflow_ship.go:202.2,203.12 2 0
github.com/bogdan-velscu/FORGE/cmd/forge/workflow_ship.go:206.24,209.2 2 0
github.com/bogdan-velscu/FORGE/cmd/forge/workflow_ship.go:211.38,214.16 3 0
github.com/bogdan-velscu/FORGE/cmd/forge/workflow_ship.go:214.16,216.60 1 0
github.com/bogdan-velscu/FORGE/cmd/forge/workflow_ship.go:216.60,218.4 1 0
github.com/bogdan-velscu/FORGE/cmd/forge/workflow_ship.go:219.3,219.42 1 0
github.com/bogdan-velscu/FORGE/cmd/forge/workflow_ship.go:221.2,221.12 1 0
github.com/bogdan-velscu/FORGE/cmd/forge/workflow_ship.go:224.35,227.16 3 0
github.com/bogdan-velscu/FORGE/cmd/forge/workflow_ship.go:227.16,229.3 1 0
github.com/bogdan-velscu/FORGE/cmd/forge/workflow_ship.go:230.2,230.12 1 0
github.com/bogdan-velscu/FORGE/cmd/forge/workflow_ship.go:233.32,236.16 3 0
github.com/bogdan-velscu/FORGE/cmd/forge/workflow_ship.go:236.16,238.3 1 0
github.com/bogdan-velscu/FORGE/cmd/forge/workflow_ship.go:239.2,239.42 1 0
github.com/bogdan-velscu/FORGE/cmd/forge/workflow_ship.go:242.33,245.16 3 0
github.com/bogdan-velscu/FORGE/cmd/forge/workflow_ship.go:245.16,247.3 1 0
github.com/bogdan-velscu/FORGE/cmd/forge/workflow_ship.go:248.2,248.42 1 0
github.com/bogdan-velscu/FORGE/cmd/forge/workflow_ship.go:251.35,254.2 2 1
github.com/bogdan-velscu/FORGE/cmd/forge/workflow_ship.go:256.39,259.16 2 0
github.com/bogdan-velscu/FORGE/cmd/forge/workflow_ship.go:259.16,261.3 1 0
github.com/bogdan-velscu/FORGE/cmd/forge/workflow_ship.go:262.2,262.55 1 0
github.com/bogdan-velscu/FORGE/cmd/forge/workflow_ship.go:265.13,274.63 5 1
github.com/bogdan-velscu/FORGE/cmd/forge/workflow_ship.go:274.63,277.37 2 1
github.com/bogdan-velscu/FORGE/cmd/forge/workflow_ship.go:277.37,280.4 1 1
github.com/bogdan-velscu/FORGE/cmd/forge/workflow_ship.go:281.3,281.20 1 1
github.com/bogdan-velscu/FORGE/cmd/forge/workflow_ship.go:281.20,283.4 1 1
github.com/bogdan-velscu/FORGE/cmd/forge/workflow_ship.go:286.3,298.43 10 1
github.com/bogdan-velscu/FORGE/cmd/forge/workflow_ship.go:300.2,309.29 6 1
github.com/bogdan-velscu/FORGE/cmd/forge/workflow_work.go:19.34,39.2 5 1
github.com/bogdan-velscu/FORGE/cmd/forge/workflow_work.go:41.13,43.2 1 1
github.com/bogdan-velscu/FORGE/cmd/forge/workflow_work.go:48.47,50.2 1 1
github.com/bogdan-velscu/FORGE/cmd/forge/workflow_work.go:52.28,53.43 1 1
github.com/bogdan-velscu/FORGE/cmd/forge/workflow_work.go:53.43,55.3 1 1
github.com/bogdan-velscu/FORGE/cmd/forge/workflow_work.go:56.2,56.24 1 1
github.com/bogdan-velscu/FORGE/cmd/forge/workflow_work.go:59.55,66.37 6 1
github.com/bogdan-velscu/FORGE/cmd/forge/workflow_work.go:66.37,68.3 1 1
github.com/bogdan-velscu/FORGE/cmd/forge/workflow_work.go:69.2,71.21 3 1
github.com/bogdan-velscu/FORGE/cmd/forge/workflow_work.go:71.21,73.3 1 1
github.com/bogdan-velscu/FORGE/cmd/forge/workflow_work.go:74.2,77.11 2 1
github.com/bogdan-velscu/FORGE/cmd/forge/workflow_work.go:77.11,78.67 1 1
github.com/bogdan-velscu/FORGE/cmd/forge/workflow_work.go:78.67,80.4 1 0
github.com/bogdan-velscu/FORGE/cmd/forge/workflow_work.go:81.3,81.27 1 1
github.com/bogdan-velscu/FORGE/cmd/forge/workflow_work.go:81.27,83.4 1 1
github.com/bogdan-velscu/FORGE/cmd/forge/workflow_work.go:84.3,84.13 1 1
github.com/bogdan-velscu/FORGE/cmd/forge/workflow_work.go:88.2,88.54 1 1
github.com/bogdan-velscu/FORGE/cmd/forge/workflow_work.go:88.54,91.36 3 1
github.com/bogdan-velscu/FORGE/cmd/forge/workflow_work.go:91.36,93.4 1 1
github.com/bogdan-velscu/FORGE/cmd/forge/workflow_work.go:94.3,101.48 3 1
github.com/bogdan-velscu/FORGE/cmd/forge/workflow_work.go:101.48,103.4 1 0
github.com/bogdan-velscu/FORGE/cmd/forge/workflow_work.go:104.3,105.17 2 1
github.com/bogdan-velscu/FORGE/cmd/forge/workflow_work.go:105.17,107.4 1 0
github.com/bogdan-velscu/FORGE/cmd/forge/workflow_work.go:108.3,108.59 1 1
github.com/bogdan-velscu/FORGE/cmd/forge/workflow_work.go:108.59,110.4 1 0
github.com/bogdan-velscu/FORGE/cmd/forge/workflow_work.go:111.3,111.15 1 1
github.com/bogdan-velscu/FORGE/cmd/forge/workflow_work.go:111.15,115.4 3 1
github.com/bogdan-velscu/FORGE/cmd/forge/workflow_work.go:116.3,116.27 1 1
github.com/bogdan-velscu/FORGE/cmd/forge/workflow_work.go:116.27,119.4 2 1
github.com/bogdan-velscu/FORGE/cmd/forge/workflow_work.go:120.3,120.13 1 1
github.com/bogdan-velscu/FORGE/cmd/forge/workflow_work.go:124.2,125.16 2 1
github.com/bogdan-velscu/FORGE/cmd/forge/workflow_work.go:125.16,126.25 1 1
github.com/bogdan-velscu/FORGE/cmd/forge/workflow_work.go:126.25,127.28 1 1
github.com/bogdan-velscu/FORGE/cmd/forge/workflow_work.go:127.28,129.5 1 1
github.com/bogdan-velscu/FORGE/cmd/forge/workflow_work.go:130.4,130.14 1 1
github.com/bogdan-velscu/FORGE/cmd/forge/workflow_work.go:132.3,132.45 1 0
github.com/bogdan-velscu/FORGE/cmd/forge/workflow_work.go:134.2,135.51 2 1
github.com/bogdan-velscu/FORGE/cmd/forge/workflow_work.go:135.51,137.3 1 0
github.com/bogdan-velscu/FORGE/cmd/forge/workflow_work.go:138.2,138.42 1 1
